info: Microsoft.Hosting.Lifetime[14]
      Now listening on: http://127.0.0.1:6407
info: Microsoft.Hosting.Lifetime[0]
      Application started. Press Ctrl+C to shut down.
info: Microsoft.Hosting.Lifetime[0]
      Hosting environment: Development
info: Microsoft.Hosting.Lifetime[0]
      Content root path: C:\repositories\CanDoItAll\tools\CanDoItAll.Manager
info: CanDoItAll.Manager.CapsuleCatalogService[0]
      Capsule refresh complete. Covered 15/158, skipped 1, missing 76, malformed 0.
fail: CanDoItAll.Manager.WatchSupervisorService[0]
      [watch] dotnet watch : Hot reload enabled. For a list of supported edits, see https://aka.ms/dotnet/hot-reload.
fail: CanDoItAll.Manager.WatchSupervisorService[0]
      [watch] dotnet watch : Press Ctrl+R to restart.
fail: CanDoItAll.Manager.WatchSupervisorService[0]
      [watch] dotnet watch : Building C:\repositories\CanDoItAll\src\CanDoItAll.Web\CanDoItAll.Web.csproj ...
info: CanDoItAll.Manager.WatchSupervisorService[0]
      [watch]   Determining projects to restore...
info: CanDoItAll.Manager.WatchSupervisorService[0]
      [watch]   All projects are up-to-date for restore.
info: CanDoItAll.Manager.CapsuleCatalogService[0]
      Capsule refresh complete. Covered 15/158, skipped 1, missing 76, malformed 0.
info: CanDoItAll.Manager.CapsuleCatalogService[0]
      Capsule refresh complete. Covered 15/158, skipped 1, missing 76, malformed 0.
info: CanDoItAll.Manager.WatchSupervisorService[0]
      [watch]   CanDoItAll.SharedKernel -> C:\repositories\CanDoItAll\src\CanDoItAll.SharedKernel\bin\Debug\net10.0\CanDoItAll.SharedKernel.dll
info: CanDoItAll.Manager.WatchSupervisorService[0]
      [watch]   CanDoItAll.Infrastructure -> C:\repositories\CanDoItAll\src\CanDoItAll.Infrastructure\bin\Debug\net10.0\CanDoItAll.Infrastructure.dll
info: CanDoItAll.Manager.WatchSupervisorService[0]
      [watch]   CanDoItAll.Components -> C:\repositories\CanDoItAll\src\CanDoItAll.Components\bin\Debug\net10.0\CanDoItAll.Components.dll
info: CanDoItAll.Manager.CapsuleCatalogService[0]
      Capsule refresh complete. Covered 15/158, skipped 1, missing 76, malformed 0.
info: CanDoItAll.Manager.WatchSupervisorService[0]
      [watch]   CanDoItAll.Modules.Security -> C:\repositories\CanDoItAll\src\CanDoItAll.Modules.Security\bin\Debug\net10.0\CanDoItAll.Modules.Security.dll
info: CanDoItAll.Manager.WatchSupervisorService[0]
      [watch]   CanDoItAll.ComponentKit -> C:\repositories\CanDoItAll\src\CanDoItAll.ComponentKit\bin\Debug\net10.0\CanDoItAll.ComponentKit.dll
info: CanDoItAll.Manager.WatchSupervisorService[0]
      [watch]   CanDoItAll.Modules.Workspace -> C:\repositories\CanDoItAll\src\CanDoItAll.Modules.Workspace\bin\Debug\net10.0\CanDoItAll.Modules.Workspace.dll
info: CanDoItAll.Manager.WatchSupervisorService[0]
      [watch]   CanDoItAll.Modules.Projects -> C:\repositories\CanDoItAll\src\CanDoItAll.Modules.Projects\bin\Debug\net10.0\CanDoItAll.Modules.Projects.dll
info: CanDoItAll.Manager.WatchSupervisorService[0]
      [watch]   CanDoItAll.Modules.Resources -> C:\repositories\CanDoItAll\src\CanDoItAll.Modules.Resources\bin\Debug\net10.0\CanDoItAll.Modules.Resources.dll
info: CanDoItAll.Manager.WatchSupervisorService[0]
      [watch]   CanDoItAll.Modules.Activity -> C:\repositories\CanDoItAll\src\CanDoItAll.Modules.Activity\bin\Debug\net10.0\CanDoItAll.Modules.Activity.dll
info: CanDoItAll.Manager.WatchSupervisorService[0]
      [watch]   CanDoItAll.Modules.Prompts -> C:\repositories\CanDoItAll\src\CanDoItAll.Modules.Prompts\bin\Debug\net10.0\CanDoItAll.Modules.Prompts.dll
info: CanDoItAll.Manager.WatchSupervisorService[0]
      [watch]   CanDoItAll.Modules.Validation -> C:\repositories\CanDoItAll\src\CanDoItAll.Modules.Validation\bin\Debug\net10.0\CanDoItAll.Modules.Validation.dll
info: CanDoItAll.Manager.WatchSupervisorService[0]
      [watch]   CanDoItAll.Modules.Automation -> C:\repositories\CanDoItAll\src\CanDoItAll.Modules.Automation\bin\Debug\net10.0\CanDoItAll.Modules.Automation.dll
info: CanDoItAll.Manager.WatchSupervisorService[0]
      [watch]   CanDoItAll.Modules.TestLab -> C:\repositories\CanDoItAll\src\CanDoItAll.Modules.TestLab\bin\Debug\net10.0\CanDoItAll.Modules.TestLab.dll
info: CanDoItAll.Manager.WatchSupervisorService[0]
      [watch]   CanDoItAll.Modules.Factory -> C:\repositories\CanDoItAll\src\CanDoItAll.Modules.Factory\bin\Debug\net10.0\CanDoItAll.Modules.Factory.dll
info: CanDoItAll.Manager.WatchSupervisorService[0]
      [watch]   CanDoItAll.Modules.Workbench -> C:\repositories\CanDoItAll\src\CanDoItAll.Modules.Workbench\bin\Debug\net10.0\CanDoItAll.Modules.Workbench.dll
info: CanDoItAll.Manager.CapsuleCatalogService[0]
      Capsule refresh complete. Covered 15/158, skipped 1, missing 76, malformed 0.
info: CanDoItAll.Manager.WatchSupervisorService[0]
      [watch]   CanDoItAll.Web -> C:\repositories\CanDoItAll\src\CanDoItAll.Web\bin\Debug\net10.0\CanDoItAll.Web.dll
info: CanDoItAll.Manager.WatchSupervisorService[0]
      [watch] Build succeeded.
info: CanDoItAll.Manager.WatchSupervisorService[0]
      [watch]     0 Warning(s)
info: CanDoItAll.Manager.WatchSupervisorService[0]
      [watch]     0 Error(s)
info: CanDoItAll.Manager.WatchSupervisorService[0]
      [watch] Time Elapsed 00:01:00.66
fail: CanDoItAll.Manager.WatchSupervisorService[0]
      [watch] dotnet watch : Evaluating projects ...
info: CanDoItAll.Manager.CapsuleCatalogService[0]
      Capsule refresh complete. Covered 15/158, skipped 1, missing 76, malformed 0.
fail: CanDoItAll.Manager.WatchSupervisorService[0]
      [watch] dotnet watch : Evaluation completed in 20.8s.
info: CanDoItAll.Manager.WatchSupervisorService[0]
      [watch] Using launch settings from C:\repositories\CanDoItAll\src\CanDoItAll.Web\Properties\launchSettings.json...
fail: CanDoItAll.Manager.WatchSupervisorService[0]
      [watch] dotnet watch : Loading projects ...
info: CanDoItAll.Manager.WatchSupervisorService[0]
      [watch] warn: Microsoft.EntityFrameworkCore.Model[10632]
info: CanDoItAll.Manager.WatchSupervisorService[0]
      [watch]       No instantiatable types implementing `IEntityTypeConfiguration` were found while scanning assembly 'CanDoItAll.Modules.Automation, Version=1.0.0.0, Culture=neutral, PublicKeyToken=null'.
info: CanDoItAll.Manager.CapsuleCatalogService[0]
      Capsule refresh complete. Covered 15/158, skipped 1, missing 76, malformed 0.
info: CanDoItAll.Manager.WatchSupervisorService[0]
      [watch] info: Microsoft.EntityFrameworkCore.Database.Command[20101]
info: CanDoItAll.Manager.WatchSupervisorService[0]
      [watch]       Executed DbCommand (62ms) [Parameters=[], CommandType='Text', CommandTimeout='30']
info: CanDoItAll.Manager.WatchSupervisorService[0]
      [watch]       SELECT COUNT(*) FROM "sqlite_master" WHERE "type" = 'table' AND "rootpage" IS NOT NULL;
info: CanDoItAll.Manager.WatchSupervisorService[0]
      [watch] info: Microsoft.Hosting.Lifetime[14]
info: CanDoItAll.Manager.WatchSupervisorService[0]
      [watch]       Now listening on: https://localhost:7271
info: System.Net.Http.HttpClient.Default.LogicalHandler[100]
      Start processing HTTP request GET https://localhost:7271/_dev/runtime
info: System.Net.Http.HttpClient.Default.ClientHandler[100]
      Sending HTTP request GET https://localhost:7271/_dev/runtime
info: System.Net.Http.HttpClient.Default.ClientHandler[101]
      Received HTTP response headers after 1376.6643ms - 200
info: System.Net.Http.HttpClient.Default.LogicalHandler[101]
      End processing HTTP request after 1416.4523ms - 200
info: CanDoItAll.Manager.WatchSupervisorService[0]
      [watch] info: Microsoft.Hosting.Lifetime[14]
info: CanDoItAll.Manager.WatchSupervisorService[0]
      [watch]       Now listening on: http://localhost:5032
info: CanDoItAll.Manager.WatchSupervisorService[0]
      [watch] info: Microsoft.Hosting.Lifetime[0]
info: CanDoItAll.Manager.WatchSupervisorService[0]
      [watch]       Application started. Press Ctrl+C to shut down.
info: CanDoItAll.Manager.WatchSupervisorService[0]
      [watch] info: Microsoft.Hosting.Lifetime[0]
info: CanDoItAll.Manager.WatchSupervisorService[0]
      [watch]       Hosting environment: Development
info: CanDoItAll.Manager.WatchSupervisorService[0]
      [watch] info: Microsoft.Hosting.Lifetime[0]
info: CanDoItAll.Manager.WatchSupervisorService[0]
      [watch]       Content root path: C:\repositories\CanDoItAll\src\CanDoItAll.Web
