<?xml version="1.0" encoding="utf-8"?>
<TestRun id="96a9b42f-b5a1-4149-9193-c20da59b6729" name="lucys@LUCYSPOWER 2026-08-27 14:57:51" runUser="LUCYSPOWER\lucys" xmlns="http://microsoft.com/schemas/VisualStudio/TeamTest/2010">
  <Times creation="2026-08-27T14:57:51.3026670-04:00" queuing="2026-08-27T14:57:51.3026674-04:00" start="2026-08-27T14:57:46.6968401-04:00" finish="2026-08-27T14:57:51.8051866-04:00" />
  <TestSettings name="default" id="34f87741-5ada-4474-bf46-b4c3b1af858b">
    <Deployment runDeploymentRoot="lucys_LUCYSPOWER_2026-08-27_14_57_51" />
  </TestSettings>
  <Results>
    <UnitTestResult executionId="e9f85518-8083-44b5-8bb6-2ee15d86d791" testId="e45ec3f0-f6e9-b883-fac6-1295a698bbf9" testName="CanDoItAll.Tests.Unit.AgentFramework.ProviderCatalogProjectionFailureTests.Provider_save_accepts_metadata_only_secret_and_projects_one_editor_source" computerName="LUCYSPOWER" duration="00:00:00.0549086" startTime="2026-08-27T14:57:51.2562177-04:00" endTime="2026-08-27T14:57:51.3101872-04:00" testType="13cdc9d9-ddb5-4fa4-a97d-d965ccfc6d4b" outcome="Passed" testListId="8c84fa94-04c1-424b-9868-57a2d4851a1d" relativeResultsDirectory="e9f85518-8083-44b5-8bb6-2ee15d86d791" />
    <UnitTestResult executionId="fbb26a62-a3b8-41ed-8271-313d448974bc" testId="6084a981-986d-ffd2-3daa-cb258a37b376" testName="CanDoItAll.Tests.Unit.AgentFramework.ProviderCatalogProjectionFailureTests.ListProvidersAsync_does_not_resurrect_stale_catalog_entry_after_committed_delete" computerName="LUCYSPOWER" duration="00:00:00.0099969" startTime="2026-08-27T14:57:51.4157520-04:00" endTime="2026-08-27T14:57:51.4256947-04:00" testType="13cdc9d9-ddb5-4fa4-a97d-d965ccfc6d4b" outcome="Passed" testListId="8c84fa94-04c1-424b-9868-57a2d4851a1d" relativeResultsDirectory="fbb26a62-a3b8-41ed-8271-313d448974bc" />
    <UnitTestResult executionId="c4b95ad1-9dfc-4d93-8cd8-c2999486426a" testId="7319b3ff-ddcf-7676-d749-7ef00826b3c2" testName="CanDoItAll.Tests.Unit.AgentFramework.ProviderCatalogProjectionFailureTests.Provider_save_round_trips_ollama_suggested_models_through_database_mapping" computerName="LUCYSPOWER" duration="00:00:00.0945524" startTime="2026-08-27T14:57:51.1808453-04:00" endTime="2026-08-27T14:57:51.2552083-04:00" testType="13cdc9d9-ddb5-4fa4-a97d-d965ccfc6d4b" outcome="Passed" testListId="8c84fa94-04c1-424b-9868-57a2d4851a1d" relativeResultsDirectory="c4b95ad1-9dfc-4d93-8cd8-c2999486426a" />
    <UnitTestResult executionId="20dc248e-a5e3-4541-a2b5-1e0afe91724b" testId="a76e1acc-8664-702c-19c6-c65f88fce0f9" testName="CanDoItAll.Tests.Unit.AgentFramework.ProviderCatalogProjectionFailureTests.Provider_save_persists_kind_and_defined_thinking_capabilities_through_database_mapping" computerName="LUCYSPOWER" duration="00:00:00.0149425" startTime="2026-08-27T14:57:51.6383461-04:00" endTime="2026-08-27T14:57:51.6529322-04:00" testType="13cdc9d9-ddb5-4fa4-a97d-d965ccfc6d4b" outcome="Passed" testListId="8c84fa94-04c1-424b-9868-57a2d4851a1d" relativeResultsDirectory="20dc248e-a5e3-4541-a2b5-1e0afe91724b" />
    <UnitTestResult executionId="1a9ec4e9-e566-4c15-9367-56a8ff35216f" testId="8ec81dd6-1054-aed3-22f4-c5bd1a171724" testName="CanDoItAll.Tests.Unit.AgentFramework.ProviderCatalogProjectionFailureTests.Provider_save_rejects_non_http_url_for_real_connector_without_database_mutation" computerName="LUCYSPOWER" duration="00:00:00.0405405" startTime="2026-08-27T14:57:51.3105112-04:00" endTime="2026-08-27T14:57:51.3509936-04:00" testType="13cdc9d9-ddb5-4fa4-a97d-d965ccfc6d4b" outcome="Passed" testListId="8c84fa94-04c1-424b-9868-57a2d4851a1d" relativeResultsDirectory="1a9ec4e9-e566-4c15-9367-56a8ff35216f" />
    <UnitTestResult executionId="a5d8222d-49d7-4c97-9fdb-6192668a84ea" testId="cf740e37-0423-95b0-9d81-833fe6487f26" testName="CanDoItAll.Tests.Unit.AgentFramework.ProviderCatalogProjectionFailureTests.Projection_failures_report_committed_upsert_and_delete_with_repair_actions" computerName="LUCYSPOWER" duration="00:00:00.0775281" startTime="2026-08-27T14:57:51.5600897-04:00" endTime="2026-08-27T14:57:51.6377342-04:00" testType="13cdc9d9-ddb5-4fa4-a97d-d965ccfc6d4b" outcome="Passed" testListId="8c84fa94-04c1-424b-9868-57a2d4851a1d" relativeResultsDirectory="a5d8222d-49d7-4c97-9fdb-6192668a84ea" />
    <UnitTestResult executionId="c738b193-a9bf-4a33-9324-c2bb382d6ed6" testId="7f8d67ae-e699-ab4f-5fb6-f6fca2b4438d" testName="CanDoItAll.Tests.Unit.AgentFramework.ProviderCatalogProjectionFailureTests.Optional_connector_secret_can_be_explicitly_unbound" computerName="LUCYSPOWER" duration="00:00:00.0108687" startTime="2026-08-27T14:57:51.4044086-04:00" endTime="2026-08-27T14:57:51.4153966-04:00" testType="13cdc9d9-ddb5-4fa4-a97d-d965ccfc6d4b" outcome="Passed" testListId="8c84fa94-04c1-424b-9868-57a2d4851a1d" relativeResultsDirectory="c738b193-a9bf-4a33-9324-c2bb382d6ed6" />
    <UnitTestResult executionId="7165d300-b03f-44b2-aebf-718d7bff7c7d" testId="90a6cd3a-b824-ef33-d1e6-ef347b1f29a6" testName="CanDoItAll.Tests.Unit.AgentFramework.ProviderCatalogProjectionFailureTests.Provider_save_rejects_malformed_configuration_without_mutating_stored_profile" computerName="LUCYSPOWER" duration="00:00:01.4278285" startTime="2026-08-27T14:57:49.7696216-04:00" endTime="2026-08-27T14:57:51.1604088-04:00" testType="13cdc9d9-ddb5-4fa4-a97d-d965ccfc6d4b" outcome="Passed" testListId="8c84fa94-04c1-424b-9868-57a2d4851a1d" relativeResultsDirectory="7165d300-b03f-44b2-aebf-718d7bff7c7d" />
    <UnitTestResult executionId="bd7d65b9-21cc-4987-8f64-7a6841be9758" testId="48445284-2769-a3ab-cde8-007f54801182" testName="CanDoItAll.Tests.Unit.AgentFramework.ProviderCatalogProjectionFailureTests.Provider_save_drops_discovered_capabilities_when_provider_identity_changes" computerName="LUCYSPOWER" duration="00:00:00.1012642" startTime="2026-08-27T14:57:51.4261357-04:00" endTime="2026-08-27T14:57:51.5273289-04:00" testType="13cdc9d9-ddb5-4fa4-a97d-d965ccfc6d4b" outcome="Passed" testListId="8c84fa94-04c1-424b-9868-57a2d4851a1d" relativeResultsDirectory="bd7d65b9-21cc-4987-8f64-7a6841be9758" />
    <UnitTestResult executionId="28c97c5f-7c59-48ac-9423-b01e0c242cac" testId="63df3a5b-77b2-081d-dd4f-6ce8f1068f87" testName="CanDoItAll.Tests.Unit.AgentFramework.ProviderCatalogProjectionFailureTests.Provider_save_requires_explicit_secret_binding_for_real_connector" computerName="LUCYSPOWER" duration="00:00:00.0219117" startTime="2026-08-27T14:57:51.6575507-04:00" endTime="2026-08-27T14:57:51.6752072-04:00" testType="13cdc9d9-ddb5-4fa4-a97d-d965ccfc6d4b" outcome="Passed" testListId="8c84fa94-04c1-424b-9868-57a2d4851a1d" relativeResultsDirectory="28c97c5f-7c59-48ac-9423-b01e0c242cac" />
    <UnitTestResult executionId="43a558f6-97b9-429c-9bf1-c1a3651f5128" testId="429b550e-43e4-38b8-c77e-baba9db7d3a9" testName="CanDoItAll.Tests.Unit.AgentFramework.ProviderCatalogProjectionFailureTests.Provider_update_persists_discovered_thinking_capabilities_through_database_mapping" computerName="LUCYSPOWER" duration="00:00:00.0323337" startTime="2026-08-27T14:57:51.5276280-04:00" endTime="2026-08-27T14:57:51.5598402-04:00" testType="13cdc9d9-ddb5-4fa4-a97d-d965ccfc6d4b" outcome="Passed" testListId="8c84fa94-04c1-424b-9868-57a2d4851a1d" relativeResultsDirectory="43a558f6-97b9-429c-9bf1-c1a3651f5128" />
    <UnitTestResult executionId="d9cd7e9b-9ccc-47c8-aecd-efbcc8175909" testId="15fdaa05-f282-09f9-3c07-12e46c674767" testName="CanDoItAll.Tests.Unit.AgentFramework.ProviderCatalogProjectionFailureTests.GetProviderAsync_does_not_resurrect_stale_catalog_entry_after_committed_delete" computerName="LUCYSPOWER" duration="00:00:00.0532280" startTime="2026-08-27T14:57:51.3515580-04:00" endTime="2026-08-27T14:57:51.4042368-04:00" testType="13cdc9d9-ddb5-4fa4-a97d-d965ccfc6d4b" outcome="Passed" testListId="8c84fa94-04c1-424b-9868-57a2d4851a1d" relativeResultsDirectory="d9cd7e9b-9ccc-47c8-aecd-efbcc8175909" />
  </Results>
  <TestDefinitions>
    <UnitTest name="CanDoItAll.Tests.Unit.AgentFramework.ProviderCatalogProjectionFailureTests.Provider_save_drops_discovered_capabilities_when_provider_identity_changes" storage="c:\repositories\candoitall\tests\unit\candoitall.tests.unit\bin\debug\net10.0\candoitall.tests.unit.dll" id="48445284-2769-a3ab-cde8-007f54801182">
      <Execution id="bd7d65b9-21cc-4987-8f64-7a6841be9758" />
      <TestMethod codeBase="C:\repositories\CanDoItAll\tests\Unit\CanDoItAll.Tests.Unit\bin\Debug\net10.0\CanDoItAll.Tests.Unit.dll" adapterTypeName="executor://xunit/VsTestRunner3/netcore/" className="CanDoItAll.Tests.Unit.AgentFramework.ProviderCatalogProjectionFailureTests" name="Provider_save_drops_discovered_capabilities_when_provider_identity_changes" />
    </UnitTest>
    <UnitTest name="CanDoItAll.Tests.Unit.AgentFramework.ProviderCatalogProjectionFailureTests.Provider_save_persists_kind_and_defined_thinking_capabilities_through_database_mapping" storage="c:\repositories\candoitall\tests\unit\candoitall.tests.unit\bin\debug\net10.0\candoitall.tests.unit.dll" id="a76e1acc-8664-702c-19c6-c65f88fce0f9">
      <Execution id="20dc248e-a5e3-4541-a2b5-1e0afe91724b" />
      <TestMethod codeBase="C:\repositories\CanDoItAll\tests\Unit\CanDoItAll.Tests.Unit\bin\Debug\net10.0\CanDoItAll.Tests.Unit.dll" adapterTypeName="executor://xunit/VsTestRunner3/netcore/" className="CanDoItAll.Tests.Unit.AgentFramework.ProviderCatalogProjectionFailureTests" name="Provider_save_persists_kind_and_defined_thinking_capabilities_through_database_mapping" />
    </UnitTest>
    <UnitTest name="CanDoItAll.Tests.Unit.AgentFramework.ProviderCatalogProjectionFailureTests.Provider_save_rejects_malformed_configuration_without_mutating_stored_profile" storage="c:\repositories\candoitall\tests\unit\candoitall.tests.unit\bin\debug\net10.0\candoitall.tests.unit.dll" id="90a6cd3a-b824-ef33-d1e6-ef347b1f29a6">
      <Execution id="7165d300-b03f-44b2-aebf-718d7bff7c7d" />
      <TestMethod codeBase="C:\repositories\CanDoItAll\tests\Unit\CanDoItAll.Tests.Unit\bin\Debug\net10.0\CanDoItAll.Tests.Unit.dll" adapterTypeName="executor://xunit/VsTestRunner3/netcore/" className="CanDoItAll.Tests.Unit.AgentFramework.ProviderCatalogProjectionFailureTests" name="Provider_save_rejects_malformed_configuration_without_mutating_stored_profile" />
    </UnitTest>
    <UnitTest name="CanDoItAll.Tests.Unit.AgentFramework.ProviderCatalogProjectionFailureTests.Provider_save_rejects_non_http_url_for_real_connector_without_database_mutation" storage="c:\repositories\candoitall\tests\unit\candoitall.tests.unit\bin\debug\net10.0\candoitall.tests.unit.dll" id="8ec81dd6-1054-aed3-22f4-c5bd1a171724">
      <Execution id="1a9ec4e9-e566-4c15-9367-56a8ff35216f" />
      <TestMethod codeBase="C:\repositories\CanDoItAll\tests\Unit\CanDoItAll.Tests.Unit\bin\Debug\net10.0\CanDoItAll.Tests.Unit.dll" adapterTypeName="executor://xunit/VsTestRunner3/netcore/" className="CanDoItAll.Tests.Unit.AgentFramework.ProviderCatalogProjectionFailureTests" name="Provider_save_rejects_non_http_url_for_real_connector_without_database_mutation" />
    </UnitTest>
    <UnitTest name="CanDoItAll.Tests.Unit.AgentFramework.ProviderCatalogProjectionFailureTests.Provider_save_round_trips_ollama_suggested_models_through_database_mapping" storage="c:\repositories\candoitall\tests\unit\candoitall.tests.unit\bin\debug\net10.0\candoitall.tests.unit.dll" id="7319b3ff-ddcf-7676-d749-7ef00826b3c2">
      <Execution id="c4b95ad1-9dfc-4d93-8cd8-c2999486426a" />
      <TestMethod codeBase="C:\repositories\CanDoItAll\tests\Unit\CanDoItAll.Tests.Unit\bin\Debug\net10.0\CanDoItAll.Tests.Unit.dll" adapterTypeName="executor://xunit/VsTestRunner3/netcore/" className="CanDoItAll.Tests.Unit.AgentFramework.ProviderCatalogProjectionFailureTests" name="Provider_save_round_trips_ollama_suggested_models_through_database_mapping" />
    </UnitTest>
    <UnitTest name="CanDoItAll.Tests.Unit.AgentFramework.ProviderCatalogProjectionFailureTests.Optional_connector_secret_can_be_explicitly_unbound" storage="c:\repositories\candoitall\tests\unit\candoitall.tests.unit\bin\debug\net10.0\candoitall.tests.unit.dll" id="7f8d67ae-e699-ab4f-5fb6-f6fca2b4438d">
      <Execution id="c738b193-a9bf-4a33-9324-c2bb382d6ed6" />
      <TestMethod codeBase="C:\repositories\CanDoItAll\tests\Unit\CanDoItAll.Tests.Unit\bin\Debug\net10.0\CanDoItAll.Tests.Unit.dll" adapterTypeName="executor://xunit/VsTestRunner3/netcore/" className="CanDoItAll.Tests.Unit.AgentFramework.ProviderCatalogProjectionFailureTests" name="Optional_connector_secret_can_be_explicitly_unbound" />
    </UnitTest>
    <UnitTest name="CanDoItAll.Tests.Unit.AgentFramework.ProviderCatalogProjectionFailureTests.Projection_failures_report_committed_upsert_and_delete_with_repair_actions" storage="c:\repositories\candoitall\tests\unit\candoitall.tests.unit\bin\debug\net10.0\candoitall.tests.unit.dll" id="cf740e37-0423-95b0-9d81-833fe6487f26">
      <Execution id="a5d8222d-49d7-4c97-9fdb-6192668a84ea" />
      <TestMethod codeBase="C:\repositories\CanDoItAll\tests\Unit\CanDoItAll.Tests.Unit\bin\Debug\net10.0\CanDoItAll.Tests.Unit.dll" adapterTypeName="executor://xunit/VsTestRunner3/netcore/" className="CanDoItAll.Tests.Unit.AgentFramework.ProviderCatalogProjectionFailureTests" name="Projection_failures_report_committed_upsert_and_delete_with_repair_actions" />
    </UnitTest>
    <UnitTest name="CanDoItAll.Tests.Unit.AgentFramework.ProviderCatalogProjectionFailureTests.Provider_save_accepts_metadata_only_secret_and_projects_one_editor_source" storage="c:\repositories\candoitall\tests\unit\candoitall.tests.unit\bin\debug\net10.0\candoitall.tests.unit.dll" id="e45ec3f0-f6e9-b883-fac6-1295a698bbf9">
      <Execution id="e9f85518-8083-44b5-8bb6-2ee15d86d791" />
      <TestMethod codeBase="C:\repositories\CanDoItAll\tests\Unit\CanDoItAll.Tests.Unit\bin\Debug\net10.0\CanDoItAll.Tests.Unit.dll" adapterTypeName="executor://xunit/VsTestRunner3/netcore/" className="CanDoItAll.Tests.Unit.AgentFramework.ProviderCatalogProjectionFailureTests" name="Provider_save_accepts_metadata_only_secret_and_projects_one_editor_source" />
    </UnitTest>
    <UnitTest name="CanDoItAll.Tests.Unit.AgentFramework.ProviderCatalogProjectionFailureTests.ListProvidersAsync_does_not_resurrect_stale_catalog_entry_after_committed_delete" storage="c:\repositories\candoitall\tests\unit\candoitall.tests.unit\bin\debug\net10.0\candoitall.tests.unit.dll" id="6084a981-986d-ffd2-3daa-cb258a37b376">
      <Execution id="fbb26a62-a3b8-41ed-8271-313d448974bc" />
      <TestMethod codeBase="C:\repositories\CanDoItAll\tests\Unit\CanDoItAll.Tests.Unit\bin\Debug\net10.0\CanDoItAll.Tests.Unit.dll" adapterTypeName="executor://xunit/VsTestRunner3/netcore/" className="CanDoItAll.Tests.Unit.AgentFramework.ProviderCatalogProjectionFailureTests" name="ListProvidersAsync_does_not_resurrect_stale_catalog_entry_after_committed_delete" />
    </UnitTest>
    <UnitTest name="CanDoItAll.Tests.Unit.AgentFramework.ProviderCatalogProjectionFailureTests.Provider_update_persists_discovered_thinking_capabilities_through_database_mapping" storage="c:\repositories\candoitall\tests\unit\candoitall.tests.unit\bin\debug\net10.0\candoitall.tests.unit.dll" id="429b550e-43e4-38b8-c77e-baba9db7d3a9">
      <Execution id="43a558f6-97b9-429c-9bf1-c1a3651f5128" />
      <TestMethod codeBase="C:\repositories\CanDoItAll\tests\Unit\CanDoItAll.Tests.Unit\bin\Debug\net10.0\CanDoItAll.Tests.Unit.dll" adapterTypeName="executor://xunit/VsTestRunner3/netcore/" className="CanDoItAll.Tests.Unit.AgentFramework.ProviderCatalogProjectionFailureTests" name="Provider_update_persists_discovered_thinking_capabilities_through_database_mapping" />
    </UnitTest>
    <UnitTest name="CanDoItAll.Tests.Unit.AgentFramework.ProviderCatalogProjectionFailureTests.Provider_save_requires_explicit_secret_binding_for_real_connector" storage="c:\repositories\candoitall\tests\unit\candoitall.tests.unit\bin\debug\net10.0\candoitall.tests.unit.dll" id="63df3a5b-77b2-081d-dd4f-6ce8f1068f87">
      <Execution id="28c97c5f-7c59-48ac-9423-b01e0c242cac" />
      <TestMethod codeBase="C:\repositories\CanDoItAll\tests\Unit\CanDoItAll.Tests.Unit\bin\Debug\net10.0\CanDoItAll.Tests.Unit.dll" adapterTypeName="executor://xunit/VsTestRunner3/netcore/" className="CanDoItAll.Tests.Unit.AgentFramework.ProviderCatalogProjectionFailureTests" name="Provider_save_requires_explicit_secret_binding_for_real_connector" />
    </UnitTest>
    <UnitTest name="CanDoItAll.Tests.Unit.AgentFramework.ProviderCatalogProjectionFailureTests.GetProviderAsync_does_not_resurrect_stale_catalog_entry_after_committed_delete" storage="c:\repositories\candoitall\tests\unit\candoitall.tests.unit\bin\debug\net10.0\candoitall.tests.unit.dll" id="15fdaa05-f282-09f9-3c07-12e46c674767">
      <Execution id="d9cd7e9b-9ccc-47c8-aecd-efbcc8175909" />
      <TestMethod codeBase="C:\repositories\CanDoItAll\tests\Unit\CanDoItAll.Tests.Unit\bin\Debug\net10.0\CanDoItAll.Tests.Unit.dll" adapterTypeName="executor://xunit/VsTestRunner3/netcore/" className="CanDoItAll.Tests.Unit.AgentFramework.ProviderCatalogProjectionFailureTests" name="GetProviderAsync_does_not_resurrect_stale_catalog_entry_after_committed_delete" />
    </UnitTest>
  </TestDefinitions>
  <TestEntries>
    <TestEntry testId="e45ec3f0-f6e9-b883-fac6-1295a698bbf9" executionId="e9f85518-8083-44b5-8bb6-2ee15d86d791" testListId="8c84fa94-04c1-424b-9868-57a2d4851a1d" />
    <TestEntry testId="6084a981-986d-ffd2-3daa-cb258a37b376" executionId="fbb26a62-a3b8-41ed-8271-313d448974bc" testListId="8c84fa94-04c1-424b-9868-57a2d4851a1d" />
    <TestEntry testId="7319b3ff-ddcf-7676-d749-7ef00826b3c2" executionId="c4b95ad1-9dfc-4d93-8cd8-c2999486426a" testListId="8c84fa94-04c1-424b-9868-57a2d4851a1d" />
    <TestEntry testId="a76e1acc-8664-702c-19c6-c65f88fce0f9" executionId="20dc248e-a5e3-4541-a2b5-1e0afe91724b" testListId="8c84fa94-04c1-424b-9868-57a2d4851a1d" />
    <TestEntry testId="8ec81dd6-1054-aed3-22f4-c5bd1a171724" executionId="1a9ec4e9-e566-4c15-9367-56a8ff35216f" testListId="8c84fa94-04c1-424b-9868-57a2d4851a1d" />
    <TestEntry testId="cf740e37-0423-95b0-9d81-833fe6487f26" executionId="a5d8222d-49d7-4c97-9fdb-6192668a84ea" testListId="8c84fa94-04c1-424b-9868-57a2d4851a1d" />
    <TestEntry testId="7f8d67ae-e699-ab4f-5fb6-f6fca2b4438d" executionId="c738b193-a9bf-4a33-9324-c2bb382d6ed6" testListId="8c84fa94-04c1-424b-9868-57a2d4851a1d" />
    <TestEntry testId="90a6cd3a-b824-ef33-d1e6-ef347b1f29a6" executionId="7165d300-b03f-44b2-aebf-718d7bff7c7d" testListId="8c84fa94-04c1-424b-9868-57a2d4851a1d" />
    <TestEntry testId="48445284-2769-a3ab-cde8-007f54801182" executionId="bd7d65b9-21cc-4987-8f64-7a6841be9758" testListId="8c84fa94-04c1-424b-9868-57a2d4851a1d" />
    <TestEntry testId="63df3a5b-77b2-081d-dd4f-6ce8f1068f87" executionId="28c97c5f-7c59-48ac-9423-b01e0c242cac" testListId="8c84fa94-04c1-424b-9868-57a2d4851a1d" />
    <TestEntry testId="429b550e-43e4-38b8-c77e-baba9db7d3a9" executionId="43a558f6-97b9-429c-9bf1-c1a3651f5128" testListId="8c84fa94-04c1-424b-9868-57a2d4851a1d" />
    <TestEntry testId="15fdaa05-f282-09f9-3c07-12e46c674767" executionId="d9cd7e9b-9ccc-47c8-aecd-efbcc8175909" testListId="8c84fa94-04c1-424b-9868-57a2d4851a1d" />
  </TestEntries>
  <TestLists>
    <TestList name="Výsledky neuvedené v seznamu" id="8c84fa94-04c1-424b-9868-57a2d4851a1d" />
    <TestList name="Všechny načtené výsledky" id="19431567-8539-422a-85d7-44ee4e166bda" />
  </TestLists>
  <ResultSummary outcome="Completed">
    <Counters total="12" executed="12" passed="12" failed="0" error="0" timeout="0" aborted="0" inconclusive="0" passedButRunAborted="0" notRunnable="0" notExecuted="0" disconnected="0" warning="0" completed="0" inProgress="0" pending="0" />
    <Output>
      <StdOut>[xUnit.net 00:00:00.00] xUnit.net VSTest Adapter v3.1.4+50e68bbb8b (64-bit .NET 10.0.11)&#xD;
[xUnit.net 00:00:00.93]   Discovering: CanDoItAll.Tests.Unit&#xD;
[xUnit.net 00:00:02.29]   Discovered:  CanDoItAll.Tests.Unit&#xD;
[xUnit.net 00:00:02.35]   Starting:    CanDoItAll.Tests.Unit&#xD;
[xUnit.net 00:00:04.37]   Finished:    CanDoItAll.Tests.Unit&#xD;
</StdOut>
    </Output>
  </ResultSummary>
</TestRun>