<?xml version="1.0" encoding="utf-8"?>
<TestRun id="249de331-fc53-410e-b363-a17756042a63" name="lucys@LUCYSPOWER 2026-06-09 18:16:54" runUser="LUCYSPOWER\lucys" xmlns="http://microsoft.com/schemas/VisualStudio/TeamTest/2010">
  <Times creation="2026-06-09T18:16:54.2903119-04:00" queuing="2026-06-09T18:16:54.2903123-04:00" start="2026-06-09T18:16:10.9791956-04:00" finish="2026-06-09T18:16:54.3015040-04:00" />
  <TestSettings name="default" id="1f2b245b-b0a2-468f-9f88-b211b456d37b">
    <Deployment runDeploymentRoot="lucys_LUCYSPOWER_2026-06-09_18_16_54" />
  </TestSettings>
  <Results>
    <UnitTestResult executionId="2f5cb4f2-30d8-4c5f-b23d-f24df8cc07fa" testId="305dac10-f03b-ad6d-07df-6e34f96bd582" testName="CanDoItAll.Tests.Playwright.AppSmokeTests.Project_structure_process_run_output_SB012_INV_002_opens_project_processes_from_output_folder_node" computerName="LUCYSPOWER" duration="00:00:15.2727794" startTime="2026-06-09T18:16:38.1881487-04:00" endTime="2026-06-09T18:16:53.4426865-04:00" testType="13cdc9d9-ddb5-4fa4-a97d-d965ccfc6d4b" outcome="Passed" testListId="8c84fa94-04c1-424b-9868-57a2d4851a1d" relativeResultsDirectory="2f5cb4f2-30d8-4c5f-b23d-f24df8cc07fa" />
  </Results>
  <TestDefinitions>
    <UnitTest name="CanDoItAll.Tests.Playwright.AppSmokeTests.Project_structure_process_run_output_SB012_INV_002_opens_project_processes_from_output_folder_node" storage="c:\repositories\candoitall\tests\candoitall.tests.playwright\bin\debug\net10.0\candoitall.tests.playwright.dll" id="305dac10-f03b-ad6d-07df-6e34f96bd582">
      <Execution id="2f5cb4f2-30d8-4c5f-b23d-f24df8cc07fa" />
      <TestMethod codeBase="C:\repositories\CanDoItAll\tests\CanDoItAll.Tests.Playwright\bin\Debug\net10.0\CanDoItAll.Tests.Playwright.dll" adapterTypeName="executor://xunit/VsTestRunner3/netcore/" className="CanDoItAll.Tests.Playwright.AppSmokeTests" name="Project_structure_process_run_output_SB012_INV_002_opens_project_processes_from_output_folder_node" />
    </UnitTest>
  </TestDefinitions>
  <TestEntries>
    <TestEntry testId="305dac10-f03b-ad6d-07df-6e34f96bd582" executionId="2f5cb4f2-30d8-4c5f-b23d-f24df8cc07fa" testListId="8c84fa94-04c1-424b-9868-57a2d4851a1d" />
  </TestEntries>
  <TestLists>
    <TestList name="Výsledky neuvedené v seznamu" id="8c84fa94-04c1-424b-9868-57a2d4851a1d" />
    <TestList name="Všechny načtené výsledky" id="19431567-8539-422a-85d7-44ee4e166bda" />
  </TestLists>
  <ResultSummary outcome="Completed">
    <Counters total="1" executed="1" passed="1" failed="0" error="0" timeout="0" aborted="0" inconclusive="0" passedButRunAborted="0" notRunnable="0" notExecuted="0" disconnected="0" warning="0" completed="0" inProgress="0" pending="0" />
    <Output>
      <StdOut>[xUnit.net 00:00:00.00] xUnit.net VSTest Adapter v3.1.4+50e68bbb8b (64-bit .NET 10.0.8)&#xD;
[xUnit.net 00:00:00.47]   Discovering: CanDoItAll.Tests.Playwright&#xD;
[xUnit.net 00:00:00.60]   Discovered:  CanDoItAll.Tests.Playwright&#xD;
[xUnit.net 00:00:00.64]   Starting:    CanDoItAll.Tests.Playwright&#xD;
[xUnit.net 00:00:40.73]   Finished:    CanDoItAll.Tests.Playwright&#xD;
</StdOut>
    </Output>
  </ResultSummary>
</TestRun>