warn: Microsoft.EntityFrameworkCore.Model[10632]
      No instantiatable types implementing `IEntityTypeConfiguration` were found while scanning assembly 'CanDoItAll.Modules.Automation, Version=1.0.0.0, Culture=neutral, PublicKeyToken=null'.
info: Microsoft.EntityFrameworkCore.Database.Command[20101]
      Executed DbCommand (49ms) [Parameters=[], CommandType='Text', CommandTimeout='30']
      SELECT COUNT(*) FROM "sqlite_master" WHERE "type" = 'table' AND "rootpage" IS NOT NULL;
info: Microsoft.Hosting.Lifetime[14]
      Now listening on: http://127.0.0.1:5188
info: Microsoft.Hosting.Lifetime[0]
      Application started. Press Ctrl+C to shut down.
info: Microsoft.Hosting.Lifetime[0]
      Hosting environment: Development
info: Microsoft.Hosting.Lifetime[0]
      Content root path: C:\repositories\CanDoItAll\src\CanDoItAll.Web
warn: Microsoft.AspNetCore.HttpsPolicy.HttpsRedirectionMiddleware[3]
      Failed to determine the https port for redirect.
info: Microsoft.EntityFrameworkCore.Database.Command[20101]
      Executed DbCommand (5ms) [Parameters=[], CommandType='Text', CommandTimeout='30']
      SELECT "p"."Id", "p"."CreatedAtUtc", "p"."CurrentPhase", "p"."Description", "p"."Name", "p"."Objective", "p"."Slug", "p"."Status", "p"."TargetDateUtc", "p"."UpdatedAtUtc"
      FROM "Projects_Projects" AS "p"
info: Microsoft.EntityFrameworkCore.Database.Command[20101]
      Executed DbCommand (0ms) [Parameters=[], CommandType='Text', CommandTimeout='30']
      SELECT "p"."ProjectId" AS "Key", COUNT(*) AS "Count"
      FROM "Projects_ProjectPhases" AS "p"
      GROUP BY "p"."ProjectId"
info: Microsoft.EntityFrameworkCore.Database.Command[20101]
      Executed DbCommand (0ms) [Parameters=[], CommandType='Text', CommandTimeout='30']
      SELECT "p"."Id", "p"."CreatedAtUtc", "p"."CurrentPhase", "p"."Description", "p"."Name", "p"."Objective", "p"."Slug", "p"."Status", "p"."TargetDateUtc", "p"."UpdatedAtUtc"
      FROM "Projects_Projects" AS "p"
info: Microsoft.EntityFrameworkCore.Database.Command[20101]
      Executed DbCommand (0ms) [Parameters=[], CommandType='Text', CommandTimeout='30']
      SELECT "p"."ProjectId" AS "Key", COUNT(*) AS "Count"
      FROM "Projects_ProjectPhases" AS "p"
      GROUP BY "p"."ProjectId"
info: Microsoft.EntityFrameworkCore.Database.Command[20101]
      Executed DbCommand (0ms) [Parameters=[], CommandType='Text', CommandTimeout='30']
      SELECT "p"."Id", "p"."CreatedAtUtc", "p"."CurrentPhase", "p"."Description", "p"."Name", "p"."Objective", "p"."Slug", "p"."Status", "p"."TargetDateUtc", "p"."UpdatedAtUtc"
      FROM "Projects_Projects" AS "p"
info: Microsoft.EntityFrameworkCore.Database.Command[20101]
      Executed DbCommand (0ms) [Parameters=[], CommandType='Text', CommandTimeout='30']
      SELECT "p"."ProjectId" AS "Key", COUNT(*) AS "Count"
      FROM "Projects_ProjectPhases" AS "p"
      GROUP BY "p"."ProjectId"
info: Microsoft.EntityFrameworkCore.Database.Command[20101]
      Executed DbCommand (0ms) [Parameters=[], CommandType='Text', CommandTimeout='30']
      SELECT "p"."Id", "p"."CreatedAtUtc", "p"."CurrentPhase", "p"."Description", "p"."Name", "p"."Objective", "p"."Slug", "p"."Status", "p"."TargetDateUtc", "p"."UpdatedAtUtc"
      FROM "Projects_Projects" AS "p"
info: Microsoft.EntityFrameworkCore.Database.Command[20101]
      Executed DbCommand (0ms) [Parameters=[], CommandType='Text', CommandTimeout='30']
      SELECT "p"."ProjectId" AS "Key", COUNT(*) AS "Count"
      FROM "Projects_ProjectPhases" AS "p"
      GROUP BY "p"."ProjectId"
info: Microsoft.EntityFrameworkCore.Database.Command[20101]
      Executed DbCommand (10ms) [Parameters=[@projectId='?' (DbType = Guid)], CommandType='Text', CommandTimeout='30']
      SELECT "p"."Id", "p"."CreatedAtUtc", "p"."CurrentPhase", "p"."Description", "p"."Name", "p"."Objective", "p"."Slug", "p"."Status", "p"."TargetDateUtc", "p"."UpdatedAtUtc"
      FROM "Projects_Projects" AS "p"
      WHERE "p"."Id" = @projectId
      LIMIT 1
info: Microsoft.EntityFrameworkCore.Database.Command[20101]
      Executed DbCommand (0ms) [Parameters=[@projectId='?' (DbType = Guid)], CommandType='Text', CommandTimeout='30']
      SELECT "p"."Id", "p"."CreatedAtUtc", "p"."CurrentPhase", "p"."Description", "p"."Name", "p"."Objective", "p"."Slug", "p"."Status", "p"."TargetDateUtc", "p"."UpdatedAtUtc"
      FROM "Projects_Projects" AS "p"
      WHERE "p"."Id" = @projectId
      LIMIT 1
info: Microsoft.EntityFrameworkCore.Database.Command[20101]
      Executed DbCommand (0ms) [Parameters=[@projectId='?' (DbType = Guid)], CommandType='Text', CommandTimeout='30']
      SELECT "p"."Id", "p"."EndDateUtc", "p"."Goal", "p"."Name", "p"."OrderIndex", "p"."ProjectId", "p"."StartDateUtc", "p"."Status"
      FROM "Projects_ProjectPhases" AS "p"
      WHERE "p"."ProjectId" = @projectId
      ORDER BY "p"."OrderIndex"
info: Microsoft.EntityFrameworkCore.Database.Command[20101]
      Executed DbCommand (0ms) [Parameters=[@projectId='?' (DbType = Guid)], CommandType='Text', CommandTimeout='30']
      SELECT "r"."Id", "r"."ConfigJson", "r"."CreatedAtUtc", "r"."Description", "r"."LinkedSecretIdsJson", "r"."LocationOrIdentifier", "r"."Name", "r"."ProjectId", "r"."ResourceKind", "r"."Sensitivity", "r"."SupportsIndexing", "r"."SupportsPreview", "r"."UpdatedAtUtc", "r"."ValidationStatus"
      FROM "Resources_ProjectResources" AS "r"
      WHERE "r"."ProjectId" = @projectId
      ORDER BY "r"."Name"
info: Microsoft.EntityFrameworkCore.Database.Command[20101]
      Executed DbCommand (0ms) [Parameters=[@projectId='?' (DbType = Guid)], CommandType='Text', CommandTimeout='30']
      SELECT "f"."Id", "f"."CreatedAtUtc", "f"."FlowTemplateId", "f"."Name", "f"."Phase", "f"."ProjectId", "f"."UpdatedAtUtc"
      FROM "Factory_PromptRuns" AS "f"
      WHERE "f"."ProjectId" = @projectId
info: Microsoft.EntityFrameworkCore.Database.Command[20101]
      Executed DbCommand (0ms) [Parameters=[@projectId='?' (DbType = Guid)], CommandType='Text', CommandTimeout='30']
      SELECT "v"."Id", "v"."ArtifactRoute", "v"."ArtifactTitle", "v"."ChecklistId", "v"."CreatedAtUtc", "v"."Decision", "v"."ProjectId", "v"."SourceContent", "v"."Summary", "v"."UpdatedAtUtc", "v"."ValidationType"
      FROM "Validation_Runs" AS "v"
      WHERE "v"."ProjectId" = @projectId
info: Microsoft.EntityFrameworkCore.Database.Command[20101]
      Executed DbCommand (0ms) [Parameters=[@projectId='?' (DbType = Guid)], CommandType='Text', CommandTimeout='30']
      SELECT "t"."Id", "t"."CoverageGoal", "t"."CreatedAtUtc", "t"."Phase", "t"."PlaywrightSpecPath", "t"."ProjectId", "t"."Title", "t"."UpdatedAtUtc"
      FROM "TestLab_TestPlans" AS "t"
      WHERE "t"."ProjectId" = @projectId
info: Microsoft.EntityFrameworkCore.Database.Command[20101]
      Executed DbCommand (0ms) [Parameters=[@projectId='?' (DbType = Guid)], CommandType='Text', CommandTimeout='30']
      SELECT "w"."Id", "w"."CreatedAtUtc", "w"."EndUtc", "w"."ExternalArtifactId", "w"."ExternalArtifactKind", "w"."IsSystemManaged", "w"."NodeKey", "w"."Notes", "w"."ObjectType", "w"."ParentNodeKey", "w"."PositionX", "w"."PositionY", "w"."ProjectId", "w"."Route", "w"."StartUtc", "w"."Status", "w"."Subtitle", "w"."Title", "w"."UpdatedAtUtc"
      FROM "Workbench_ProjectObjects" AS "w"
      WHERE "w"."ProjectId" = @projectId
info: Microsoft.EntityFrameworkCore.Database.Command[20101]
      Executed DbCommand (0ms) [Parameters=[@projectId='?' (DbType = Guid)], CommandType='Text', CommandTimeout='30']
      SELECT "w"."Id", "w"."CreatedAtUtc", "w"."IsSystemManaged", "w"."LinkKind", "w"."ProjectId", "w"."SourceNodeKey", "w"."TargetNodeKey"
      FROM "Workbench_ProjectObjectLinks" AS "w"
      WHERE "w"."ProjectId" = @projectId
info: Microsoft.EntityFrameworkCore.Database.Command[20101]
      Executed DbCommand (0ms) [Parameters=[@p1='?' (DbType = Guid), @p0='?' (DbType = DateTimeOffset)], CommandType='Text', CommandTimeout='30']
      UPDATE "Workbench_ProjectObjects" SET "UpdatedAtUtc" = @p0
      WHERE "Id" = @p1
      RETURNING 1;
info: Microsoft.EntityFrameworkCore.Database.Command[20101]
      Executed DbCommand (0ms) [Parameters=[@projectId='?' (DbType = Guid)], CommandType='Text', CommandTimeout='30']
      SELECT "w"."Id", "w"."CreatedAtUtc", "w"."EndUtc", "w"."ExternalArtifactId", "w"."ExternalArtifactKind", "w"."IsSystemManaged", "w"."NodeKey", "w"."Notes", "w"."ObjectType", "w"."ParentNodeKey", "w"."PositionX", "w"."PositionY", "w"."ProjectId", "w"."Route", "w"."StartUtc", "w"."Status", "w"."Subtitle", "w"."Title", "w"."UpdatedAtUtc"
      FROM "Workbench_ProjectObjects" AS "w"
      WHERE "w"."ProjectId" = @projectId
      ORDER BY "w"."PositionY", "w"."PositionX"
info: Microsoft.EntityFrameworkCore.Database.Command[20101]
      Executed DbCommand (0ms) [Parameters=[@projectId='?' (DbType = Guid)], CommandType='Text', CommandTimeout='30']
      SELECT "w"."Id", "w"."CreatedAtUtc", "w"."IsSystemManaged", "w"."LinkKind", "w"."ProjectId", "w"."SourceNodeKey", "w"."TargetNodeKey"
      FROM "Workbench_ProjectObjectLinks" AS "w"
      WHERE "w"."ProjectId" = @projectId
      ORDER BY "w"."SourceNodeKey", "w"."TargetNodeKey"
info: Microsoft.EntityFrameworkCore.Database.Command[20101]
      Executed DbCommand (0ms) [Parameters=[@projectId='?' (DbType = Guid), @surfaceKind='?' (Size = 9)], CommandType='Text', CommandTimeout='30']
      SELECT "w"."StateJson"
      FROM "Workbench_ViewStates" AS "w"
      WHERE "w"."ProjectId" = @projectId AND "w"."SurfaceKind" = @surfaceKind
      LIMIT 1
info: Microsoft.EntityFrameworkCore.Database.Command[20101]
      Executed DbCommand (0ms) [Parameters=[@projectId='?' (DbType = Guid)], CommandType='Text', CommandTimeout='30']
      SELECT "p"."Id", "p"."CreatedAtUtc", "p"."CurrentPhase", "p"."Description", "p"."Name", "p"."Objective", "p"."Slug", "p"."Status", "p"."TargetDateUtc", "p"."UpdatedAtUtc"
      FROM "Projects_Projects" AS "p"
      WHERE "p"."Id" = @projectId
      LIMIT 1
info: Microsoft.EntityFrameworkCore.Database.Command[20101]
      Executed DbCommand (0ms) [Parameters=[@projectId='?' (DbType = Guid)], CommandType='Text', CommandTimeout='30']
      SELECT "p"."Id", "p"."CreatedAtUtc", "p"."CurrentPhase", "p"."Description", "p"."Name", "p"."Objective", "p"."Slug", "p"."Status", "p"."TargetDateUtc", "p"."UpdatedAtUtc"
      FROM "Projects_Projects" AS "p"
      WHERE "p"."Id" = @projectId
      LIMIT 1
info: Microsoft.EntityFrameworkCore.Database.Command[20101]
      Executed DbCommand (0ms) [Parameters=[@projectId='?' (DbType = Guid)], CommandType='Text', CommandTimeout='30']
      SELECT "p"."Id", "p"."EndDateUtc", "p"."Goal", "p"."Name", "p"."OrderIndex", "p"."ProjectId", "p"."StartDateUtc", "p"."Status"
      FROM "Projects_ProjectPhases" AS "p"
      WHERE "p"."ProjectId" = @projectId
      ORDER BY "p"."OrderIndex"
info: Microsoft.EntityFrameworkCore.Database.Command[20101]
      Executed DbCommand (0ms) [Parameters=[@projectId='?' (DbType = Guid)], CommandType='Text', CommandTimeout='30']
      SELECT "r"."Id", "r"."ConfigJson", "r"."CreatedAtUtc", "r"."Description", "r"."LinkedSecretIdsJson", "r"."LocationOrIdentifier", "r"."Name", "r"."ProjectId", "r"."ResourceKind", "r"."Sensitivity", "r"."SupportsIndexing", "r"."SupportsPreview", "r"."UpdatedAtUtc", "r"."ValidationStatus"
      FROM "Resources_ProjectResources" AS "r"
      WHERE "r"."ProjectId" = @projectId
      ORDER BY "r"."Name"
info: Microsoft.EntityFrameworkCore.Database.Command[20101]
      Executed DbCommand (5ms) [Parameters=[@projectId='?' (DbType = Guid)], CommandType='Text', CommandTimeout='30']
      SELECT "f"."Id", "f"."CreatedAtUtc", "f"."FlowTemplateId", "f"."Name", "f"."Phase", "f"."ProjectId", "f"."UpdatedAtUtc"
      FROM "Factory_PromptRuns" AS "f"
      WHERE "f"."ProjectId" = @projectId
info: Microsoft.EntityFrameworkCore.Database.Command[20101]
      Executed DbCommand (0ms) [Parameters=[@projectId='?' (DbType = Guid)], CommandType='Text', CommandTimeout='30']
      SELECT "v"."Id", "v"."ArtifactRoute", "v"."ArtifactTitle", "v"."ChecklistId", "v"."CreatedAtUtc", "v"."Decision", "v"."ProjectId", "v"."SourceContent", "v"."Summary", "v"."UpdatedAtUtc", "v"."ValidationType"
      FROM "Validation_Runs" AS "v"
      WHERE "v"."ProjectId" = @projectId
info: Microsoft.EntityFrameworkCore.Database.Command[20101]
      Executed DbCommand (0ms) [Parameters=[@projectId='?' (DbType = Guid)], CommandType='Text', CommandTimeout='30']
      SELECT "t"."Id", "t"."CoverageGoal", "t"."CreatedAtUtc", "t"."Phase", "t"."PlaywrightSpecPath", "t"."ProjectId", "t"."Title", "t"."UpdatedAtUtc"
      FROM "TestLab_TestPlans" AS "t"
      WHERE "t"."ProjectId" = @projectId
info: Microsoft.EntityFrameworkCore.Database.Command[20101]
      Executed DbCommand (0ms) [Parameters=[@projectId='?' (DbType = Guid)], CommandType='Text', CommandTimeout='30']
      SELECT "w"."Id", "w"."CreatedAtUtc", "w"."EndUtc", "w"."ExternalArtifactId", "w"."ExternalArtifactKind", "w"."IsSystemManaged", "w"."NodeKey", "w"."Notes", "w"."ObjectType", "w"."ParentNodeKey", "w"."PositionX", "w"."PositionY", "w"."ProjectId", "w"."Route", "w"."StartUtc", "w"."Status", "w"."Subtitle", "w"."Title", "w"."UpdatedAtUtc"
      FROM "Workbench_ProjectObjects" AS "w"
      WHERE "w"."ProjectId" = @projectId
info: Microsoft.EntityFrameworkCore.Database.Command[20101]
      Executed DbCommand (0ms) [Parameters=[@projectId='?' (DbType = Guid)], CommandType='Text', CommandTimeout='30']
      SELECT "w"."Id", "w"."CreatedAtUtc", "w"."IsSystemManaged", "w"."LinkKind", "w"."ProjectId", "w"."SourceNodeKey", "w"."TargetNodeKey"
      FROM "Workbench_ProjectObjectLinks" AS "w"
      WHERE "w"."ProjectId" = @projectId
info: Microsoft.EntityFrameworkCore.Database.Command[20101]
      Executed DbCommand (0ms) [Parameters=[@p1='?' (DbType = Guid), @p0='?' (DbType = DateTimeOffset)], CommandType='Text', CommandTimeout='30']
      UPDATE "Workbench_ProjectObjects" SET "UpdatedAtUtc" = @p0
      WHERE "Id" = @p1
      RETURNING 1;
info: Microsoft.EntityFrameworkCore.Database.Command[20101]
      Executed DbCommand (0ms) [Parameters=[@projectId='?' (DbType = Guid)], CommandType='Text', CommandTimeout='30']
      SELECT "w"."Id", "w"."CreatedAtUtc", "w"."EndUtc", "w"."ExternalArtifactId", "w"."ExternalArtifactKind", "w"."IsSystemManaged", "w"."NodeKey", "w"."Notes", "w"."ObjectType", "w"."ParentNodeKey", "w"."PositionX", "w"."PositionY", "w"."ProjectId", "w"."Route", "w"."StartUtc", "w"."Status", "w"."Subtitle", "w"."Title", "w"."UpdatedAtUtc"
      FROM "Workbench_ProjectObjects" AS "w"
      WHERE "w"."ProjectId" = @projectId
      ORDER BY "w"."PositionY", "w"."PositionX"
info: Microsoft.EntityFrameworkCore.Database.Command[20101]
      Executed DbCommand (0ms) [Parameters=[@projectId='?' (DbType = Guid)], CommandType='Text', CommandTimeout='30']
      SELECT "w"."Id", "w"."CreatedAtUtc", "w"."IsSystemManaged", "w"."LinkKind", "w"."ProjectId", "w"."SourceNodeKey", "w"."TargetNodeKey"
      FROM "Workbench_ProjectObjectLinks" AS "w"
      WHERE "w"."ProjectId" = @projectId
      ORDER BY "w"."SourceNodeKey", "w"."TargetNodeKey"
info: Microsoft.EntityFrameworkCore.Database.Command[20101]
      Executed DbCommand (0ms) [Parameters=[@projectId='?' (DbType = Guid), @surfaceKind='?' (Size = 9)], CommandType='Text', CommandTimeout='30']
      SELECT "w"."StateJson"
      FROM "Workbench_ViewStates" AS "w"
      WHERE "w"."ProjectId" = @projectId AND "w"."SurfaceKind" = @surfaceKind
      LIMIT 1
info: Microsoft.EntityFrameworkCore.Database.Command[20101]
      Executed DbCommand (0ms) [Parameters=[@id_Value='?' (DbType = Guid)], CommandType='Text', CommandTimeout='30']
      SELECT "p"."Id", "p"."CreatedAtUtc", "p"."CurrentPhase", "p"."Description", "p"."Name", "p"."Objective", "p"."Slug", "p"."Status", "p"."TargetDateUtc", "p"."UpdatedAtUtc"
      FROM "Projects_Projects" AS "p"
      WHERE "p"."Id" = @id_Value
      LIMIT 1
info: Microsoft.EntityFrameworkCore.Database.Command[20101]
      Executed DbCommand (0ms) [Parameters=[@project_Id='?' (DbType = Guid)], CommandType='Text', CommandTimeout='30']
      SELECT "p"."Id", "p"."Name", "p"."Goal", "p"."Status", "p"."StartDateUtc", "p"."EndDateUtc"
      FROM "Projects_ProjectPhases" AS "p"
      WHERE "p"."ProjectId" = @project_Id
      ORDER BY "p"."OrderIndex"
info: Microsoft.EntityFrameworkCore.Database.Command[20101]
      Executed DbCommand (0ms) [Parameters=[@project_Id='?' (DbType = Guid)], CommandType='Text', CommandTimeout='30']
      SELECT "p"."Id", "p"."Category", "p"."OptionName", "p"."Notes"
      FROM "Projects_ProjectOptionSelections" AS "p"
      WHERE "p"."ProjectId" = @project_Id
info: Microsoft.EntityFrameworkCore.Database.Command[20101]
      Executed DbCommand (0ms) [Parameters=[@projectId='?' (DbType = Guid)], CommandType='Text', CommandTimeout='30']
      SELECT "p"."Id", "p"."CreatedAtUtc", "p"."CurrentPhase", "p"."Description", "p"."Name", "p"."Objective", "p"."Slug", "p"."Status", "p"."TargetDateUtc", "p"."UpdatedAtUtc"
      FROM "Projects_Projects" AS "p"
      WHERE "p"."Id" = @projectId
      LIMIT 1
info: Microsoft.EntityFrameworkCore.Database.Command[20101]
      Executed DbCommand (0ms) [Parameters=[@projectId='?' (DbType = Guid)], CommandType='Text', CommandTimeout='30']
      SELECT "p"."Id", "p"."CreatedAtUtc", "p"."CurrentPhase", "p"."Description", "p"."Name", "p"."Objective", "p"."Slug", "p"."Status", "p"."TargetDateUtc", "p"."UpdatedAtUtc"
      FROM "Projects_Projects" AS "p"
      WHERE "p"."Id" = @projectId
      LIMIT 1
info: Microsoft.EntityFrameworkCore.Database.Command[20101]
      Executed DbCommand (0ms) [Parameters=[@projectId='?' (DbType = Guid)], CommandType='Text', CommandTimeout='30']
      SELECT "p"."Id", "p"."EndDateUtc", "p"."Goal", "p"."Name", "p"."OrderIndex", "p"."ProjectId", "p"."StartDateUtc", "p"."Status"
      FROM "Projects_ProjectPhases" AS "p"
      WHERE "p"."ProjectId" = @projectId
      ORDER BY "p"."OrderIndex"
info: Microsoft.EntityFrameworkCore.Database.Command[20101]
      Executed DbCommand (0ms) [Parameters=[@projectId='?' (DbType = Guid)], CommandType='Text', CommandTimeout='30']
      SELECT "r"."Id", "r"."ConfigJson", "r"."CreatedAtUtc", "r"."Description", "r"."LinkedSecretIdsJson", "r"."LocationOrIdentifier", "r"."Name", "r"."ProjectId", "r"."ResourceKind", "r"."Sensitivity", "r"."SupportsIndexing", "r"."SupportsPreview", "r"."UpdatedAtUtc", "r"."ValidationStatus"
      FROM "Resources_ProjectResources" AS "r"
      WHERE "r"."ProjectId" = @projectId
      ORDER BY "r"."Name"
info: Microsoft.EntityFrameworkCore.Database.Command[20101]
      Executed DbCommand (0ms) [Parameters=[@projectId='?' (DbType = Guid)], CommandType='Text', CommandTimeout='30']
      SELECT "f"."Id", "f"."CreatedAtUtc", "f"."FlowTemplateId", "f"."Name", "f"."Phase", "f"."ProjectId", "f"."UpdatedAtUtc"
      FROM "Factory_PromptRuns" AS "f"
      WHERE "f"."ProjectId" = @projectId
info: Microsoft.EntityFrameworkCore.Database.Command[20101]
      Executed DbCommand (0ms) [Parameters=[@projectId='?' (DbType = Guid)], CommandType='Text', CommandTimeout='30']
      SELECT "v"."Id", "v"."ArtifactRoute", "v"."ArtifactTitle", "v"."ChecklistId", "v"."CreatedAtUtc", "v"."Decision", "v"."ProjectId", "v"."SourceContent", "v"."Summary", "v"."UpdatedAtUtc", "v"."ValidationType"
      FROM "Validation_Runs" AS "v"
      WHERE "v"."ProjectId" = @projectId
info: Microsoft.EntityFrameworkCore.Database.Command[20101]
      Executed DbCommand (0ms) [Parameters=[@projectId='?' (DbType = Guid)], CommandType='Text', CommandTimeout='30']
      SELECT "t"."Id", "t"."CoverageGoal", "t"."CreatedAtUtc", "t"."Phase", "t"."PlaywrightSpecPath", "t"."ProjectId", "t"."Title", "t"."UpdatedAtUtc"
      FROM "TestLab_TestPlans" AS "t"
      WHERE "t"."ProjectId" = @projectId
info: Microsoft.EntityFrameworkCore.Database.Command[20101]
      Executed DbCommand (0ms) [Parameters=[@projectId='?' (DbType = Guid)], CommandType='Text', CommandTimeout='30']
      SELECT "w"."Id", "w"."CreatedAtUtc", "w"."EndUtc", "w"."ExternalArtifactId", "w"."ExternalArtifactKind", "w"."IsSystemManaged", "w"."NodeKey", "w"."Notes", "w"."ObjectType", "w"."ParentNodeKey", "w"."PositionX", "w"."PositionY", "w"."ProjectId", "w"."Route", "w"."StartUtc", "w"."Status", "w"."Subtitle", "w"."Title", "w"."UpdatedAtUtc"
      FROM "Workbench_ProjectObjects" AS "w"
      WHERE "w"."ProjectId" = @projectId
info: Microsoft.EntityFrameworkCore.Database.Command[20101]
      Executed DbCommand (0ms) [Parameters=[@projectId='?' (DbType = Guid)], CommandType='Text', CommandTimeout='30']
      SELECT "w"."Id", "w"."CreatedAtUtc", "w"."IsSystemManaged", "w"."LinkKind", "w"."ProjectId", "w"."SourceNodeKey", "w"."TargetNodeKey"
      FROM "Workbench_ProjectObjectLinks" AS "w"
      WHERE "w"."ProjectId" = @projectId
info: Microsoft.EntityFrameworkCore.Database.Command[20101]
      Executed DbCommand (0ms) [Parameters=[@p1='?' (DbType = Guid), @p0='?' (DbType = DateTimeOffset)], CommandType='Text', CommandTimeout='30']
      UPDATE "Workbench_ProjectObjects" SET "UpdatedAtUtc" = @p0
      WHERE "Id" = @p1
      RETURNING 1;
info: Microsoft.EntityFrameworkCore.Database.Command[20101]
      Executed DbCommand (0ms) [Parameters=[@projectId='?' (DbType = Guid), @surfaceKind='?' (Size = 8)], CommandType='Text', CommandTimeout='30']
      SELECT "w"."StateJson"
      FROM "Workbench_ViewStates" AS "w"
      WHERE "w"."ProjectId" = @projectId AND "w"."SurfaceKind" = @surfaceKind
      LIMIT 1
info: Microsoft.EntityFrameworkCore.Database.Command[20101]
      Executed DbCommand (0ms) [Parameters=[@projectId='?' (DbType = Guid)], CommandType='Text', CommandTimeout='30']
      SELECT "w"."Id", "w"."CreatedAtUtc", "w"."EndUtc", "w"."ExternalArtifactId", "w"."ExternalArtifactKind", "w"."IsSystemManaged", "w"."NodeKey", "w"."Notes", "w"."ObjectType", "w"."ParentNodeKey", "w"."PositionX", "w"."PositionY", "w"."ProjectId", "w"."Route", "w"."StartUtc", "w"."Status", "w"."Subtitle", "w"."Title", "w"."UpdatedAtUtc"
      FROM "Workbench_ProjectObjects" AS "w"
      WHERE "w"."ProjectId" = @projectId AND "w"."StartUtc" IS NOT NULL AND "w"."EndUtc" IS NOT NULL
warn: Microsoft.AspNetCore.Components.Server.Circuits.RemoteRenderer[100]
      Unhandled exception rendering component: JavaScript interop calls cannot be issued at this time. This is because the circuit has disconnected and is being disposed.
      Microsoft.JSInterop.JSDisconnectedException: JavaScript interop calls cannot be issued at this time. This is because the circuit has disconnected and is being disposed.
         at Microsoft.AspNetCore.Components.Server.Circuits.RemoteJSRuntime.BeginInvokeJS(JSInvocationInfo& invocationInfo)
         at Microsoft.JSInterop.JSRuntime.InvokeAsync[TValue](Int64 targetInstanceId, String identifier, JSCallType callType, CancellationToken cancellationToken, Object[] args)
         at Microsoft.JSInterop.JSRuntime.InvokeAsync[TValue](Int64 targetInstanceId, String identifier, JSCallType callType, Object[] args)
         at Microsoft.JSInterop.JSRuntimeExtensions.InvokeVoidAsync(IJSRuntime jsRuntime, String identifier, Object[] args)
         at CanDoItAll.Modules.Workbench.Components.ProjectStructureCanvas.DisposeAsync() in C:\repositories\CanDoItAll\src\CanDoItAll.Modules.Workbench\Components\ProjectStructureCanvas.razor:line 74
         at Microsoft.AspNetCore.Components.RenderTree.Renderer.<>c__DisplayClass105_0.<<Dispose>g__HandleAsyncExceptions|0>d.MoveNext()
fail: Microsoft.AspNetCore.Components.Server.Circuits.CircuitHost[111]
      Unhandled exception in circuit 'bbPwug7oqDeETvdar7anQVId100Lqx8uJB4WiKgOJio'.
      Microsoft.JSInterop.JSDisconnectedException: JavaScript interop calls cannot be issued at this time. This is because the circuit has disconnected and is being disposed.
         at Microsoft.AspNetCore.Components.Server.Circuits.RemoteJSRuntime.BeginInvokeJS(JSInvocationInfo& invocationInfo)
         at Microsoft.JSInterop.JSRuntime.InvokeAsync[TValue](Int64 targetInstanceId, String identifier, JSCallType callType, CancellationToken cancellationToken, Object[] args)
         at Microsoft.JSInterop.JSRuntime.InvokeAsync[TValue](Int64 targetInstanceId, String identifier, JSCallType callType, Object[] args)
         at Microsoft.JSInterop.JSRuntimeExtensions.InvokeVoidAsync(IJSRuntime jsRuntime, String identifier, Object[] args)
         at CanDoItAll.Modules.Workbench.Components.ProjectStructureCanvas.DisposeAsync() in C:\repositories\CanDoItAll\src\CanDoItAll.Modules.Workbench\Components\ProjectStructureCanvas.razor:line 74
         at Microsoft.AspNetCore.Components.RenderTree.Renderer.<>c__DisplayClass105_0.<<Dispose>g__HandleAsyncExceptions|0>d.MoveNext()
info: Microsoft.EntityFrameworkCore.Database.Command[20101]
      Executed DbCommand (0ms) [Parameters=[@projectId='?' (DbType = Guid)], CommandType='Text', CommandTimeout='30']
      SELECT "p"."Id", "p"."CreatedAtUtc", "p"."CurrentPhase", "p"."Description", "p"."Name", "p"."Objective", "p"."Slug", "p"."Status", "p"."TargetDateUtc", "p"."UpdatedAtUtc"
      FROM "Projects_Projects" AS "p"
      WHERE "p"."Id" = @projectId
      LIMIT 1
info: Microsoft.EntityFrameworkCore.Database.Command[20101]
      Executed DbCommand (0ms) [Parameters=[@projectId='?' (DbType = Guid)], CommandType='Text', CommandTimeout='30']
      SELECT "p"."Id", "p"."CreatedAtUtc", "p"."CurrentPhase", "p"."Description", "p"."Name", "p"."Objective", "p"."Slug", "p"."Status", "p"."TargetDateUtc", "p"."UpdatedAtUtc"
      FROM "Projects_Projects" AS "p"
      WHERE "p"."Id" = @projectId
      LIMIT 1
info: Microsoft.EntityFrameworkCore.Database.Command[20101]
      Executed DbCommand (0ms) [Parameters=[@projectId='?' (DbType = Guid)], CommandType='Text', CommandTimeout='30']
      SELECT "p"."Id", "p"."EndDateUtc", "p"."Goal", "p"."Name", "p"."OrderIndex", "p"."ProjectId", "p"."StartDateUtc", "p"."Status"
      FROM "Projects_ProjectPhases" AS "p"
      WHERE "p"."ProjectId" = @projectId
      ORDER BY "p"."OrderIndex"
info: Microsoft.EntityFrameworkCore.Database.Command[20101]
      Executed DbCommand (0ms) [Parameters=[@projectId='?' (DbType = Guid)], CommandType='Text', CommandTimeout='30']
      SELECT "r"."Id", "r"."ConfigJson", "r"."CreatedAtUtc", "r"."Description", "r"."LinkedSecretIdsJson", "r"."LocationOrIdentifier", "r"."Name", "r"."ProjectId", "r"."ResourceKind", "r"."Sensitivity", "r"."SupportsIndexing", "r"."SupportsPreview", "r"."UpdatedAtUtc", "r"."ValidationStatus"
      FROM "Resources_ProjectResources" AS "r"
      WHERE "r"."ProjectId" = @projectId
      ORDER BY "r"."Name"
info: Microsoft.EntityFrameworkCore.Database.Command[20101]
      Executed DbCommand (1ms) [Parameters=[@projectId='?' (DbType = Guid)], CommandType='Text', CommandTimeout='30']
      SELECT "f"."Id", "f"."CreatedAtUtc", "f"."FlowTemplateId", "f"."Name", "f"."Phase", "f"."ProjectId", "f"."UpdatedAtUtc"
      FROM "Factory_PromptRuns" AS "f"
      WHERE "f"."ProjectId" = @projectId
info: Microsoft.EntityFrameworkCore.Database.Command[20101]
      Executed DbCommand (0ms) [Parameters=[@projectId='?' (DbType = Guid)], CommandType='Text', CommandTimeout='30']
      SELECT "v"."Id", "v"."ArtifactRoute", "v"."ArtifactTitle", "v"."ChecklistId", "v"."CreatedAtUtc", "v"."Decision", "v"."ProjectId", "v"."SourceContent", "v"."Summary", "v"."UpdatedAtUtc", "v"."ValidationType"
      FROM "Validation_Runs" AS "v"
      WHERE "v"."ProjectId" = @projectId
info: Microsoft.EntityFrameworkCore.Database.Command[20101]
      Executed DbCommand (0ms) [Parameters=[@projectId='?' (DbType = Guid)], CommandType='Text', CommandTimeout='30']
      SELECT "t"."Id", "t"."CoverageGoal", "t"."CreatedAtUtc", "t"."Phase", "t"."PlaywrightSpecPath", "t"."ProjectId", "t"."Title", "t"."UpdatedAtUtc"
      FROM "TestLab_TestPlans" AS "t"
      WHERE "t"."ProjectId" = @projectId
info: Microsoft.EntityFrameworkCore.Database.Command[20101]
      Executed DbCommand (0ms) [Parameters=[@projectId='?' (DbType = Guid)], CommandType='Text', CommandTimeout='30']
      SELECT "w"."Id", "w"."CreatedAtUtc", "w"."EndUtc", "w"."ExternalArtifactId", "w"."ExternalArtifactKind", "w"."IsSystemManaged", "w"."NodeKey", "w"."Notes", "w"."ObjectType", "w"."ParentNodeKey", "w"."PositionX", "w"."PositionY", "w"."ProjectId", "w"."Route", "w"."StartUtc", "w"."Status", "w"."Subtitle", "w"."Title", "w"."UpdatedAtUtc"
      FROM "Workbench_ProjectObjects" AS "w"
      WHERE "w"."ProjectId" = @projectId
info: Microsoft.EntityFrameworkCore.Database.Command[20101]
      Executed DbCommand (0ms) [Parameters=[@projectId='?' (DbType = Guid)], CommandType='Text', CommandTimeout='30']
      SELECT "w"."Id", "w"."CreatedAtUtc", "w"."IsSystemManaged", "w"."LinkKind", "w"."ProjectId", "w"."SourceNodeKey", "w"."TargetNodeKey"
      FROM "Workbench_ProjectObjectLinks" AS "w"
      WHERE "w"."ProjectId" = @projectId
info: Microsoft.EntityFrameworkCore.Database.Command[20101]
      Executed DbCommand (0ms) [Parameters=[@p1='?' (DbType = Guid), @p0='?' (DbType = DateTimeOffset)], CommandType='Text', CommandTimeout='30']
      UPDATE "Workbench_ProjectObjects" SET "UpdatedAtUtc" = @p0
      WHERE "Id" = @p1
      RETURNING 1;
info: Microsoft.EntityFrameworkCore.Database.Command[20101]
      Executed DbCommand (0ms) [Parameters=[@projectId='?' (DbType = Guid), @surfaceKind='?' (Size = 8)], CommandType='Text', CommandTimeout='30']
      SELECT "w"."StateJson"
      FROM "Workbench_ViewStates" AS "w"
      WHERE "w"."ProjectId" = @projectId AND "w"."SurfaceKind" = @surfaceKind
      LIMIT 1
info: Microsoft.EntityFrameworkCore.Database.Command[20101]
      Executed DbCommand (0ms) [Parameters=[@projectId='?' (DbType = Guid)], CommandType='Text', CommandTimeout='30']
      SELECT "w"."Id", "w"."CreatedAtUtc", "w"."EndUtc", "w"."ExternalArtifactId", "w"."ExternalArtifactKind", "w"."IsSystemManaged", "w"."NodeKey", "w"."Notes", "w"."ObjectType", "w"."ParentNodeKey", "w"."PositionX", "w"."PositionY", "w"."ProjectId", "w"."Route", "w"."StartUtc", "w"."Status", "w"."Subtitle", "w"."Title", "w"."UpdatedAtUtc"
      FROM "Workbench_ProjectObjects" AS "w"
      WHERE "w"."ProjectId" = @projectId AND "w"."StartUtc" IS NOT NULL AND "w"."EndUtc" IS NOT NULL
info: Microsoft.EntityFrameworkCore.Database.Command[20101]
      Executed DbCommand (0ms) [Parameters=[@id_Value='?' (DbType = Guid)], CommandType='Text', CommandTimeout='30']
      SELECT "p"."Id", "p"."CreatedAtUtc", "p"."CurrentPhase", "p"."Description", "p"."Name", "p"."Objective", "p"."Slug", "p"."Status", "p"."TargetDateUtc", "p"."UpdatedAtUtc"
      FROM "Projects_Projects" AS "p"
      WHERE "p"."Id" = @id_Value
      LIMIT 1
info: Microsoft.EntityFrameworkCore.Database.Command[20101]
      Executed DbCommand (0ms) [Parameters=[@project_Id='?' (DbType = Guid)], CommandType='Text', CommandTimeout='30']
      SELECT "p"."Id", "p"."Name", "p"."Goal", "p"."Status", "p"."StartDateUtc", "p"."EndDateUtc"
      FROM "Projects_ProjectPhases" AS "p"
      WHERE "p"."ProjectId" = @project_Id
      ORDER BY "p"."OrderIndex"
info: Microsoft.EntityFrameworkCore.Database.Command[20101]
      Executed DbCommand (0ms) [Parameters=[@project_Id='?' (DbType = Guid)], CommandType='Text', CommandTimeout='30']
      SELECT "p"."Id", "p"."Category", "p"."OptionName", "p"."Notes"
      FROM "Projects_ProjectOptionSelections" AS "p"
      WHERE "p"."ProjectId" = @project_Id
