<?xml version="1.0" encoding="utf-8"?>
<TestRun id="61d0e73c-86bf-453c-b1f2-6bc5e69cc63a" name="lucys@LUCYSPOWER 2026-08-27 16:46:24" runUser="LUCYSPOWER\lucys" xmlns="http://microsoft.com/schemas/VisualStudio/TeamTest/2010">
  <Times creation="2026-08-27T16:46:24.2073191-04:00" queuing="2026-08-27T16:46:24.2073200-04:00" start="2026-08-27T16:46:14.5973210-04:00" finish="2026-08-27T16:46:24.2160685-04:00" />
  <TestSettings name="default" id="6f8b4bcb-14d3-4938-8966-6cdb193acc75">
    <Deployment runDeploymentRoot="lucys_LUCYSPOWER_2026-08-27_16_46_24" />
  </TestSettings>
  <Results>
    <UnitTestResult executionId="13c204c9-dbef-48c3-a3ee-b06b68316b42" testId="e741d0d8-511e-56fa-1520-3678aac5699c" testName="CanDoItAll.Tests.Integration.Api.ApiAccessAuthorizationIntegrationTests.TOKEN_SCOPES_empty_selection_never_grants_broad_api_access" computerName="LUCYSPOWER" duration="00:00:06.7091888" startTime="2026-08-27T16:46:17.3382718-04:00" endTime="2026-08-27T16:46:24.0719140-04:00" testType="13cdc9d9-ddb5-4fa4-a97d-d965ccfc6d4b" outcome="Failed" testListId="8c84fa94-04c1-424b-9868-57a2d4851a1d" relativeResultsDirectory="13c204c9-dbef-48c3-a3ee-b06b68316b42">
      <Output>
        <ErrorInfo>
          <Message>Assert.Throws() Failure: No exception was thrown&#xD;
Expected: typeof(System.InvalidOperationException)</Message>
          <StackTrace>   at CanDoItAll.Tests.Integration.Api.ApiAccessAuthorizationIntegrationTests.TOKEN_SCOPES_empty_selection_never_grants_broad_api_access() in C:\repositories\CanDoItAll\tests\Integration\CanDoItAll.Tests.Integration\ApiAccessAuthorizationIntegrationTests.cs:line 19&#xD;
   at CanDoItAll.Tests.Integration.Api.ApiAccessAuthorizationIntegrationTests.TOKEN_SCOPES_empty_selection_never_grants_broad_api_access() in C:\repositories\CanDoItAll\tests\Integration\CanDoItAll.Tests.Integration\ApiAccessAuthorizationIntegrationTests.cs:line 19&#xD;
--- End of stack trace from previous location ---</StackTrace>
        </ErrorInfo>
      </Output>
    </UnitTestResult>
  </Results>
  <TestDefinitions>
    <UnitTest name="CanDoItAll.Tests.Integration.Api.ApiAccessAuthorizationIntegrationTests.TOKEN_SCOPES_empty_selection_never_grants_broad_api_access" storage="c:\repositories\candoitall\tests\integration\candoitall.tests.integration\bin\debug\net10.0\candoitall.tests.integration.dll" id="e741d0d8-511e-56fa-1520-3678aac5699c">
      <Execution id="13c204c9-dbef-48c3-a3ee-b06b68316b42" />
      <TestMethod codeBase="C:\repositories\CanDoItAll\tests\Integration\CanDoItAll.Tests.Integration\bin\Debug\net10.0\CanDoItAll.Tests.Integration.dll" adapterTypeName="executor://xunit/VsTestRunner3/netcore/" className="CanDoItAll.Tests.Integration.Api.ApiAccessAuthorizationIntegrationTests" name="TOKEN_SCOPES_empty_selection_never_grants_broad_api_access" />
    </UnitTest>
  </TestDefinitions>
  <TestEntries>
    <TestEntry testId="e741d0d8-511e-56fa-1520-3678aac5699c" executionId="13c204c9-dbef-48c3-a3ee-b06b68316b42" testListId="8c84fa94-04c1-424b-9868-57a2d4851a1d" />
  </TestEntries>
  <TestLists>
    <TestList name="Výsledky neuvedené v seznamu" id="8c84fa94-04c1-424b-9868-57a2d4851a1d" />
    <TestList name="Všechny načtené výsledky" id="19431567-8539-422a-85d7-44ee4e166bda" />
  </TestLists>
  <ResultSummary outcome="Failed">
    <Counters total="1" executed="1" passed="0" failed="1" error="0" timeout="0" aborted="0" inconclusive="0" passedButRunAborted="0" notRunnable="0" notExecuted="0" disconnected="0" warning="0" completed="0" inProgress="0" pending="0" />
    <Output>
      <StdOut>[xUnit.net 00:00:00.00] xUnit.net VSTest Adapter v3.1.4+50e68bbb8b (64-bit .NET 10.0.11)&#xD;
[xUnit.net 00:00:00.51]   Discovering: CanDoItAll.Tests.Integration&#xD;
[xUnit.net 00:00:01.00]   Discovered:  CanDoItAll.Tests.Integration&#xD;
[xUnit.net 00:00:01.06]   Starting:    CanDoItAll.Tests.Integration&#xD;
info: CanDoItAll.Infrastructure.ControlPlane.DatabaseProfileControlPlaneService[0]&#xD;
      Resolved database profile Configured in-memory override (565d957c-fad2-ad3e-f544-bcdefcd646b9) via ExplicitOverride. Provider=InMemory. Fingerprint=inmemory:fcc6734ded82e8bb. RuntimeLocked=True.&#xD;
info: CanDoItAll.Infrastructure.ControlPlane.CanonicalRuntimeDatabase[0]&#xD;
      Initialized canonical runtime database profile 565d957c-fad2-ad3e-f544-bcdefcd646b9 (Configured in-memory override). Provider=InMemory. Fingerprint=inmemory:fcc6734ded82e8bb. Generation=0.&#xD;
info: CanDoItAll.Composition.AppDatabaseBootstrapper[0]&#xD;
      Ensuring runtime database profile 565d957c-fad2-ad3e-f544-bcdefcd646b9 (Configured in-memory override) is ready. Provider=InMemory, Source=InMemory.&#xD;
info: CanDoItAll.Composition.AppDatabaseBootstrapper[0]&#xD;
      Ensuring non-relational database profile 565d957c-fad2-ad3e-f544-bcdefcd646b9 is created.&#xD;
info: CanDoItAll.Composition.AppDatabaseBootstrapper[0]&#xD;
      Ensuring agent provider bootstrap for non-relational profile 565d957c-fad2-ad3e-f544-bcdefcd646b9.&#xD;
info: CanDoItAll.Composition.AppDatabaseBootstrapper[0]&#xD;
      Seeded OpenAI provider bootstrap for profile 565d957c-fad2-ad3e-f544-bcdefcd646b9.&#xD;
info: CanDoItAll.Composition.AppDatabaseBootstrapper[0]&#xD;
      Non-relational database profile 565d957c-fad2-ad3e-f544-bcdefcd646b9 is ready.&#xD;
info: CanDoItAll.Modules.AgentFramework.ProviderManagement.CanonicalProviderRuntimeProfileSnapshotService[0]&#xD;
      Prepared canonical provider runtime snapshot for database profile 565d957c-fad2-ad3e-f544-bcdefcd646b9 at generation 0. ProviderCount=6.&#xD;
info: Microsoft.AspNetCore.DataProtection.KeyManagement.XmlKeyManager[58]&#xD;
      Creating key {8150a7c0-b021-44c8-93fb-dcb7b0ab8bfb} with creation date 2026-08-27 20:46:21Z, activation date 2026-08-27 20:46:21Z, and expiration date 2026-11-25 20:46:21Z.&#xD;
warn: Microsoft.AspNetCore.DataProtection.KeyManagement.XmlKeyManager[35]&#xD;
      No XML encryptor configured. Key {8150a7c0-b021-44c8-93fb-dcb7b0ab8bfb} may be persisted to storage in unencrypted form.&#xD;
warn: CanDoItAll.Modules.Security.SecretVaultStartupValidator[0]&#xD;
      Secret vault provider DataProtectionFile is running with DevelopmentOnly protection. This Development-only legacy file vault stores its local key beside encrypted payloads and does not provide an operating-system vault boundary.&#xD;
info: Microsoft.EntityFrameworkCore.Update[30100]&#xD;
      Saved 866 entities to in-memory store.&#xD;
info: CanDoItAll.Modules.Prompts.PromptGallerySeedImportHostedService[0]&#xD;
      Prompt Gallery seed import completed with 111 created and 0 existing items from 111 packaged components.&#xD;
info: CanDoItAll.Modules.AgentFramework.WorkflowPromptGalleryMigrationHostedService[0]&#xD;
      Verified canonical Prompt Gallery bindings for workflow LLM components.&#xD;
info: CanDoItAll.Composition.LlmChatOperationDispatcherHostedService[0]&#xD;
      Starting 1 LLM Chat dispatcher worker(s). CandidateBatchSize=16 MaximumQueuedAge=00:05:00 MaximumOperationDuration=00:30:00.&#xD;
info: CanDoItAll.Composition.HostCapabilityStartupValidator[0]&#xD;
      Runtime host profile WindowsInteractive is ready. OptionalUnavailable=FileToolsDesktop, DesktopFileOpen, InteractiveTerminal, NativeProcessDiscovery.&#xD;
info: Microsoft.Hosting.Lifetime[14]&#xD;
      Now listening on: http://127.0.0.1:49681&#xD;
info: Microsoft.Hosting.Lifetime[0]&#xD;
      Application started. Press Ctrl+C to shut down.&#xD;
info: Microsoft.Hosting.Lifetime[0]&#xD;
      Hosting environment: Development&#xD;
info: Microsoft.Hosting.Lifetime[0]&#xD;
      Content root path: C:\Users\lucys\AppData\Local\Temp\candoitall-api-tests\969e62b1cf93401d8e6bd9c76cfab9ba&#xD;
info: Microsoft.Hosting.Lifetime[0]&#xD;
      Application is shutting down...&#xD;
[xUnit.net 00:00:07.83]       Assert.Throws() Failure: No exception was thrown&#xD;
[xUnit.net 00:00:07.83]       Expected: typeof(System.InvalidOperationException)&#xD;
[xUnit.net 00:00:07.83]       Stack Trace:&#xD;
[xUnit.net 00:00:07.84]         C:\repositories\CanDoItAll\tests\Integration\CanDoItAll.Tests.Integration\ApiAccessAuthorizationIntegrationTests.cs(19,0): at CanDoItAll.Tests.Integration.Api.ApiAccessAuthorizationIntegrationTests.TOKEN_SCOPES_empty_selection_never_grants_broad_api_access()&#xD;
[xUnit.net 00:00:07.84]         C:\repositories\CanDoItAll\tests\Integration\CanDoItAll.Tests.Integration\ApiAccessAuthorizationIntegrationTests.cs(19,0): at CanDoItAll.Tests.Integration.Api.ApiAccessAuthorizationIntegrationTests.TOKEN_SCOPES_empty_selection_never_grants_broad_api_access()&#xD;
[xUnit.net 00:00:07.84]         --- End of stack trace from previous location ---&#xD;
[xUnit.net 00:00:07.85]   Finished:    CanDoItAll.Tests.Integration&#xD;
</StdOut>
    </Output>
    <RunInfos>
      <RunInfo computerName="LUCYSPOWER" outcome="Error" timestamp="2026-08-27T16:46:24.0750024-04:00">
        <Text>[xUnit.net 00:00:07.83]     CanDoItAll.Tests.Integration.Api.ApiAccessAuthorizationIntegrationTests.TOKEN_SCOPES_empty_selection_never_grants_broad_api_access [FAIL]</Text>
      </RunInfo>
    </RunInfos>
  </ResultSummary>
</TestRun>