<?xml version="1.0" encoding="utf-8"?>
<TestRun id="ad013110-86d1-434c-acdb-410c20f7f07b" name="lucys@LUCYSPOWER 2026-08-27 19:01:19" runUser="LUCYSPOWER\lucys" xmlns="http://microsoft.com/schemas/VisualStudio/TeamTest/2010">
  <Times creation="2026-08-27T19:01:19.2976365-04:00" queuing="2026-08-27T19:01:19.2976375-04:00" start="2026-08-27T19:01:17.4455550-04:00" finish="2026-08-27T19:01:19.7224939-04:00" />
  <TestSettings name="default" id="068730f0-fb38-4531-a783-cb81ec74e649">
    <Deployment runDeploymentRoot="lucys_LUCYSPOWER_2026-08-27_19_01_19" />
  </TestSettings>
  <Results>
    <UnitTestResult executionId="2f173113-cbb2-4a04-bf29-24d7b809e89e" testId="313e1ba2-6852-4d9b-6630-52efa7ae2188" testName="CanDoItAll.Tests.Components.AgentFramework.AgentThinkingEffortSettingsTests.Supported_model_lists_allowed_efforts_and_configured_provider_default" computerName="LUCYSPOWER" duration="00:00:00.0026714" startTime="2026-08-27T19:01:19.2516557-04:00" endTime="2026-08-27T19:01:19.2517898-04:00" testType="13cdc9d9-ddb5-4fa4-a97d-d965ccfc6d4b" outcome="Passed" testListId="8c84fa94-04c1-424b-9868-57a2d4851a1d" relativeResultsDirectory="2f173113-cbb2-4a04-bf29-24d7b809e89e" />
    <UnitTestResult executionId="77f1cdf2-ea15-4182-8385-1351ced63294" testId="d9bf62c9-4b56-f646-c947-e02cf3a6d5f7" testName="CanDoItAll.Tests.Components.AgentFramework.AgentDetailsDialogThinkingEffortTests.Switching_to_an_unknown_model_preserves_the_override_and_blocks_persistence" computerName="LUCYSPOWER" duration="00:00:00.0316730" startTime="2026-08-27T19:01:19.5533344-04:00" endTime="2026-08-27T19:01:19.5851629-04:00" testType="13cdc9d9-ddb5-4fa4-a97d-d965ccfc6d4b" outcome="Passed" testListId="8c84fa94-04c1-424b-9868-57a2d4851a1d" relativeResultsDirectory="77f1cdf2-ea15-4182-8385-1351ced63294" />
    <UnitTestResult executionId="f04b6389-edca-4f77-92cd-a5883a71a27f" testId="3b9ec8dc-d541-33ac-34a6-a9f04b5158f3" testName="CanDoItAll.Tests.Components.AgentFramework.ProviderModelSelectorTests.ProviderModelSelector_treats_non_empty_provider_default_value_as_explicit_override" computerName="LUCYSPOWER" duration="00:00:00.0021835" startTime="2026-08-27T19:01:19.3032756-04:00" endTime="2026-08-27T19:01:19.3053790-04:00" testType="13cdc9d9-ddb5-4fa4-a97d-d965ccfc6d4b" outcome="Passed" testListId="8c84fa94-04c1-424b-9868-57a2d4851a1d" relativeResultsDirectory="f04b6389-edca-4f77-92cd-a5883a71a27f" />
    <UnitTestResult executionId="f0833d17-48ba-46f9-bea7-bc817ca3836e" testId="501cf5cd-c0a0-7895-13bd-baea969755a6" testName="CanDoItAll.Tests.Components.AgentFramework.ProviderModelSelectorTests.ProviderModelSelector_lists_provider_default_and_suggested_models" computerName="LUCYSPOWER" duration="00:00:00.0082257" startTime="2026-08-27T19:01:19.3242797-04:00" endTime="2026-08-27T19:01:19.3322744-04:00" testType="13cdc9d9-ddb5-4fa4-a97d-d965ccfc6d4b" outcome="Passed" testListId="8c84fa94-04c1-424b-9868-57a2d4851a1d" relativeResultsDirectory="f0833d17-48ba-46f9-bea7-bc817ca3836e" />
    <UnitTestResult executionId="ef3746a3-4cfe-47a2-8e81-a6edb9facb0b" testId="11530af4-25fb-791f-f27d-b259a999580c" testName="CanDoItAll.Tests.Components.AgentFramework.AgentThinkingEffortSettingsTests.Discovered_ollama_capability_lists_only_native_allowed_efforts" computerName="LUCYSPOWER" duration="00:00:00.0027761" startTime="2026-08-27T19:01:19.2535130-04:00" endTime="2026-08-27T19:01:19.2535504-04:00" testType="13cdc9d9-ddb5-4fa4-a97d-d965ccfc6d4b" outcome="Passed" testListId="8c84fa94-04c1-424b-9868-57a2d4851a1d" relativeResultsDirectory="ef3746a3-4cfe-47a2-8e81-a6edb9facb0b" />
    <UnitTestResult executionId="a2b2cde0-0abf-49ff-b35e-f6de68b595d7" testId="2c62ec04-0d88-8868-7e94-058e1d17e4cd" testName="CanDoItAll.Tests.Components.AgentFramework.ProviderModelSelectorTests.ProviderModelSelector_supports_scalar_provider_metadata_for_workflow_surfaces" computerName="LUCYSPOWER" duration="00:00:00.0059866" startTime="2026-08-27T19:01:19.3324989-04:00" endTime="2026-08-27T19:01:19.3385285-04:00" testType="13cdc9d9-ddb5-4fa4-a97d-d965ccfc6d4b" outcome="Passed" testListId="8c84fa94-04c1-424b-9868-57a2d4851a1d" relativeResultsDirectory="a2b2cde0-0abf-49ff-b35e-f6de68b595d7" />
    <UnitTestResult executionId="ef91e932-c776-4ca8-9dbc-0ce1277c0668" testId="f04ad6c9-963d-5aae-ec66-f2fd740600dc" testName="CanDoItAll.Tests.Components.AgentFramework.AgentDetailsDialogThinkingEffortTests.Switching_to_an_unsupported_provider_preserves_the_override_and_disables_save" computerName="LUCYSPOWER" duration="00:00:00.1450890" startTime="2026-08-27T19:01:19.3425863-04:00" endTime="2026-08-27T19:01:19.4877655-04:00" testType="13cdc9d9-ddb5-4fa4-a97d-d965ccfc6d4b" outcome="Passed" testListId="8c84fa94-04c1-424b-9868-57a2d4851a1d" relativeResultsDirectory="ef91e932-c776-4ca8-9dbc-0ce1277c0668" />
    <UnitTestResult executionId="d086c333-c621-41a9-a3e4-1e0fd3d7f035" testId="b849ce50-f7af-a56a-692c-de3c6c4a4130" testName="CanDoItAll.Tests.Components.AgentFramework.AgentDetailsDialogThinkingEffortTests.Invalid_provider_default_blocks_save_until_a_supported_agent_override_is_selected" computerName="LUCYSPOWER" duration="00:00:00.0128076" startTime="2026-08-27T19:01:19.6244064-04:00" endTime="2026-08-27T19:01:19.6371250-04:00" testType="13cdc9d9-ddb5-4fa4-a97d-d965ccfc6d4b" outcome="Passed" testListId="8c84fa94-04c1-424b-9868-57a2d4851a1d" relativeResultsDirectory="d086c333-c621-41a9-a3e4-1e0fd3d7f035" />
    <UnitTestResult executionId="ac4107da-031a-4aea-b264-29a81019af44" testId="3550410a-768e-9580-3bb8-18c6f6096df7" testName="CanDoItAll.Tests.Components.AgentFramework.AgentDetailsDialogThinkingEffortTests.Switching_provider_clears_custom_model_before_validating_the_new_default" computerName="LUCYSPOWER" duration="00:00:00.0230105" startTime="2026-08-27T19:01:19.6025001-04:00" endTime="2026-08-27T19:01:19.6241812-04:00" testType="13cdc9d9-ddb5-4fa4-a97d-d965ccfc6d4b" outcome="Passed" testListId="8c84fa94-04c1-424b-9868-57a2d4851a1d" relativeResultsDirectory="ac4107da-031a-4aea-b264-29a81019af44" />
    <UnitTestResult executionId="4ba5d79d-2bb9-404e-993c-86baeddc0394" testId="3538c2d7-ffcd-e145-9db9-5570d51eecf4" testName="CanDoItAll.Tests.Components.AgentFramework.AgentThinkingEffortSettingsTests.Unsupported_model_disables_inherited_selector_and_explains_the_limitation" computerName="LUCYSPOWER" duration="00:00:00.4521672" startTime="2026-08-27T19:01:18.6709948-04:00" endTime="2026-08-27T19:01:19.1315398-04:00" testType="13cdc9d9-ddb5-4fa4-a97d-d965ccfc6d4b" outcome="Passed" testListId="8c84fa94-04c1-424b-9868-57a2d4851a1d" relativeResultsDirectory="4ba5d79d-2bb9-404e-993c-86baeddc0394" />
    <UnitTestResult executionId="474e26b2-2a92-4fb7-a5e1-795b59febef6" testId="3d09a47a-8209-75cd-faa6-19cc36207dc2" testName="CanDoItAll.Tests.Components.AgentFramework.ProviderModelSelectorTests.ProviderModelSelector_unchecking_override_returns_to_provider_default" computerName="LUCYSPOWER" duration="00:00:00.0401366" startTime="2026-08-27T19:01:19.2568009-04:00" endTime="2026-08-27T19:01:19.2725843-04:00" testType="13cdc9d9-ddb5-4fa4-a97d-d965ccfc6d4b" outcome="Passed" testListId="8c84fa94-04c1-424b-9868-57a2d4851a1d" relativeResultsDirectory="474e26b2-2a92-4fb7-a5e1-795b59febef6" />
    <UnitTestResult executionId="dcb33f83-5d0a-49d4-a5ee-43e6e6d26d02" testId="3adc4c01-b744-3755-4539-ab47f46ee60c" testName="CanDoItAll.Tests.Components.AgentFramework.AgentDetailsDialogThinkingEffortTests.Supported_override_selection_updates_the_editor_and_can_be_saved" computerName="LUCYSPOWER" duration="00:00:00.0652792" startTime="2026-08-27T19:01:19.4880879-04:00" endTime="2026-08-27T19:01:19.5531417-04:00" testType="13cdc9d9-ddb5-4fa4-a97d-d965ccfc6d4b" outcome="Passed" testListId="8c84fa94-04c1-424b-9868-57a2d4851a1d" relativeResultsDirectory="dcb33f83-5d0a-49d4-a5ee-43e6e6d26d02" />
    <UnitTestResult executionId="9023e171-a4b5-4002-bfd8-cd72ba1fcfda" testId="9c6852f9-0d35-b257-0529-3bfc36f0e48c" testName="CanDoItAll.Tests.Components.AgentFramework.AgentThinkingEffortSettingsTests.SharedThinkingEffort_UsesPublishedCapabilitiesForOpaqueModelId" computerName="LUCYSPOWER" duration="00:00:00.0123538" startTime="2026-08-27T19:01:19.1983942-04:00" endTime="2026-08-27T19:01:19.2108269-04:00" testType="13cdc9d9-ddb5-4fa4-a97d-d965ccfc6d4b" outcome="Passed" testListId="8c84fa94-04c1-424b-9868-57a2d4851a1d" relativeResultsDirectory="9023e171-a4b5-4002-bfd8-cd72ba1fcfda" />
    <UnitTestResult executionId="97e26fd9-fd53-4285-b12a-86187bc921e3" testId="0115516b-041e-fac6-5447-6a4369f8e84a" testName="CanDoItAll.Tests.Components.AgentFramework.ProviderModelSelectorTests.SharedThinkingEffort_Shared_models_sort_by_real_name_numerically_and_keep_published_legacy_selection" computerName="LUCYSPOWER" duration="00:00:00.0032423" startTime="2026-08-27T19:01:19.3074835-04:00" endTime="2026-08-27T19:01:19.3087066-04:00" testType="13cdc9d9-ddb5-4fa4-a97d-d965ccfc6d4b" outcome="Passed" testListId="8c84fa94-04c1-424b-9868-57a2d4851a1d" relativeResultsDirectory="97e26fd9-fd53-4285-b12a-86187bc921e3" />
    <UnitTestResult executionId="9a64405d-4334-43ab-aba4-05669acd3beb" testId="fa6ceb06-ed5b-2358-73cf-283410568dc9" testName="CanDoItAll.Tests.Components.AgentFramework.ProviderModelSelectorTests.Shared_model_labels_emit_routing_ids_and_disable_custom_overrides" computerName="LUCYSPOWER" duration="00:00:00.0038524" startTime="2026-08-27T19:01:19.3387534-04:00" endTime="2026-08-27T19:01:19.3423867-04:00" testType="13cdc9d9-ddb5-4fa4-a97d-d965ccfc6d4b" outcome="Passed" testListId="8c84fa94-04c1-424b-9868-57a2d4851a1d" relativeResultsDirectory="9a64405d-4334-43ab-aba4-05669acd3beb" />
    <UnitTestResult executionId="35491a26-f13b-49e5-b465-b9c8923a5983" testId="81ba7cbb-e490-9cff-d8bd-fc641a028e83" testName="CanDoItAll.Tests.Components.AgentFramework.AgentThinkingEffortSettingsTests.Supported_model_emits_override_and_provider_default_reset" computerName="LUCYSPOWER" duration="00:00:00.0067459" startTime="2026-08-27T19:01:19.2110609-04:00" endTime="2026-08-27T19:01:19.2177117-04:00" testType="13cdc9d9-ddb5-4fa4-a97d-d965ccfc6d4b" outcome="Passed" testListId="8c84fa94-04c1-424b-9868-57a2d4851a1d" relativeResultsDirectory="35491a26-f13b-49e5-b465-b9c8923a5983" />
    <UnitTestResult executionId="27d2d41f-a2fa-4886-b3d0-5a0a9d77f11f" testId="b775eede-3a2e-fc8f-bed5-57bdeee350be" testName="CanDoItAll.Tests.Components.AgentFramework.AgentThinkingEffortSettingsTests.Invalid_provider_default_is_visible_and_can_be_replaced_by_a_valid_override" computerName="LUCYSPOWER" duration="00:00:00.0027963" startTime="2026-08-27T19:01:19.1955940-04:00" endTime="2026-08-27T19:01:19.1982735-04:00" testType="13cdc9d9-ddb5-4fa4-a97d-d965ccfc6d4b" outcome="Passed" testListId="8c84fa94-04c1-424b-9868-57a2d4851a1d" relativeResultsDirectory="27d2d41f-a2fa-4886-b3d0-5a0a9d77f11f" />
    <UnitTestResult executionId="d891cee0-a8e0-49cf-b16b-0e54eba66dae" testId="f8f7c27a-f94c-732c-8dcc-14698275b44d" testName="CanDoItAll.Tests.Components.AgentFramework.AgentThinkingEffortSettingsTests.Discovered_gptoss_capability_lists_levels_without_disable" computerName="LUCYSPOWER" duration="00:00:00.0188136" startTime="2026-08-27T19:01:19.1716948-04:00" endTime="2026-08-27T19:01:19.1904700-04:00" testType="13cdc9d9-ddb5-4fa4-a97d-d965ccfc6d4b" outcome="Passed" testListId="8c84fa94-04c1-424b-9868-57a2d4851a1d" relativeResultsDirectory="d891cee0-a8e0-49cf-b16b-0e54eba66dae" />
    <UnitTestResult executionId="871aa2f4-6a90-4543-b761-53a7e95bb21e" testId="5c809ddd-4caf-031e-9ed0-d8ed54924ece" testName="CanDoItAll.Tests.Components.AgentFramework.ProviderModelSelectorTests.ProviderModelSelector_keeps_custom_model_behind_override" computerName="LUCYSPOWER" duration="00:00:00.0150171" startTime="2026-08-27T19:01:19.3088297-04:00" endTime="2026-08-27T19:01:19.3239413-04:00" testType="13cdc9d9-ddb5-4fa4-a97d-d965ccfc6d4b" outcome="Passed" testListId="8c84fa94-04c1-424b-9868-57a2d4851a1d" relativeResultsDirectory="871aa2f4-6a90-4543-b761-53a7e95bb21e" />
    <UnitTestResult executionId="2934475e-3239-42fa-8d79-162056d9d578" testId="203f8e07-bdc6-227b-fbbd-12e7fcf533ef" testName="CanDoItAll.Tests.Components.AgentFramework.ProviderModelSelectorTests.ProviderModelSelector_starts_in_override_for_unknown_existing_model" computerName="LUCYSPOWER" duration="00:00:00.0049401" startTime="2026-08-27T19:01:19.2729909-04:00" endTime="2026-08-27T19:01:19.2776156-04:00" testType="13cdc9d9-ddb5-4fa4-a97d-d965ccfc6d4b" outcome="Passed" testListId="8c84fa94-04c1-424b-9868-57a2d4851a1d" relativeResultsDirectory="2934475e-3239-42fa-8d79-162056d9d578" />
    <UnitTestResult executionId="9504f358-61ca-4aa5-b951-8ef6745dbde0" testId="67a8a51c-7a7e-03bd-4a8c-d3c4d60b3fd8" testName="CanDoItAll.Tests.Components.AgentFramework.AgentThinkingEffortSettingsTests.Unknown_azure_deployment_requests_provider_scoped_definition" computerName="LUCYSPOWER" duration="00:00:00.0028206" startTime="2026-08-27T19:01:19.2531068-04:00" endTime="2026-08-27T19:01:19.2531703-04:00" testType="13cdc9d9-ddb5-4fa4-a97d-d965ccfc6d4b" outcome="Passed" testListId="8c84fa94-04c1-424b-9868-57a2d4851a1d" relativeResultsDirectory="9504f358-61ca-4aa5-b951-8ef6745dbde0" />
    <UnitTestResult executionId="126c65aa-942b-4259-905c-65636a0ddd41" testId="cbc1418a-d3eb-7aa0-736b-35c531875be0" testName="CanDoItAll.Tests.Components.AgentFramework.AgentDetailsDialogThinkingEffortTests.Selecting_provider_default_clears_an_incompatible_override_and_saves_null" computerName="LUCYSPOWER" duration="00:00:00.0157734" startTime="2026-08-27T19:01:19.5855910-04:00" endTime="2026-08-27T19:01:19.6010111-04:00" testType="13cdc9d9-ddb5-4fa4-a97d-d965ccfc6d4b" outcome="Passed" testListId="8c84fa94-04c1-424b-9868-57a2d4851a1d" relativeResultsDirectory="126c65aa-942b-4259-905c-65636a0ddd41" />
    <UnitTestResult executionId="6c7ffa37-4b61-4612-bd80-dcc1fd16ca0d" testId="32fe37e9-ec9a-09d8-f8e3-588de437f8ca" testName="CanDoItAll.Tests.Components.AgentFramework.ProviderModelSelectorTests.SharedThinkingEffort_Model_suggestions_are_curated_but_legacy_selection_survives" computerName="LUCYSPOWER" duration="00:00:00.0106743" startTime="2026-08-27T19:01:19.2777641-04:00" endTime="2026-08-27T19:01:19.2884092-04:00" testType="13cdc9d9-ddb5-4fa4-a97d-d965ccfc6d4b" outcome="Passed" testListId="8c84fa94-04c1-424b-9868-57a2d4851a1d" relativeResultsDirectory="6c7ffa37-4b61-4612-bd80-dcc1fd16ca0d" />
    <UnitTestResult executionId="a6a33268-4fc2-4b75-ab9a-4be660838962" testId="1de7e7cf-6ad5-cce1-37dc-24f81f0ef687" testName="CanDoItAll.Tests.Components.AgentFramework.AgentThinkingEffortSettingsTests.Incompatible_override_does_not_recommend_an_unavailable_provider_default" computerName="LUCYSPOWER" duration="00:00:00.0048385" startTime="2026-08-27T19:01:19.1906636-04:00" endTime="2026-08-27T19:01:19.1954041-04:00" testType="13cdc9d9-ddb5-4fa4-a97d-d965ccfc6d4b" outcome="Passed" testListId="8c84fa94-04c1-424b-9868-57a2d4851a1d" relativeResultsDirectory="a6a33268-4fc2-4b75-ab9a-4be660838962" />
    <UnitTestResult executionId="34a87257-d8c5-4ac8-8c9a-3bb14961f3ff" testId="ec28c196-f22d-b534-11d9-5fab980b8637" testName="CanDoItAll.Tests.Components.AgentFramework.AgentThinkingEffortSettingsTests.Original_gpt5_lists_minimal_and_does_not_offer_none" computerName="LUCYSPOWER" duration="00:00:00.0065645" startTime="2026-08-27T19:01:19.1651140-04:00" endTime="2026-08-27T19:01:19.1715599-04:00" testType="13cdc9d9-ddb5-4fa4-a97d-d965ccfc6d4b" outcome="Passed" testListId="8c84fa94-04c1-424b-9868-57a2d4851a1d" relativeResultsDirectory="34a87257-d8c5-4ac8-8c9a-3bb14961f3ff" />
    <UnitTestResult executionId="ecca5d5c-c5e1-44ab-9a6c-5e41e67bfe47" testId="01a7f409-f054-82cd-f1ab-ce321c04c719" testName="CanDoItAll.Tests.Components.AgentFramework.AgentThinkingEffortSettingsTests.Existing_incompatible_override_is_preserved_until_user_resets_to_provider_default" computerName="LUCYSPOWER" duration="00:00:00.0291305" startTime="2026-08-27T19:01:19.1431705-04:00" endTime="2026-08-27T19:01:19.1613619-04:00" testType="13cdc9d9-ddb5-4fa4-a97d-d965ccfc6d4b" outcome="Passed" testListId="8c84fa94-04c1-424b-9868-57a2d4851a1d" relativeResultsDirectory="ecca5d5c-c5e1-44ab-9a6c-5e41e67bfe47" />
    <UnitTestResult executionId="428754bb-df66-4b9b-b238-9f36a74e3955" testId="3c48e297-0dd4-fffe-f7ca-c17a2985b062" testName="CanDoItAll.Tests.Components.AgentFramework.ProviderModelSelectorTests.Removed_shared_model_is_explicitly_unavailable_and_does_not_show_its_routing_id" computerName="LUCYSPOWER" duration="00:00:00.0146712" startTime="2026-08-27T19:01:19.2885745-04:00" endTime="2026-08-27T19:01:19.3031438-04:00" testType="13cdc9d9-ddb5-4fa4-a97d-d965ccfc6d4b" outcome="Passed" testListId="8c84fa94-04c1-424b-9868-57a2d4851a1d" relativeResultsDirectory="428754bb-df66-4b9b-b238-9f36a74e3955" />
    <UnitTestResult executionId="49387e1b-5610-4551-a262-1f50cb0945a4" testId="25305725-f367-dbb6-aafb-9dfa2b6ad08f" testName="CanDoItAll.Tests.Components.AgentFramework.AgentThinkingEffortSettingsTests.Missing_provider_disables_selector_and_requests_provider_selection" computerName="LUCYSPOWER" duration="00:00:00.0034111" startTime="2026-08-27T19:01:19.1627973-04:00" endTime="2026-08-27T19:01:19.1648485-04:00" testType="13cdc9d9-ddb5-4fa4-a97d-d965ccfc6d4b" outcome="Passed" testListId="8c84fa94-04c1-424b-9868-57a2d4851a1d" relativeResultsDirectory="49387e1b-5610-4551-a262-1f50cb0945a4" />
    <UnitTestResult executionId="62f3fb58-4256-4d92-af07-fbd7ed49d02c" testId="2e27610a-51b8-72bc-39dd-ad05981041cc" testName="CanDoItAll.Tests.Components.AgentFramework.AgentThinkingEffortSettingsTests.Unknown_openai_model_disables_inherited_selector_and_requests_verified_definition" computerName="LUCYSPOWER" duration="00:00:00.0023927" startTime="2026-08-27T19:01:19.2533545-04:00" endTime="2026-08-27T19:01:19.2533994-04:00" testType="13cdc9d9-ddb5-4fa4-a97d-d965ccfc6d4b" outcome="Passed" testListId="8c84fa94-04c1-424b-9868-57a2d4851a1d" relativeResultsDirectory="62f3fb58-4256-4d92-af07-fbd7ed49d02c" />
  </Results>
  <TestDefinitions>
    <UnitTest name="CanDoItAll.Tests.Components.AgentFramework.ProviderModelSelectorTests.ProviderModelSelector_unchecking_override_returns_to_provider_default" storage="c:\repositories\candoitall\tests\components\candoitall.tests.components\bin\debug\net10.0\candoitall.tests.components.dll" id="3d09a47a-8209-75cd-faa6-19cc36207dc2">
      <Execution id="474e26b2-2a92-4fb7-a5e1-795b59febef6" />
      <TestMethod codeBase="C:\repositories\CanDoItAll\tests\Components\CanDoItAll.Tests.Components\bin\Debug\net10.0\CanDoItAll.Tests.Components.dll" adapterTypeName="executor://xunit/VsTestRunner3/netcore/" className="CanDoItAll.Tests.Components.AgentFramework.ProviderModelSelectorTests" name="ProviderModelSelector_unchecking_override_returns_to_provider_default" />
    </UnitTest>
    <UnitTest name="CanDoItAll.Tests.Components.AgentFramework.AgentThinkingEffortSettingsTests.SharedThinkingEffort_UsesPublishedCapabilitiesForOpaqueModelId" storage="c:\repositories\candoitall\tests\components\candoitall.tests.components\bin\debug\net10.0\candoitall.tests.components.dll" id="9c6852f9-0d35-b257-0529-3bfc36f0e48c">
      <Execution id="9023e171-a4b5-4002-bfd8-cd72ba1fcfda" />
      <TestMethod codeBase="C:\repositories\CanDoItAll\tests\Components\CanDoItAll.Tests.Components\bin\Debug\net10.0\CanDoItAll.Tests.Components.dll" adapterTypeName="executor://xunit/VsTestRunner3/netcore/" className="CanDoItAll.Tests.Components.AgentFramework.AgentThinkingEffortSettingsTests" name="SharedThinkingEffort_UsesPublishedCapabilitiesForOpaqueModelId" />
    </UnitTest>
    <UnitTest name="CanDoItAll.Tests.Components.AgentFramework.AgentThinkingEffortSettingsTests.Invalid_provider_default_is_visible_and_can_be_replaced_by_a_valid_override" storage="c:\repositories\candoitall\tests\components\candoitall.tests.components\bin\debug\net10.0\candoitall.tests.components.dll" id="b775eede-3a2e-fc8f-bed5-57bdeee350be">
      <Execution id="27d2d41f-a2fa-4886-b3d0-5a0a9d77f11f" />
      <TestMethod codeBase="C:\repositories\CanDoItAll\tests\Components\CanDoItAll.Tests.Components\bin\Debug\net10.0\CanDoItAll.Tests.Components.dll" adapterTypeName="executor://xunit/VsTestRunner3/netcore/" className="CanDoItAll.Tests.Components.AgentFramework.AgentThinkingEffortSettingsTests" name="Invalid_provider_default_is_visible_and_can_be_replaced_by_a_valid_override" />
    </UnitTest>
    <UnitTest name="CanDoItAll.Tests.Components.AgentFramework.AgentDetailsDialogThinkingEffortTests.Switching_provider_clears_custom_model_before_validating_the_new_default" storage="c:\repositories\candoitall\tests\components\candoitall.tests.components\bin\debug\net10.0\candoitall.tests.components.dll" id="3550410a-768e-9580-3bb8-18c6f6096df7">
      <Execution id="ac4107da-031a-4aea-b264-29a81019af44" />
      <TestMethod codeBase="C:\repositories\CanDoItAll\tests\Components\CanDoItAll.Tests.Components\bin\Debug\net10.0\CanDoItAll.Tests.Components.dll" adapterTypeName="executor://xunit/VsTestRunner3/netcore/" className="CanDoItAll.Tests.Components.AgentFramework.AgentDetailsDialogThinkingEffortTests" name="Switching_provider_clears_custom_model_before_validating_the_new_default" />
    </UnitTest>
    <UnitTest name="CanDoItAll.Tests.Components.AgentFramework.AgentDetailsDialogThinkingEffortTests.Supported_override_selection_updates_the_editor_and_can_be_saved" storage="c:\repositories\candoitall\tests\components\candoitall.tests.components\bin\debug\net10.0\candoitall.tests.components.dll" id="3adc4c01-b744-3755-4539-ab47f46ee60c">
      <Execution id="dcb33f83-5d0a-49d4-a5ee-43e6e6d26d02" />
      <TestMethod codeBase="C:\repositories\CanDoItAll\tests\Components\CanDoItAll.Tests.Components\bin\Debug\net10.0\CanDoItAll.Tests.Components.dll" adapterTypeName="executor://xunit/VsTestRunner3/netcore/" className="CanDoItAll.Tests.Components.AgentFramework.AgentDetailsDialogThinkingEffortTests" name="Supported_override_selection_updates_the_editor_and_can_be_saved" />
    </UnitTest>
    <UnitTest name="CanDoItAll.Tests.Components.AgentFramework.ProviderModelSelectorTests.SharedThinkingEffort_Model_suggestions_are_curated_but_legacy_selection_survives" storage="c:\repositories\candoitall\tests\components\candoitall.tests.components\bin\debug\net10.0\candoitall.tests.components.dll" id="32fe37e9-ec9a-09d8-f8e3-588de437f8ca">
      <Execution id="6c7ffa37-4b61-4612-bd80-dcc1fd16ca0d" />
      <TestMethod codeBase="C:\repositories\CanDoItAll\tests\Components\CanDoItAll.Tests.Components\bin\Debug\net10.0\CanDoItAll.Tests.Components.dll" adapterTypeName="executor://xunit/VsTestRunner3/netcore/" className="CanDoItAll.Tests.Components.AgentFramework.ProviderModelSelectorTests" name="SharedThinkingEffort_Model_suggestions_are_curated_but_legacy_selection_survives" />
    </UnitTest>
    <UnitTest name="CanDoItAll.Tests.Components.AgentFramework.ProviderModelSelectorTests.ProviderModelSelector_treats_non_empty_provider_default_value_as_explicit_override" storage="c:\repositories\candoitall\tests\components\candoitall.tests.components\bin\debug\net10.0\candoitall.tests.components.dll" id="3b9ec8dc-d541-33ac-34a6-a9f04b5158f3">
      <Execution id="f04b6389-edca-4f77-92cd-a5883a71a27f" />
      <TestMethod codeBase="C:\repositories\CanDoItAll\tests\Components\CanDoItAll.Tests.Components\bin\Debug\net10.0\CanDoItAll.Tests.Components.dll" adapterTypeName="executor://xunit/VsTestRunner3/netcore/" className="CanDoItAll.Tests.Components.AgentFramework.ProviderModelSelectorTests" name="ProviderModelSelector_treats_non_empty_provider_default_value_as_explicit_override" />
    </UnitTest>
    <UnitTest name="CanDoItAll.Tests.Components.AgentFramework.AgentThinkingEffortSettingsTests.Discovered_ollama_capability_lists_only_native_allowed_efforts" storage="c:\repositories\candoitall\tests\components\candoitall.tests.components\bin\debug\net10.0\candoitall.tests.components.dll" id="11530af4-25fb-791f-f27d-b259a999580c">
      <Execution id="ef3746a3-4cfe-47a2-8e81-a6edb9facb0b" />
      <TestMethod codeBase="C:\repositories\CanDoItAll\tests\Components\CanDoItAll.Tests.Components\bin\Debug\net10.0\CanDoItAll.Tests.Components.dll" adapterTypeName="executor://xunit/VsTestRunner3/netcore/" className="CanDoItAll.Tests.Components.AgentFramework.AgentThinkingEffortSettingsTests" name="Discovered_ollama_capability_lists_only_native_allowed_efforts" />
    </UnitTest>
    <UnitTest name="CanDoItAll.Tests.Components.AgentFramework.ProviderModelSelectorTests.ProviderModelSelector_keeps_custom_model_behind_override" storage="c:\repositories\candoitall\tests\components\candoitall.tests.components\bin\debug\net10.0\candoitall.tests.components.dll" id="5c809ddd-4caf-031e-9ed0-d8ed54924ece">
      <Execution id="871aa2f4-6a90-4543-b761-53a7e95bb21e" />
      <TestMethod codeBase="C:\repositories\CanDoItAll\tests\Components\CanDoItAll.Tests.Components\bin\Debug\net10.0\CanDoItAll.Tests.Components.dll" adapterTypeName="executor://xunit/VsTestRunner3/netcore/" className="CanDoItAll.Tests.Components.AgentFramework.ProviderModelSelectorTests" name="ProviderModelSelector_keeps_custom_model_behind_override" />
    </UnitTest>
    <UnitTest name="CanDoItAll.Tests.Components.AgentFramework.ProviderModelSelectorTests.Removed_shared_model_is_explicitly_unavailable_and_does_not_show_its_routing_id" storage="c:\repositories\candoitall\tests\components\candoitall.tests.components\bin\debug\net10.0\candoitall.tests.components.dll" id="3c48e297-0dd4-fffe-f7ca-c17a2985b062">
      <Execution id="428754bb-df66-4b9b-b238-9f36a74e3955" />
      <TestMethod codeBase="C:\repositories\CanDoItAll\tests\Components\CanDoItAll.Tests.Components\bin\Debug\net10.0\CanDoItAll.Tests.Components.dll" adapterTypeName="executor://xunit/VsTestRunner3/netcore/" className="CanDoItAll.Tests.Components.AgentFramework.ProviderModelSelectorTests" name="Removed_shared_model_is_explicitly_unavailable_and_does_not_show_its_routing_id" />
    </UnitTest>
    <UnitTest name="CanDoItAll.Tests.Components.AgentFramework.AgentThinkingEffortSettingsTests.Supported_model_lists_allowed_efforts_and_configured_provider_default" storage="c:\repositories\candoitall\tests\components\candoitall.tests.components\bin\debug\net10.0\candoitall.tests.components.dll" id="313e1ba2-6852-4d9b-6630-52efa7ae2188">
      <Execution id="2f173113-cbb2-4a04-bf29-24d7b809e89e" />
      <TestMethod codeBase="C:\repositories\CanDoItAll\tests\Components\CanDoItAll.Tests.Components\bin\Debug\net10.0\CanDoItAll.Tests.Components.dll" adapterTypeName="executor://xunit/VsTestRunner3/netcore/" className="CanDoItAll.Tests.Components.AgentFramework.AgentThinkingEffortSettingsTests" name="Supported_model_lists_allowed_efforts_and_configured_provider_default" />
    </UnitTest>
    <UnitTest name="CanDoItAll.Tests.Components.AgentFramework.AgentDetailsDialogThinkingEffortTests.Switching_to_an_unsupported_provider_preserves_the_override_and_disables_save" storage="c:\repositories\candoitall\tests\components\candoitall.tests.components\bin\debug\net10.0\candoitall.tests.components.dll" id="f04ad6c9-963d-5aae-ec66-f2fd740600dc">
      <Execution id="ef91e932-c776-4ca8-9dbc-0ce1277c0668" />
      <TestMethod codeBase="C:\repositories\CanDoItAll\tests\Components\CanDoItAll.Tests.Components\bin\Debug\net10.0\CanDoItAll.Tests.Components.dll" adapterTypeName="executor://xunit/VsTestRunner3/netcore/" className="CanDoItAll.Tests.Components.AgentFramework.AgentDetailsDialogThinkingEffortTests" name="Switching_to_an_unsupported_provider_preserves_the_override_and_disables_save" />
    </UnitTest>
    <UnitTest name="CanDoItAll.Tests.Components.AgentFramework.AgentDetailsDialogThinkingEffortTests.Invalid_provider_default_blocks_save_until_a_supported_agent_override_is_selected" storage="c:\repositories\candoitall\tests\components\candoitall.tests.components\bin\debug\net10.0\candoitall.tests.components.dll" id="b849ce50-f7af-a56a-692c-de3c6c4a4130">
      <Execution id="d086c333-c621-41a9-a3e4-1e0fd3d7f035" />
      <TestMethod codeBase="C:\repositories\CanDoItAll\tests\Components\CanDoItAll.Tests.Components\bin\Debug\net10.0\CanDoItAll.Tests.Components.dll" adapterTypeName="executor://xunit/VsTestRunner3/netcore/" className="CanDoItAll.Tests.Components.AgentFramework.AgentDetailsDialogThinkingEffortTests" name="Invalid_provider_default_blocks_save_until_a_supported_agent_override_is_selected" />
    </UnitTest>
    <UnitTest name="CanDoItAll.Tests.Components.AgentFramework.AgentThinkingEffortSettingsTests.Unknown_openai_model_disables_inherited_selector_and_requests_verified_definition" storage="c:\repositories\candoitall\tests\components\candoitall.tests.components\bin\debug\net10.0\candoitall.tests.components.dll" id="2e27610a-51b8-72bc-39dd-ad05981041cc">
      <Execution id="62f3fb58-4256-4d92-af07-fbd7ed49d02c" />
      <TestMethod codeBase="C:\repositories\CanDoItAll\tests\Components\CanDoItAll.Tests.Components\bin\Debug\net10.0\CanDoItAll.Tests.Components.dll" adapterTypeName="executor://xunit/VsTestRunner3/netcore/" className="CanDoItAll.Tests.Components.AgentFramework.AgentThinkingEffortSettingsTests" name="Unknown_openai_model_disables_inherited_selector_and_requests_verified_definition" />
    </UnitTest>
    <UnitTest name="CanDoItAll.Tests.Components.AgentFramework.AgentThinkingEffortSettingsTests.Original_gpt5_lists_minimal_and_does_not_offer_none" storage="c:\repositories\candoitall\tests\components\candoitall.tests.components\bin\debug\net10.0\candoitall.tests.components.dll" id="ec28c196-f22d-b534-11d9-5fab980b8637">
      <Execution id="34a87257-d8c5-4ac8-8c9a-3bb14961f3ff" />
      <TestMethod codeBase="C:\repositories\CanDoItAll\tests\Components\CanDoItAll.Tests.Components\bin\Debug\net10.0\CanDoItAll.Tests.Components.dll" adapterTypeName="executor://xunit/VsTestRunner3/netcore/" className="CanDoItAll.Tests.Components.AgentFramework.AgentThinkingEffortSettingsTests" name="Original_gpt5_lists_minimal_and_does_not_offer_none" />
    </UnitTest>
    <UnitTest name="CanDoItAll.Tests.Components.AgentFramework.AgentDetailsDialogThinkingEffortTests.Switching_to_an_unknown_model_preserves_the_override_and_blocks_persistence" storage="c:\repositories\candoitall\tests\components\candoitall.tests.components\bin\debug\net10.0\candoitall.tests.components.dll" id="d9bf62c9-4b56-f646-c947-e02cf3a6d5f7">
      <Execution id="77f1cdf2-ea15-4182-8385-1351ced63294" />
      <TestMethod codeBase="C:\repositories\CanDoItAll\tests\Components\CanDoItAll.Tests.Components\bin\Debug\net10.0\CanDoItAll.Tests.Components.dll" adapterTypeName="executor://xunit/VsTestRunner3/netcore/" className="CanDoItAll.Tests.Components.AgentFramework.AgentDetailsDialogThinkingEffortTests" name="Switching_to_an_unknown_model_preserves_the_override_and_blocks_persistence" />
    </UnitTest>
    <UnitTest name="CanDoItAll.Tests.Components.AgentFramework.ProviderModelSelectorTests.ProviderModelSelector_supports_scalar_provider_metadata_for_workflow_surfaces" storage="c:\repositories\candoitall\tests\components\candoitall.tests.components\bin\debug\net10.0\candoitall.tests.components.dll" id="2c62ec04-0d88-8868-7e94-058e1d17e4cd">
      <Execution id="a2b2cde0-0abf-49ff-b35e-f6de68b595d7" />
      <TestMethod codeBase="C:\repositories\CanDoItAll\tests\Components\CanDoItAll.Tests.Components\bin\Debug\net10.0\CanDoItAll.Tests.Components.dll" adapterTypeName="executor://xunit/VsTestRunner3/netcore/" className="CanDoItAll.Tests.Components.AgentFramework.ProviderModelSelectorTests" name="ProviderModelSelector_supports_scalar_provider_metadata_for_workflow_surfaces" />
    </UnitTest>
    <UnitTest name="CanDoItAll.Tests.Components.AgentFramework.AgentThinkingEffortSettingsTests.Discovered_gptoss_capability_lists_levels_without_disable" storage="c:\repositories\candoitall\tests\components\candoitall.tests.components\bin\debug\net10.0\candoitall.tests.components.dll" id="f8f7c27a-f94c-732c-8dcc-14698275b44d">
      <Execution id="d891cee0-a8e0-49cf-b16b-0e54eba66dae" />
      <TestMethod codeBase="C:\repositories\CanDoItAll\tests\Components\CanDoItAll.Tests.Components\bin\Debug\net10.0\CanDoItAll.Tests.Components.dll" adapterTypeName="executor://xunit/VsTestRunner3/netcore/" className="CanDoItAll.Tests.Components.AgentFramework.AgentThinkingEffortSettingsTests" name="Discovered_gptoss_capability_lists_levels_without_disable" />
    </UnitTest>
    <UnitTest name="CanDoItAll.Tests.Components.AgentFramework.ProviderModelSelectorTests.ProviderModelSelector_starts_in_override_for_unknown_existing_model" storage="c:\repositories\candoitall\tests\components\candoitall.tests.components\bin\debug\net10.0\candoitall.tests.components.dll" id="203f8e07-bdc6-227b-fbbd-12e7fcf533ef">
      <Execution id="2934475e-3239-42fa-8d79-162056d9d578" />
      <TestMethod codeBase="C:\repositories\CanDoItAll\tests\Components\CanDoItAll.Tests.Components\bin\Debug\net10.0\CanDoItAll.Tests.Components.dll" adapterTypeName="executor://xunit/VsTestRunner3/netcore/" className="CanDoItAll.Tests.Components.AgentFramework.ProviderModelSelectorTests" name="ProviderModelSelector_starts_in_override_for_unknown_existing_model" />
    </UnitTest>
    <UnitTest name="CanDoItAll.Tests.Components.AgentFramework.ProviderModelSelectorTests.Shared_model_labels_emit_routing_ids_and_disable_custom_overrides" storage="c:\repositories\candoitall\tests\components\candoitall.tests.components\bin\debug\net10.0\candoitall.tests.components.dll" id="fa6ceb06-ed5b-2358-73cf-283410568dc9">
      <Execution id="9a64405d-4334-43ab-aba4-05669acd3beb" />
      <TestMethod codeBase="C:\repositories\CanDoItAll\tests\Components\CanDoItAll.Tests.Components\bin\Debug\net10.0\CanDoItAll.Tests.Components.dll" adapterTypeName="executor://xunit/VsTestRunner3/netcore/" className="CanDoItAll.Tests.Components.AgentFramework.ProviderModelSelectorTests" name="Shared_model_labels_emit_routing_ids_and_disable_custom_overrides" />
    </UnitTest>
    <UnitTest name="CanDoItAll.Tests.Components.AgentFramework.AgentThinkingEffortSettingsTests.Supported_model_emits_override_and_provider_default_reset" storage="c:\repositories\candoitall\tests\components\candoitall.tests.components\bin\debug\net10.0\candoitall.tests.components.dll" id="81ba7cbb-e490-9cff-d8bd-fc641a028e83">
      <Execution id="35491a26-f13b-49e5-b465-b9c8923a5983" />
      <TestMethod codeBase="C:\repositories\CanDoItAll\tests\Components\CanDoItAll.Tests.Components\bin\Debug\net10.0\CanDoItAll.Tests.Components.dll" adapterTypeName="executor://xunit/VsTestRunner3/netcore/" className="CanDoItAll.Tests.Components.AgentFramework.AgentThinkingEffortSettingsTests" name="Supported_model_emits_override_and_provider_default_reset" />
    </UnitTest>
    <UnitTest name="CanDoItAll.Tests.Components.AgentFramework.AgentDetailsDialogThinkingEffortTests.Selecting_provider_default_clears_an_incompatible_override_and_saves_null" storage="c:\repositories\candoitall\tests\components\candoitall.tests.components\bin\debug\net10.0\candoitall.tests.components.dll" id="cbc1418a-d3eb-7aa0-736b-35c531875be0">
      <Execution id="126c65aa-942b-4259-905c-65636a0ddd41" />
      <TestMethod codeBase="C:\repositories\CanDoItAll\tests\Components\CanDoItAll.Tests.Components\bin\Debug\net10.0\CanDoItAll.Tests.Components.dll" adapterTypeName="executor://xunit/VsTestRunner3/netcore/" className="CanDoItAll.Tests.Components.AgentFramework.AgentDetailsDialogThinkingEffortTests" name="Selecting_provider_default_clears_an_incompatible_override_and_saves_null" />
    </UnitTest>
    <UnitTest name="CanDoItAll.Tests.Components.AgentFramework.AgentThinkingEffortSettingsTests.Incompatible_override_does_not_recommend_an_unavailable_provider_default" storage="c:\repositories\candoitall\tests\components\candoitall.tests.components\bin\debug\net10.0\candoitall.tests.components.dll" id="1de7e7cf-6ad5-cce1-37dc-24f81f0ef687">
      <Execution id="a6a33268-4fc2-4b75-ab9a-4be660838962" />
      <TestMethod codeBase="C:\repositories\CanDoItAll\tests\Components\CanDoItAll.Tests.Components\bin\Debug\net10.0\CanDoItAll.Tests.Components.dll" adapterTypeName="executor://xunit/VsTestRunner3/netcore/" className="CanDoItAll.Tests.Components.AgentFramework.AgentThinkingEffortSettingsTests" name="Incompatible_override_does_not_recommend_an_unavailable_provider_default" />
    </UnitTest>
    <UnitTest name="CanDoItAll.Tests.Components.AgentFramework.AgentThinkingEffortSettingsTests.Missing_provider_disables_selector_and_requests_provider_selection" storage="c:\repositories\candoitall\tests\components\candoitall.tests.components\bin\debug\net10.0\candoitall.tests.components.dll" id="25305725-f367-dbb6-aafb-9dfa2b6ad08f">
      <Execution id="49387e1b-5610-4551-a262-1f50cb0945a4" />
      <TestMethod codeBase="C:\repositories\CanDoItAll\tests\Components\CanDoItAll.Tests.Components\bin\Debug\net10.0\CanDoItAll.Tests.Components.dll" adapterTypeName="executor://xunit/VsTestRunner3/netcore/" className="CanDoItAll.Tests.Components.AgentFramework.AgentThinkingEffortSettingsTests" name="Missing_provider_disables_selector_and_requests_provider_selection" />
    </UnitTest>
    <UnitTest name="CanDoItAll.Tests.Components.AgentFramework.ProviderModelSelectorTests.SharedThinkingEffort_Shared_models_sort_by_real_name_numerically_and_keep_published_legacy_selection" storage="c:\repositories\candoitall\tests\components\candoitall.tests.components\bin\debug\net10.0\candoitall.tests.components.dll" id="0115516b-041e-fac6-5447-6a4369f8e84a">
      <Execution id="97e26fd9-fd53-4285-b12a-86187bc921e3" />
      <TestMethod codeBase="C:\repositories\CanDoItAll\tests\Components\CanDoItAll.Tests.Components\bin\Debug\net10.0\CanDoItAll.Tests.Components.dll" adapterTypeName="executor://xunit/VsTestRunner3/netcore/" className="CanDoItAll.Tests.Components.AgentFramework.ProviderModelSelectorTests" name="SharedThinkingEffort_Shared_models_sort_by_real_name_numerically_and_keep_published_legacy_selection" />
    </UnitTest>
    <UnitTest name="CanDoItAll.Tests.Components.AgentFramework.AgentThinkingEffortSettingsTests.Unknown_azure_deployment_requests_provider_scoped_definition" storage="c:\repositories\candoitall\tests\components\candoitall.tests.components\bin\debug\net10.0\candoitall.tests.components.dll" id="67a8a51c-7a7e-03bd-4a8c-d3c4d60b3fd8">
      <Execution id="9504f358-61ca-4aa5-b951-8ef6745dbde0" />
      <TestMethod codeBase="C:\repositories\CanDoItAll\tests\Components\CanDoItAll.Tests.Components\bin\Debug\net10.0\CanDoItAll.Tests.Components.dll" adapterTypeName="executor://xunit/VsTestRunner3/netcore/" className="CanDoItAll.Tests.Components.AgentFramework.AgentThinkingEffortSettingsTests" name="Unknown_azure_deployment_requests_provider_scoped_definition" />
    </UnitTest>
    <UnitTest name="CanDoItAll.Tests.Components.AgentFramework.ProviderModelSelectorTests.ProviderModelSelector_lists_provider_default_and_suggested_models" storage="c:\repositories\candoitall\tests\components\candoitall.tests.components\bin\debug\net10.0\candoitall.tests.components.dll" id="501cf5cd-c0a0-7895-13bd-baea969755a6">
      <Execution id="f0833d17-48ba-46f9-bea7-bc817ca3836e" />
      <TestMethod codeBase="C:\repositories\CanDoItAll\tests\Components\CanDoItAll.Tests.Components\bin\Debug\net10.0\CanDoItAll.Tests.Components.dll" adapterTypeName="executor://xunit/VsTestRunner3/netcore/" className="CanDoItAll.Tests.Components.AgentFramework.ProviderModelSelectorTests" name="ProviderModelSelector_lists_provider_default_and_suggested_models" />
    </UnitTest>
    <UnitTest name="CanDoItAll.Tests.Components.AgentFramework.AgentThinkingEffortSettingsTests.Unsupported_model_disables_inherited_selector_and_explains_the_limitation" storage="c:\repositories\candoitall\tests\components\candoitall.tests.components\bin\debug\net10.0\candoitall.tests.components.dll" id="3538c2d7-ffcd-e145-9db9-5570d51eecf4">
      <Execution id="4ba5d79d-2bb9-404e-993c-86baeddc0394" />
      <TestMethod codeBase="C:\repositories\CanDoItAll\tests\Components\CanDoItAll.Tests.Components\bin\Debug\net10.0\CanDoItAll.Tests.Components.dll" adapterTypeName="executor://xunit/VsTestRunner3/netcore/" className="CanDoItAll.Tests.Components.AgentFramework.AgentThinkingEffortSettingsTests" name="Unsupported_model_disables_inherited_selector_and_explains_the_limitation" />
    </UnitTest>
    <UnitTest name="CanDoItAll.Tests.Components.AgentFramework.AgentThinkingEffortSettingsTests.Existing_incompatible_override_is_preserved_until_user_resets_to_provider_default" storage="c:\repositories\candoitall\tests\components\candoitall.tests.components\bin\debug\net10.0\candoitall.tests.components.dll" id="01a7f409-f054-82cd-f1ab-ce321c04c719">
      <Execution id="ecca5d5c-c5e1-44ab-9a6c-5e41e67bfe47" />
      <TestMethod codeBase="C:\repositories\CanDoItAll\tests\Components\CanDoItAll.Tests.Components\bin\Debug\net10.0\CanDoItAll.Tests.Components.dll" adapterTypeName="executor://xunit/VsTestRunner3/netcore/" className="CanDoItAll.Tests.Components.AgentFramework.AgentThinkingEffortSettingsTests" name="Existing_incompatible_override_is_preserved_until_user_resets_to_provider_default" />
    </UnitTest>
  </TestDefinitions>
  <TestEntries>
    <TestEntry testId="313e1ba2-6852-4d9b-6630-52efa7ae2188" executionId="2f173113-cbb2-4a04-bf29-24d7b809e89e" testListId="8c84fa94-04c1-424b-9868-57a2d4851a1d" />
    <TestEntry testId="d9bf62c9-4b56-f646-c947-e02cf3a6d5f7" executionId="77f1cdf2-ea15-4182-8385-1351ced63294" testListId="8c84fa94-04c1-424b-9868-57a2d4851a1d" />
    <TestEntry testId="3b9ec8dc-d541-33ac-34a6-a9f04b5158f3" executionId="f04b6389-edca-4f77-92cd-a5883a71a27f" testListId="8c84fa94-04c1-424b-9868-57a2d4851a1d" />
    <TestEntry testId="501cf5cd-c0a0-7895-13bd-baea969755a6" executionId="f0833d17-48ba-46f9-bea7-bc817ca3836e" testListId="8c84fa94-04c1-424b-9868-57a2d4851a1d" />
    <TestEntry testId="11530af4-25fb-791f-f27d-b259a999580c" executionId="ef3746a3-4cfe-47a2-8e81-a6edb9facb0b" testListId="8c84fa94-04c1-424b-9868-57a2d4851a1d" />
    <TestEntry testId="2c62ec04-0d88-8868-7e94-058e1d17e4cd" executionId="a2b2cde0-0abf-49ff-b35e-f6de68b595d7" testListId="8c84fa94-04c1-424b-9868-57a2d4851a1d" />
    <TestEntry testId="f04ad6c9-963d-5aae-ec66-f2fd740600dc" executionId="ef91e932-c776-4ca8-9dbc-0ce1277c0668" testListId="8c84fa94-04c1-424b-9868-57a2d4851a1d" />
    <TestEntry testId="b849ce50-f7af-a56a-692c-de3c6c4a4130" executionId="d086c333-c621-41a9-a3e4-1e0fd3d7f035" testListId="8c84fa94-04c1-424b-9868-57a2d4851a1d" />
    <TestEntry testId="3550410a-768e-9580-3bb8-18c6f6096df7" executionId="ac4107da-031a-4aea-b264-29a81019af44" testListId="8c84fa94-04c1-424b-9868-57a2d4851a1d" />
    <TestEntry testId="3538c2d7-ffcd-e145-9db9-5570d51eecf4" executionId="4ba5d79d-2bb9-404e-993c-86baeddc0394" testListId="8c84fa94-04c1-424b-9868-57a2d4851a1d" />
    <TestEntry testId="3d09a47a-8209-75cd-faa6-19cc36207dc2" executionId="474e26b2-2a92-4fb7-a5e1-795b59febef6" testListId="8c84fa94-04c1-424b-9868-57a2d4851a1d" />
    <TestEntry testId="3adc4c01-b744-3755-4539-ab47f46ee60c" executionId="dcb33f83-5d0a-49d4-a5ee-43e6e6d26d02" testListId="8c84fa94-04c1-424b-9868-57a2d4851a1d" />
    <TestEntry testId="9c6852f9-0d35-b257-0529-3bfc36f0e48c" executionId="9023e171-a4b5-4002-bfd8-cd72ba1fcfda" testListId="8c84fa94-04c1-424b-9868-57a2d4851a1d" />
    <TestEntry testId="0115516b-041e-fac6-5447-6a4369f8e84a" executionId="97e26fd9-fd53-4285-b12a-86187bc921e3" testListId="8c84fa94-04c1-424b-9868-57a2d4851a1d" />
    <TestEntry testId="fa6ceb06-ed5b-2358-73cf-283410568dc9" executionId="9a64405d-4334-43ab-aba4-05669acd3beb" testListId="8c84fa94-04c1-424b-9868-57a2d4851a1d" />
    <TestEntry testId="81ba7cbb-e490-9cff-d8bd-fc641a028e83" executionId="35491a26-f13b-49e5-b465-b9c8923a5983" testListId="8c84fa94-04c1-424b-9868-57a2d4851a1d" />
    <TestEntry testId="b775eede-3a2e-fc8f-bed5-57bdeee350be" executionId="27d2d41f-a2fa-4886-b3d0-5a0a9d77f11f" testListId="8c84fa94-04c1-424b-9868-57a2d4851a1d" />
    <TestEntry testId="f8f7c27a-f94c-732c-8dcc-14698275b44d" executionId="d891cee0-a8e0-49cf-b16b-0e54eba66dae" testListId="8c84fa94-04c1-424b-9868-57a2d4851a1d" />
    <TestEntry testId="5c809ddd-4caf-031e-9ed0-d8ed54924ece" executionId="871aa2f4-6a90-4543-b761-53a7e95bb21e" testListId="8c84fa94-04c1-424b-9868-57a2d4851a1d" />
    <TestEntry testId="203f8e07-bdc6-227b-fbbd-12e7fcf533ef" executionId="2934475e-3239-42fa-8d79-162056d9d578" testListId="8c84fa94-04c1-424b-9868-57a2d4851a1d" />
    <TestEntry testId="67a8a51c-7a7e-03bd-4a8c-d3c4d60b3fd8" executionId="9504f358-61ca-4aa5-b951-8ef6745dbde0" testListId="8c84fa94-04c1-424b-9868-57a2d4851a1d" />
    <TestEntry testId="cbc1418a-d3eb-7aa0-736b-35c531875be0" executionId="126c65aa-942b-4259-905c-65636a0ddd41" testListId="8c84fa94-04c1-424b-9868-57a2d4851a1d" />
    <TestEntry testId="32fe37e9-ec9a-09d8-f8e3-588de437f8ca" executionId="6c7ffa37-4b61-4612-bd80-dcc1fd16ca0d" testListId="8c84fa94-04c1-424b-9868-57a2d4851a1d" />
    <TestEntry testId="1de7e7cf-6ad5-cce1-37dc-24f81f0ef687" executionId="a6a33268-4fc2-4b75-ab9a-4be660838962" testListId="8c84fa94-04c1-424b-9868-57a2d4851a1d" />
    <TestEntry testId="ec28c196-f22d-b534-11d9-5fab980b8637" executionId="34a87257-d8c5-4ac8-8c9a-3bb14961f3ff" testListId="8c84fa94-04c1-424b-9868-57a2d4851a1d" />
    <TestEntry testId="01a7f409-f054-82cd-f1ab-ce321c04c719" executionId="ecca5d5c-c5e1-44ab-9a6c-5e41e67bfe47" testListId="8c84fa94-04c1-424b-9868-57a2d4851a1d" />
    <TestEntry testId="3c48e297-0dd4-fffe-f7ca-c17a2985b062" executionId="428754bb-df66-4b9b-b238-9f36a74e3955" testListId="8c84fa94-04c1-424b-9868-57a2d4851a1d" />
    <TestEntry testId="25305725-f367-dbb6-aafb-9dfa2b6ad08f" executionId="49387e1b-5610-4551-a262-1f50cb0945a4" testListId="8c84fa94-04c1-424b-9868-57a2d4851a1d" />
    <TestEntry testId="2e27610a-51b8-72bc-39dd-ad05981041cc" executionId="62f3fb58-4256-4d92-af07-fbd7ed49d02c" testListId="8c84fa94-04c1-424b-9868-57a2d4851a1d" />
  </TestEntries>
  <TestLists>
    <TestList name="Výsledky neuvedené v seznamu" id="8c84fa94-04c1-424b-9868-57a2d4851a1d" />
    <TestList name="Všechny načtené výsledky" id="19431567-8539-422a-85d7-44ee4e166bda" />
  </TestLists>
  <ResultSummary outcome="Completed">
    <Counters total="29" executed="29" passed="29" failed="0" error="0" timeout="0" aborted="0" inconclusive="0" passedButRunAborted="0" notRunnable="0" notExecuted="0" disconnected="0" warning="0" completed="0" inProgress="0" pending="0" />
    <Output>
      <StdOut>[xUnit.net 00:00:00.00] xUnit.net VSTest Adapter v3.1.4+50e68bbb8b (64-bit .NET 10.0.11)&#xD;
[xUnit.net 00:00:00.29]   Discovering: CanDoItAll.Tests.Components&#xD;
[xUnit.net 00:00:00.46]   Discovered:  CanDoItAll.Tests.Components&#xD;
[xUnit.net 00:00:00.50]   Starting:    CanDoItAll.Tests.Components&#xD;
[xUnit.net 00:00:01.50]   Finished:    CanDoItAll.Tests.Components&#xD;
</StdOut>
    </Output>
  </ResultSummary>
</TestRun>