<?xml version="1.0" encoding="utf-8"?>
<TestRun id="ad70d02f-bf3d-4443-8bd0-173aca344404" name="lucys@LUCYSPOWER 2026-08-27 18:57:52" runUser="LUCYSPOWER\lucys" xmlns="http://microsoft.com/schemas/VisualStudio/TeamTest/2010">
  <Times creation="2026-08-27T18:57:52.0758980-04:00" queuing="2026-08-27T18:57:52.0758985-04:00" start="2026-08-27T18:57:47.9222129-04:00" finish="2026-08-27T18:57:53.3415320-04:00" />
  <TestSettings name="default" id="acd8895f-bc27-4aef-80d7-807ab758d582">
    <Deployment runDeploymentRoot="lucys_LUCYSPOWER_2026-08-27_18_57_52" />
  </TestSettings>
  <Results>
    <UnitTestResult executionId="47dcc5de-b1ca-4fe2-9c1a-530eaa12cb9d" testId="2e27610a-51b8-72bc-39dd-ad05981041cc" testName="CanDoItAll.Tests.Components.AgentFramework.AgentThinkingEffortSettingsTests.Unknown_openai_model_disables_inherited_selector_and_requests_verified_definition" computerName="LUCYSPOWER" duration="00:00:00.0058957" startTime="2026-08-27T18:57:52.3293035-04:00" endTime="2026-08-27T18:57:52.3351976-04:00" testType="13cdc9d9-ddb5-4fa4-a97d-d965ccfc6d4b" outcome="Passed" testListId="8c84fa94-04c1-424b-9868-57a2d4851a1d" relativeResultsDirectory="47dcc5de-b1ca-4fe2-9c1a-530eaa12cb9d" />
    <UnitTestResult executionId="78917179-a842-4516-8ab3-5817f5286935" testId="67a8a51c-7a7e-03bd-4a8c-d3c4d60b3fd8" testName="CanDoItAll.Tests.Components.AgentFramework.AgentThinkingEffortSettingsTests.Unknown_azure_deployment_requests_provider_scoped_definition" computerName="LUCYSPOWER" duration="00:00:00.0046534" startTime="2026-08-27T18:57:52.3245042-04:00" endTime="2026-08-27T18:57:52.3290739-04:00" testType="13cdc9d9-ddb5-4fa4-a97d-d965ccfc6d4b" outcome="Passed" testListId="8c84fa94-04c1-424b-9868-57a2d4851a1d" relativeResultsDirectory="78917179-a842-4516-8ab3-5817f5286935" />
    <UnitTestResult executionId="f3563058-148e-45eb-ad02-a17620585a0b" testId="5c809ddd-4caf-031e-9ed0-d8ed54924ece" testName="CanDoItAll.Tests.Components.AgentFramework.ProviderModelSelectorTests.ProviderModelSelector_keeps_custom_model_behind_override" computerName="LUCYSPOWER" duration="00:00:00.0286830" startTime="2026-08-27T18:57:51.9641603-04:00" endTime="2026-08-27T18:57:51.9927273-04:00" testType="13cdc9d9-ddb5-4fa4-a97d-d965ccfc6d4b" outcome="Passed" testListId="8c84fa94-04c1-424b-9868-57a2d4851a1d" relativeResultsDirectory="f3563058-148e-45eb-ad02-a17620585a0b" />
    <UnitTestResult executionId="a5a134cc-b6d6-48db-b8b7-d135e2e28602" testId="b849ce50-f7af-a56a-692c-de3c6c4a4130" testName="CanDoItAll.Tests.Components.AgentFramework.AgentDetailsDialogThinkingEffortTests.Invalid_provider_default_blocks_save_until_a_supported_agent_override_is_selected" computerName="LUCYSPOWER" duration="00:00:00.0336096" startTime="2026-08-27T18:57:53.1327223-04:00" endTime="2026-08-27T18:57:53.1662323-04:00" testType="13cdc9d9-ddb5-4fa4-a97d-d965ccfc6d4b" outcome="Passed" testListId="8c84fa94-04c1-424b-9868-57a2d4851a1d" relativeResultsDirectory="a5a134cc-b6d6-48db-b8b7-d135e2e28602" />
    <UnitTestResult executionId="1c295009-1e85-4f1e-8b86-105c9617c8df" testId="ec28c196-f22d-b534-11d9-5fab980b8637" testName="CanDoItAll.Tests.Components.AgentFramework.AgentThinkingEffortSettingsTests.Original_gpt5_lists_minimal_and_does_not_offer_none" computerName="LUCYSPOWER" duration="00:00:00.0132050" startTime="2026-08-27T18:57:52.1993468-04:00" endTime="2026-08-27T18:57:52.2124613-04:00" testType="13cdc9d9-ddb5-4fa4-a97d-d965ccfc6d4b" outcome="Passed" testListId="8c84fa94-04c1-424b-9868-57a2d4851a1d" relativeResultsDirectory="1c295009-1e85-4f1e-8b86-105c9617c8df" />
    <UnitTestResult executionId="821d4231-8592-4d59-be6e-51b16a66ee5a" testId="3538c2d7-ffcd-e145-9db9-5570d51eecf4" testName="CanDoItAll.Tests.Components.AgentFramework.AgentThinkingEffortSettingsTests.Unsupported_model_disables_inherited_selector_and_explains_the_limitation" computerName="LUCYSPOWER" duration="00:00:00.1094162" startTime="2026-08-27T18:57:52.0412470-04:00" endTime="2026-08-27T18:57:52.1490116-04:00" testType="13cdc9d9-ddb5-4fa4-a97d-d965ccfc6d4b" outcome="Passed" testListId="8c84fa94-04c1-424b-9868-57a2d4851a1d" relativeResultsDirectory="821d4231-8592-4d59-be6e-51b16a66ee5a" />
    <UnitTestResult executionId="5d4360aa-8bde-4f34-a31b-8d0b8817727c" testId="3c48e297-0dd4-fffe-f7ca-c17a2985b062" testName="CanDoItAll.Tests.Components.AgentFramework.ProviderModelSelectorTests.Removed_shared_model_is_explicitly_unavailable_and_does_not_show_its_routing_id" computerName="LUCYSPOWER" duration="00:00:00.0325840" startTime="2026-08-27T18:57:51.9202471-04:00" endTime="2026-08-27T18:57:51.9527166-04:00" testType="13cdc9d9-ddb5-4fa4-a97d-d965ccfc6d4b" outcome="Passed" testListId="8c84fa94-04c1-424b-9868-57a2d4851a1d" relativeResultsDirectory="5d4360aa-8bde-4f34-a31b-8d0b8817727c" />
    <UnitTestResult executionId="fb08a795-a661-419c-a828-c95b4032d4cb" testId="9c6852f9-0d35-b257-0529-3bfc36f0e48c" testName="CanDoItAll.Tests.Components.AgentFramework.AgentThinkingEffortSettingsTests.SharedThinkingEffort_UsesPublishedCapabilitiesForOpaqueModelId" computerName="LUCYSPOWER" duration="00:00:00.0146657" startTime="2026-08-27T18:57:52.2786079-04:00" endTime="2026-08-27T18:57:52.2926588-04:00" testType="13cdc9d9-ddb5-4fa4-a97d-d965ccfc6d4b" outcome="Passed" testListId="8c84fa94-04c1-424b-9868-57a2d4851a1d" relativeResultsDirectory="fb08a795-a661-419c-a828-c95b4032d4cb" />
    <UnitTestResult executionId="b9748a78-7d14-4120-842b-288d31ac512e" testId="3b9ec8dc-d541-33ac-34a6-a9f04b5158f3" testName="CanDoItAll.Tests.Components.AgentFramework.ProviderModelSelectorTests.ProviderModelSelector_treats_non_empty_provider_default_value_as_explicit_override" computerName="LUCYSPOWER" duration="00:00:00.0048998" startTime="2026-08-27T18:57:51.9529724-04:00" endTime="2026-08-27T18:57:51.9577497-04:00" testType="13cdc9d9-ddb5-4fa4-a97d-d965ccfc6d4b" outcome="Passed" testListId="8c84fa94-04c1-424b-9868-57a2d4851a1d" relativeResultsDirectory="b9748a78-7d14-4120-842b-288d31ac512e" />
    <UnitTestResult executionId="1e0d2b7b-1acc-4017-a2cb-6a02d2a403b3" testId="3d09a47a-8209-75cd-faa6-19cc36207dc2" testName="CanDoItAll.Tests.Components.AgentFramework.ProviderModelSelectorTests.ProviderModelSelector_unchecking_override_returns_to_provider_default" computerName="LUCYSPOWER" duration="00:00:01.3322894" startTime="2026-08-27T18:57:50.4707206-04:00" endTime="2026-08-27T18:57:51.8352787-04:00" testType="13cdc9d9-ddb5-4fa4-a97d-d965ccfc6d4b" outcome="Passed" testListId="8c84fa94-04c1-424b-9868-57a2d4851a1d" relativeResultsDirectory="1e0d2b7b-1acc-4017-a2cb-6a02d2a403b3" />
    <UnitTestResult executionId="3b947fd3-4ff2-4855-af4d-b6784e02b606" testId="2c62ec04-0d88-8868-7e94-058e1d17e4cd" testName="CanDoItAll.Tests.Components.AgentFramework.ProviderModelSelectorTests.ProviderModelSelector_supports_scalar_provider_metadata_for_workflow_surfaces" computerName="LUCYSPOWER" duration="00:00:00.0169540" startTime="2026-08-27T18:57:52.0087568-04:00" endTime="2026-08-27T18:57:52.0255790-04:00" testType="13cdc9d9-ddb5-4fa4-a97d-d965ccfc6d4b" outcome="Passed" testListId="8c84fa94-04c1-424b-9868-57a2d4851a1d" relativeResultsDirectory="3b947fd3-4ff2-4855-af4d-b6784e02b606" />
    <UnitTestResult executionId="720e3852-5625-43d0-820c-097f36d84281" testId="01a7f409-f054-82cd-f1ab-ce321c04c719" testName="CanDoItAll.Tests.Components.AgentFramework.AgentThinkingEffortSettingsTests.Existing_incompatible_override_is_preserved_until_user_resets_to_provider_default" computerName="LUCYSPOWER" duration="00:00:00.0459508" startTime="2026-08-27T18:57:52.1495097-04:00" endTime="2026-08-27T18:57:52.1951068-04:00" testType="13cdc9d9-ddb5-4fa4-a97d-d965ccfc6d4b" outcome="Passed" testListId="8c84fa94-04c1-424b-9868-57a2d4851a1d" relativeResultsDirectory="720e3852-5625-43d0-820c-097f36d84281" />
    <UnitTestResult executionId="43f221a4-5af7-4261-93dd-ad578ee3540b" testId="d9bf62c9-4b56-f646-c947-e02cf3a6d5f7" testName="CanDoItAll.Tests.Components.AgentFramework.AgentDetailsDialogThinkingEffortTests.Switching_to_an_unknown_model_preserves_the_override_and_blocks_persistence" computerName="LUCYSPOWER" duration="00:00:00.0284779" startTime="2026-08-27T18:57:52.9850493-04:00" endTime="2026-08-27T18:57:53.0301834-04:00" testType="13cdc9d9-ddb5-4fa4-a97d-d965ccfc6d4b" outcome="Failed" testListId="8c84fa94-04c1-424b-9868-57a2d4851a1d" relativeResultsDirectory="43f221a4-5af7-4261-93dd-ad578ee3540b">
      <Output>
        <ErrorInfo>
          <Message>System.InvalidOperationException : Sequence contains no matching element</Message>
          <StackTrace>   at System.Linq.ThrowHelper.ThrowNoMatchException()&#xD;
   at System.Linq.Enumerable.Single[TSource](IEnumerable`1 source, Func`2 predicate)&#xD;
   at CanDoItAll.Tests.Components.AgentFramework.AgentDetailsDialogThinkingEffortTests.ChangeSelectToLabel(IRenderedComponent`1 component, String testId, String label) in C:\repositories\CanDoItAll\tests\Components\CanDoItAll.Tests.Components\AgentDetailsDialogThinkingEffortTests.cs:line 261&#xD;
   at CanDoItAll.Tests.Components.AgentFramework.AgentDetailsDialogThinkingEffortTests.Switching_to_an_unknown_model_preserves_the_override_and_blocks_persistence() in C:\repositories\CanDoItAll\tests\Components\CanDoItAll.Tests.Components\AgentDetailsDialogThinkingEffortTests.cs:line 114&#xD;
   at System.Reflection.MethodBaseInvoker.InterpretedInvoke_Method(Object obj, IntPtr* args)&#xD;
   at System.Reflection.MethodBaseInvoker.InvokeWithNoArgs(Object obj, BindingFlags invokeAttr)</StackTrace>
        </ErrorInfo>
      </Output>
    </UnitTestResult>
    <UnitTestResult executionId="a40fdcb6-ae28-4a07-9b20-0d10068a9ceb" testId="3550410a-768e-9580-3bb8-18c6f6096df7" testName="CanDoItAll.Tests.Components.AgentFramework.AgentDetailsDialogThinkingEffortTests.Switching_provider_clears_custom_model_before_validating_the_new_default" computerName="LUCYSPOWER" duration="00:00:00.0544699" startTime="2026-08-27T18:57:53.0794682-04:00" endTime="2026-08-27T18:57:53.1324759-04:00" testType="13cdc9d9-ddb5-4fa4-a97d-d965ccfc6d4b" outcome="Passed" testListId="8c84fa94-04c1-424b-9868-57a2d4851a1d" relativeResultsDirectory="a40fdcb6-ae28-4a07-9b20-0d10068a9ceb" />
    <UnitTestResult executionId="4538b0f2-2ce9-47b2-8f3b-503d17989d17" testId="1de7e7cf-6ad5-cce1-37dc-24f81f0ef687" testName="CanDoItAll.Tests.Components.AgentFramework.AgentThinkingEffortSettingsTests.Incompatible_override_does_not_recommend_an_unavailable_provider_default" computerName="LUCYSPOWER" duration="00:00:00.0132622" startTime="2026-08-27T18:57:52.2569922-04:00" endTime="2026-08-27T18:57:52.2701930-04:00" testType="13cdc9d9-ddb5-4fa4-a97d-d965ccfc6d4b" outcome="Passed" testListId="8c84fa94-04c1-424b-9868-57a2d4851a1d" relativeResultsDirectory="4538b0f2-2ce9-47b2-8f3b-503d17989d17" />
    <UnitTestResult executionId="0e88309a-28a3-4a7c-90d1-b9fcc7c066e4" testId="313e1ba2-6852-4d9b-6630-52efa7ae2188" testName="CanDoItAll.Tests.Components.AgentFramework.AgentThinkingEffortSettingsTests.Supported_model_lists_allowed_efforts_and_configured_provider_default" computerName="LUCYSPOWER" duration="00:00:00.0045920" startTime="2026-08-27T18:57:52.3197767-04:00" endTime="2026-08-27T18:57:52.3242741-04:00" testType="13cdc9d9-ddb5-4fa4-a97d-d965ccfc6d4b" outcome="Passed" testListId="8c84fa94-04c1-424b-9868-57a2d4851a1d" relativeResultsDirectory="0e88309a-28a3-4a7c-90d1-b9fcc7c066e4" />
    <UnitTestResult executionId="c9d225f8-e9ec-49a8-ac03-144346e3a464" testId="f8f7c27a-f94c-732c-8dcc-14698275b44d" testName="CanDoItAll.Tests.Components.AgentFramework.AgentThinkingEffortSettingsTests.Discovered_gptoss_capability_lists_levels_without_disable" computerName="LUCYSPOWER" duration="00:00:00.0441251" startTime="2026-08-27T18:57:52.2127734-04:00" endTime="2026-08-27T18:57:52.2566950-04:00" testType="13cdc9d9-ddb5-4fa4-a97d-d965ccfc6d4b" outcome="Passed" testListId="8c84fa94-04c1-424b-9868-57a2d4851a1d" relativeResultsDirectory="c9d225f8-e9ec-49a8-ac03-144346e3a464" />
    <UnitTestResult executionId="dea9044a-89e2-4f90-b832-8f92d651d4de" testId="cbc1418a-d3eb-7aa0-736b-35c531875be0" testName="CanDoItAll.Tests.Components.AgentFramework.AgentDetailsDialogThinkingEffortTests.Selecting_provider_default_clears_an_incompatible_override_and_saves_null" computerName="LUCYSPOWER" duration="00:00:00.0485015" startTime="2026-08-27T18:57:53.0409933-04:00" endTime="2026-08-27T18:57:53.0778728-04:00" testType="13cdc9d9-ddb5-4fa4-a97d-d965ccfc6d4b" outcome="Passed" testListId="8c84fa94-04c1-424b-9868-57a2d4851a1d" relativeResultsDirectory="dea9044a-89e2-4f90-b832-8f92d651d4de" />
    <UnitTestResult executionId="fe40d92a-1158-42c6-959a-57d8aa809d0c" testId="f04ad6c9-963d-5aae-ec66-f2fd740600dc" testName="CanDoItAll.Tests.Components.AgentFramework.AgentDetailsDialogThinkingEffortTests.Switching_to_an_unsupported_provider_preserves_the_override_and_disables_save" computerName="LUCYSPOWER" duration="00:00:00.4881774" startTime="2026-08-27T18:57:52.3405455-04:00" endTime="2026-08-27T18:57:52.8287705-04:00" testType="13cdc9d9-ddb5-4fa4-a97d-d965ccfc6d4b" outcome="Passed" testListId="8c84fa94-04c1-424b-9868-57a2d4851a1d" relativeResultsDirectory="fe40d92a-1158-42c6-959a-57d8aa809d0c" />
    <UnitTestResult executionId="4e8c8f12-b8cd-4011-8c37-d4ecc7e784fe" testId="11530af4-25fb-791f-f27d-b259a999580c" testName="CanDoItAll.Tests.Components.AgentFramework.AgentThinkingEffortSettingsTests.Discovered_ollama_capability_lists_only_native_allowed_efforts" computerName="LUCYSPOWER" duration="00:00:00.0046197" startTime="2026-08-27T18:57:52.3354239-04:00" endTime="2026-08-27T18:57:52.3399657-04:00" testType="13cdc9d9-ddb5-4fa4-a97d-d965ccfc6d4b" outcome="Passed" testListId="8c84fa94-04c1-424b-9868-57a2d4851a1d" relativeResultsDirectory="4e8c8f12-b8cd-4011-8c37-d4ecc7e784fe" />
    <UnitTestResult executionId="8c9f4ed4-f909-45ce-bdbd-917e6994982c" testId="3adc4c01-b744-3755-4539-ab47f46ee60c" testName="CanDoItAll.Tests.Components.AgentFramework.AgentDetailsDialogThinkingEffortTests.Supported_override_selection_updates_the_editor_and_can_be_saved" computerName="LUCYSPOWER" duration="00:00:00.1558458" startTime="2026-08-27T18:57:52.8290393-04:00" endTime="2026-08-27T18:57:52.9847676-04:00" testType="13cdc9d9-ddb5-4fa4-a97d-d965ccfc6d4b" outcome="Passed" testListId="8c84fa94-04c1-424b-9868-57a2d4851a1d" relativeResultsDirectory="8c9f4ed4-f909-45ce-bdbd-917e6994982c" />
    <UnitTestResult executionId="a0f3c6ed-dce2-4611-9b28-ea62aa9b0cc9" testId="81ba7cbb-e490-9cff-d8bd-fc641a028e83" testName="CanDoItAll.Tests.Components.AgentFramework.AgentThinkingEffortSettingsTests.Supported_model_emits_override_and_provider_default_reset" computerName="LUCYSPOWER" duration="00:00:00.0266040" startTime="2026-08-27T18:57:52.3074651-04:00" endTime="2026-08-27T18:57:52.3195576-04:00" testType="13cdc9d9-ddb5-4fa4-a97d-d965ccfc6d4b" outcome="Passed" testListId="8c84fa94-04c1-424b-9868-57a2d4851a1d" relativeResultsDirectory="a0f3c6ed-dce2-4611-9b28-ea62aa9b0cc9" />
    <UnitTestResult executionId="29d2ee37-0930-405c-9e3f-4ff66ebb88d0" testId="32fe37e9-ec9a-09d8-f8e3-588de437f8ca" testName="CanDoItAll.Tests.Components.AgentFramework.ProviderModelSelectorTests.SharedThinkingEffort_Model_suggestions_are_curated_but_legacy_selection_survives" computerName="LUCYSPOWER" duration="00:00:00.0590582" startTime="2026-08-27T18:57:51.8624060-04:00" endTime="2026-08-27T18:57:51.9199893-04:00" testType="13cdc9d9-ddb5-4fa4-a97d-d965ccfc6d4b" outcome="Passed" testListId="8c84fa94-04c1-424b-9868-57a2d4851a1d" relativeResultsDirectory="29d2ee37-0930-405c-9e3f-4ff66ebb88d0" />
    <UnitTestResult executionId="0db20236-d7ee-4690-8f03-7e7eb44dd6cb" testId="501cf5cd-c0a0-7895-13bd-baea969755a6" testName="CanDoItAll.Tests.Components.AgentFramework.ProviderModelSelectorTests.ProviderModelSelector_lists_provider_default_and_suggested_models" computerName="LUCYSPOWER" duration="00:00:00.0156306" startTime="2026-08-27T18:57:51.9929916-04:00" endTime="2026-08-27T18:57:52.0085074-04:00" testType="13cdc9d9-ddb5-4fa4-a97d-d965ccfc6d4b" outcome="Passed" testListId="8c84fa94-04c1-424b-9868-57a2d4851a1d" relativeResultsDirectory="0db20236-d7ee-4690-8f03-7e7eb44dd6cb" />
    <UnitTestResult executionId="67510200-f3dd-4908-a89a-e5bc5799a267" testId="0115516b-041e-fac6-5447-6a4369f8e84a" testName="CanDoItAll.Tests.Components.AgentFramework.ProviderModelSelectorTests.SharedThinkingEffort_Shared_models_sort_by_real_name_numerically_and_keep_published_legacy_selection" computerName="LUCYSPOWER" duration="00:00:00.0060065" startTime="2026-08-27T18:57:51.9579805-04:00" endTime="2026-08-27T18:57:51.9639259-04:00" testType="13cdc9d9-ddb5-4fa4-a97d-d965ccfc6d4b" outcome="Passed" testListId="8c84fa94-04c1-424b-9868-57a2d4851a1d" relativeResultsDirectory="67510200-f3dd-4908-a89a-e5bc5799a267" />
    <UnitTestResult executionId="c628e175-cdd0-42a9-be70-3620a65de6ba" testId="b775eede-3a2e-fc8f-bed5-57bdeee350be" testName="CanDoItAll.Tests.Components.AgentFramework.AgentThinkingEffortSettingsTests.Invalid_provider_default_is_visible_and_can_be_replaced_by_a_valid_override" computerName="LUCYSPOWER" duration="00:00:00.0073188" startTime="2026-08-27T18:57:52.2707848-04:00" endTime="2026-08-27T18:57:52.2779503-04:00" testType="13cdc9d9-ddb5-4fa4-a97d-d965ccfc6d4b" outcome="Passed" testListId="8c84fa94-04c1-424b-9868-57a2d4851a1d" relativeResultsDirectory="c628e175-cdd0-42a9-be70-3620a65de6ba" />
    <UnitTestResult executionId="489d2594-3e52-49e3-8de8-c5b24457dd47" testId="203f8e07-bdc6-227b-fbbd-12e7fcf533ef" testName="CanDoItAll.Tests.Components.AgentFramework.ProviderModelSelectorTests.ProviderModelSelector_starts_in_override_for_unknown_existing_model" computerName="LUCYSPOWER" duration="00:00:00.0251834" startTime="2026-08-27T18:57:51.8590300-04:00" endTime="2026-08-27T18:57:51.8608808-04:00" testType="13cdc9d9-ddb5-4fa4-a97d-d965ccfc6d4b" outcome="Passed" testListId="8c84fa94-04c1-424b-9868-57a2d4851a1d" relativeResultsDirectory="489d2594-3e52-49e3-8de8-c5b24457dd47" />
    <UnitTestResult executionId="43ad135a-2d52-4843-953e-760e356f84a0" testId="25305725-f367-dbb6-aafb-9dfa2b6ad08f" testName="CanDoItAll.Tests.Components.AgentFramework.AgentThinkingEffortSettingsTests.Missing_provider_disables_selector_and_requests_provider_selection" computerName="LUCYSPOWER" duration="00:00:00.0038643" startTime="2026-08-27T18:57:52.1953355-04:00" endTime="2026-08-27T18:57:52.1991033-04:00" testType="13cdc9d9-ddb5-4fa4-a97d-d965ccfc6d4b" outcome="Passed" testListId="8c84fa94-04c1-424b-9868-57a2d4851a1d" relativeResultsDirectory="43ad135a-2d52-4843-953e-760e356f84a0" />
    <UnitTestResult executionId="2740df8b-e8f1-47c2-8014-7c8b31a6760d" testId="fa6ceb06-ed5b-2358-73cf-283410568dc9" testName="CanDoItAll.Tests.Components.AgentFramework.ProviderModelSelectorTests.Shared_model_labels_emit_routing_ids_and_disable_custom_overrides" computerName="LUCYSPOWER" duration="00:00:00.0085328" startTime="2026-08-27T18:57:52.0379992-04:00" endTime="2026-08-27T18:57:52.0381004-04:00" testType="13cdc9d9-ddb5-4fa4-a97d-d965ccfc6d4b" outcome="Passed" testListId="8c84fa94-04c1-424b-9868-57a2d4851a1d" relativeResultsDirectory="2740df8b-e8f1-47c2-8014-7c8b31a6760d" />
  </Results>
  <TestDefinitions>
    <UnitTest name="CanDoItAll.Tests.Components.AgentFramework.AgentThinkingEffortSettingsTests.Supported_model_lists_allowed_efforts_and_configured_provider_default" storage="c:\repositories\candoitall\tests\components\candoitall.tests.components\bin\debug\net10.0\candoitall.tests.components.dll" id="313e1ba2-6852-4d9b-6630-52efa7ae2188">
      <Execution id="0e88309a-28a3-4a7c-90d1-b9fcc7c066e4" />
      <TestMethod codeBase="C:\repositories\CanDoItAll\tests\Components\CanDoItAll.Tests.Components\bin\Debug\net10.0\CanDoItAll.Tests.Components.dll" adapterTypeName="executor://xunit/VsTestRunner3/netcore/" className="CanDoItAll.Tests.Components.AgentFramework.AgentThinkingEffortSettingsTests" name="Supported_model_lists_allowed_efforts_and_configured_provider_default" />
    </UnitTest>
    <UnitTest name="CanDoItAll.Tests.Components.AgentFramework.AgentThinkingEffortSettingsTests.Unknown_openai_model_disables_inherited_selector_and_requests_verified_definition" storage="c:\repositories\candoitall\tests\components\candoitall.tests.components\bin\debug\net10.0\candoitall.tests.components.dll" id="2e27610a-51b8-72bc-39dd-ad05981041cc">
      <Execution id="47dcc5de-b1ca-4fe2-9c1a-530eaa12cb9d" />
      <TestMethod codeBase="C:\repositories\CanDoItAll\tests\Components\CanDoItAll.Tests.Components\bin\Debug\net10.0\CanDoItAll.Tests.Components.dll" adapterTypeName="executor://xunit/VsTestRunner3/netcore/" className="CanDoItAll.Tests.Components.AgentFramework.AgentThinkingEffortSettingsTests" name="Unknown_openai_model_disables_inherited_selector_and_requests_verified_definition" />
    </UnitTest>
    <UnitTest name="CanDoItAll.Tests.Components.AgentFramework.ProviderModelSelectorTests.ProviderModelSelector_lists_provider_default_and_suggested_models" storage="c:\repositories\candoitall\tests\components\candoitall.tests.components\bin\debug\net10.0\candoitall.tests.components.dll" id="501cf5cd-c0a0-7895-13bd-baea969755a6">
      <Execution id="0db20236-d7ee-4690-8f03-7e7eb44dd6cb" />
      <TestMethod codeBase="C:\repositories\CanDoItAll\tests\Components\CanDoItAll.Tests.Components\bin\Debug\net10.0\CanDoItAll.Tests.Components.dll" adapterTypeName="executor://xunit/VsTestRunner3/netcore/" className="CanDoItAll.Tests.Components.AgentFramework.ProviderModelSelectorTests" name="ProviderModelSelector_lists_provider_default_and_suggested_models" />
    </UnitTest>
    <UnitTest name="CanDoItAll.Tests.Components.AgentFramework.ProviderModelSelectorTests.ProviderModelSelector_supports_scalar_provider_metadata_for_workflow_surfaces" storage="c:\repositories\candoitall\tests\components\candoitall.tests.components\bin\debug\net10.0\candoitall.tests.components.dll" id="2c62ec04-0d88-8868-7e94-058e1d17e4cd">
      <Execution id="3b947fd3-4ff2-4855-af4d-b6784e02b606" />
      <TestMethod codeBase="C:\repositories\CanDoItAll\tests\Components\CanDoItAll.Tests.Components\bin\Debug\net10.0\CanDoItAll.Tests.Components.dll" adapterTypeName="executor://xunit/VsTestRunner3/netcore/" className="CanDoItAll.Tests.Components.AgentFramework.ProviderModelSelectorTests" name="ProviderModelSelector_supports_scalar_provider_metadata_for_workflow_surfaces" />
    </UnitTest>
    <UnitTest name="CanDoItAll.Tests.Components.AgentFramework.ProviderModelSelectorTests.Shared_model_labels_emit_routing_ids_and_disable_custom_overrides" storage="c:\repositories\candoitall\tests\components\candoitall.tests.components\bin\debug\net10.0\candoitall.tests.components.dll" id="fa6ceb06-ed5b-2358-73cf-283410568dc9">
      <Execution id="2740df8b-e8f1-47c2-8014-7c8b31a6760d" />
      <TestMethod codeBase="C:\repositories\CanDoItAll\tests\Components\CanDoItAll.Tests.Components\bin\Debug\net10.0\CanDoItAll.Tests.Components.dll" adapterTypeName="executor://xunit/VsTestRunner3/netcore/" className="CanDoItAll.Tests.Components.AgentFramework.ProviderModelSelectorTests" name="Shared_model_labels_emit_routing_ids_and_disable_custom_overrides" />
    </UnitTest>
    <UnitTest name="CanDoItAll.Tests.Components.AgentFramework.AgentDetailsDialogThinkingEffortTests.Switching_provider_clears_custom_model_before_validating_the_new_default" storage="c:\repositories\candoitall\tests\components\candoitall.tests.components\bin\debug\net10.0\candoitall.tests.components.dll" id="3550410a-768e-9580-3bb8-18c6f6096df7">
      <Execution id="a40fdcb6-ae28-4a07-9b20-0d10068a9ceb" />
      <TestMethod codeBase="C:\repositories\CanDoItAll\tests\Components\CanDoItAll.Tests.Components\bin\Debug\net10.0\CanDoItAll.Tests.Components.dll" adapterTypeName="executor://xunit/VsTestRunner3/netcore/" className="CanDoItAll.Tests.Components.AgentFramework.AgentDetailsDialogThinkingEffortTests" name="Switching_provider_clears_custom_model_before_validating_the_new_default" />
    </UnitTest>
    <UnitTest name="CanDoItAll.Tests.Components.AgentFramework.AgentDetailsDialogThinkingEffortTests.Supported_override_selection_updates_the_editor_and_can_be_saved" storage="c:\repositories\candoitall\tests\components\candoitall.tests.components\bin\debug\net10.0\candoitall.tests.components.dll" id="3adc4c01-b744-3755-4539-ab47f46ee60c">
      <Execution id="8c9f4ed4-f909-45ce-bdbd-917e6994982c" />
      <TestMethod codeBase="C:\repositories\CanDoItAll\tests\Components\CanDoItAll.Tests.Components\bin\Debug\net10.0\CanDoItAll.Tests.Components.dll" adapterTypeName="executor://xunit/VsTestRunner3/netcore/" className="CanDoItAll.Tests.Components.AgentFramework.AgentDetailsDialogThinkingEffortTests" name="Supported_override_selection_updates_the_editor_and_can_be_saved" />
    </UnitTest>
    <UnitTest name="CanDoItAll.Tests.Components.AgentFramework.AgentThinkingEffortSettingsTests.Invalid_provider_default_is_visible_and_can_be_replaced_by_a_valid_override" storage="c:\repositories\candoitall\tests\components\candoitall.tests.components\bin\debug\net10.0\candoitall.tests.components.dll" id="b775eede-3a2e-fc8f-bed5-57bdeee350be">
      <Execution id="c628e175-cdd0-42a9-be70-3620a65de6ba" />
      <TestMethod codeBase="C:\repositories\CanDoItAll\tests\Components\CanDoItAll.Tests.Components\bin\Debug\net10.0\CanDoItAll.Tests.Components.dll" adapterTypeName="executor://xunit/VsTestRunner3/netcore/" className="CanDoItAll.Tests.Components.AgentFramework.AgentThinkingEffortSettingsTests" name="Invalid_provider_default_is_visible_and_can_be_replaced_by_a_valid_override" />
    </UnitTest>
    <UnitTest name="CanDoItAll.Tests.Components.AgentFramework.ProviderModelSelectorTests.ProviderModelSelector_unchecking_override_returns_to_provider_default" storage="c:\repositories\candoitall\tests\components\candoitall.tests.components\bin\debug\net10.0\candoitall.tests.components.dll" id="3d09a47a-8209-75cd-faa6-19cc36207dc2">
      <Execution id="1e0d2b7b-1acc-4017-a2cb-6a02d2a403b3" />
      <TestMethod codeBase="C:\repositories\CanDoItAll\tests\Components\CanDoItAll.Tests.Components\bin\Debug\net10.0\CanDoItAll.Tests.Components.dll" adapterTypeName="executor://xunit/VsTestRunner3/netcore/" className="CanDoItAll.Tests.Components.AgentFramework.ProviderModelSelectorTests" name="ProviderModelSelector_unchecking_override_returns_to_provider_default" />
    </UnitTest>
    <UnitTest name="CanDoItAll.Tests.Components.AgentFramework.ProviderModelSelectorTests.ProviderModelSelector_keeps_custom_model_behind_override" storage="c:\repositories\candoitall\tests\components\candoitall.tests.components\bin\debug\net10.0\candoitall.tests.components.dll" id="5c809ddd-4caf-031e-9ed0-d8ed54924ece">
      <Execution id="f3563058-148e-45eb-ad02-a17620585a0b" />
      <TestMethod codeBase="C:\repositories\CanDoItAll\tests\Components\CanDoItAll.Tests.Components\bin\Debug\net10.0\CanDoItAll.Tests.Components.dll" adapterTypeName="executor://xunit/VsTestRunner3/netcore/" className="CanDoItAll.Tests.Components.AgentFramework.ProviderModelSelectorTests" name="ProviderModelSelector_keeps_custom_model_behind_override" />
    </UnitTest>
    <UnitTest name="CanDoItAll.Tests.Components.AgentFramework.AgentThinkingEffortSettingsTests.Unknown_azure_deployment_requests_provider_scoped_definition" storage="c:\repositories\candoitall\tests\components\candoitall.tests.components\bin\debug\net10.0\candoitall.tests.components.dll" id="67a8a51c-7a7e-03bd-4a8c-d3c4d60b3fd8">
      <Execution id="78917179-a842-4516-8ab3-5817f5286935" />
      <TestMethod codeBase="C:\repositories\CanDoItAll\tests\Components\CanDoItAll.Tests.Components\bin\Debug\net10.0\CanDoItAll.Tests.Components.dll" adapterTypeName="executor://xunit/VsTestRunner3/netcore/" className="CanDoItAll.Tests.Components.AgentFramework.AgentThinkingEffortSettingsTests" name="Unknown_azure_deployment_requests_provider_scoped_definition" />
    </UnitTest>
    <UnitTest name="CanDoItAll.Tests.Components.AgentFramework.AgentDetailsDialogThinkingEffortTests.Switching_to_an_unknown_model_preserves_the_override_and_blocks_persistence" storage="c:\repositories\candoitall\tests\components\candoitall.tests.components\bin\debug\net10.0\candoitall.tests.components.dll" id="d9bf62c9-4b56-f646-c947-e02cf3a6d5f7">
      <Execution id="43f221a4-5af7-4261-93dd-ad578ee3540b" />
      <TestMethod codeBase="C:\repositories\CanDoItAll\tests\Components\CanDoItAll.Tests.Components\bin\Debug\net10.0\CanDoItAll.Tests.Components.dll" adapterTypeName="executor://xunit/VsTestRunner3/netcore/" className="CanDoItAll.Tests.Components.AgentFramework.AgentDetailsDialogThinkingEffortTests" name="Switching_to_an_unknown_model_preserves_the_override_and_blocks_persistence" />
    </UnitTest>
    <UnitTest name="CanDoItAll.Tests.Components.AgentFramework.AgentThinkingEffortSettingsTests.Incompatible_override_does_not_recommend_an_unavailable_provider_default" storage="c:\repositories\candoitall\tests\components\candoitall.tests.components\bin\debug\net10.0\candoitall.tests.components.dll" id="1de7e7cf-6ad5-cce1-37dc-24f81f0ef687">
      <Execution id="4538b0f2-2ce9-47b2-8f3b-503d17989d17" />
      <TestMethod codeBase="C:\repositories\CanDoItAll\tests\Components\CanDoItAll.Tests.Components\bin\Debug\net10.0\CanDoItAll.Tests.Components.dll" adapterTypeName="executor://xunit/VsTestRunner3/netcore/" className="CanDoItAll.Tests.Components.AgentFramework.AgentThinkingEffortSettingsTests" name="Incompatible_override_does_not_recommend_an_unavailable_provider_default" />
    </UnitTest>
    <UnitTest name="CanDoItAll.Tests.Components.AgentFramework.AgentThinkingEffortSettingsTests.Unsupported_model_disables_inherited_selector_and_explains_the_limitation" storage="c:\repositories\candoitall\tests\components\candoitall.tests.components\bin\debug\net10.0\candoitall.tests.components.dll" id="3538c2d7-ffcd-e145-9db9-5570d51eecf4">
      <Execution id="821d4231-8592-4d59-be6e-51b16a66ee5a" />
      <TestMethod codeBase="C:\repositories\CanDoItAll\tests\Components\CanDoItAll.Tests.Components\bin\Debug\net10.0\CanDoItAll.Tests.Components.dll" adapterTypeName="executor://xunit/VsTestRunner3/netcore/" className="CanDoItAll.Tests.Components.AgentFramework.AgentThinkingEffortSettingsTests" name="Unsupported_model_disables_inherited_selector_and_explains_the_limitation" />
    </UnitTest>
    <UnitTest name="CanDoItAll.Tests.Components.AgentFramework.AgentThinkingEffortSettingsTests.SharedThinkingEffort_UsesPublishedCapabilitiesForOpaqueModelId" storage="c:\repositories\candoitall\tests\components\candoitall.tests.components\bin\debug\net10.0\candoitall.tests.components.dll" id="9c6852f9-0d35-b257-0529-3bfc36f0e48c">
      <Execution id="fb08a795-a661-419c-a828-c95b4032d4cb" />
      <TestMethod codeBase="C:\repositories\CanDoItAll\tests\Components\CanDoItAll.Tests.Components\bin\Debug\net10.0\CanDoItAll.Tests.Components.dll" adapterTypeName="executor://xunit/VsTestRunner3/netcore/" className="CanDoItAll.Tests.Components.AgentFramework.AgentThinkingEffortSettingsTests" name="SharedThinkingEffort_UsesPublishedCapabilitiesForOpaqueModelId" />
    </UnitTest>
    <UnitTest name="CanDoItAll.Tests.Components.AgentFramework.AgentThinkingEffortSettingsTests.Original_gpt5_lists_minimal_and_does_not_offer_none" storage="c:\repositories\candoitall\tests\components\candoitall.tests.components\bin\debug\net10.0\candoitall.tests.components.dll" id="ec28c196-f22d-b534-11d9-5fab980b8637">
      <Execution id="1c295009-1e85-4f1e-8b86-105c9617c8df" />
      <TestMethod codeBase="C:\repositories\CanDoItAll\tests\Components\CanDoItAll.Tests.Components\bin\Debug\net10.0\CanDoItAll.Tests.Components.dll" adapterTypeName="executor://xunit/VsTestRunner3/netcore/" className="CanDoItAll.Tests.Components.AgentFramework.AgentThinkingEffortSettingsTests" name="Original_gpt5_lists_minimal_and_does_not_offer_none" />
    </UnitTest>
    <UnitTest name="CanDoItAll.Tests.Components.AgentFramework.ProviderModelSelectorTests.SharedThinkingEffort_Shared_models_sort_by_real_name_numerically_and_keep_published_legacy_selection" storage="c:\repositories\candoitall\tests\components\candoitall.tests.components\bin\debug\net10.0\candoitall.tests.components.dll" id="0115516b-041e-fac6-5447-6a4369f8e84a">
      <Execution id="67510200-f3dd-4908-a89a-e5bc5799a267" />
      <TestMethod codeBase="C:\repositories\CanDoItAll\tests\Components\CanDoItAll.Tests.Components\bin\Debug\net10.0\CanDoItAll.Tests.Components.dll" adapterTypeName="executor://xunit/VsTestRunner3/netcore/" className="CanDoItAll.Tests.Components.AgentFramework.ProviderModelSelectorTests" name="SharedThinkingEffort_Shared_models_sort_by_real_name_numerically_and_keep_published_legacy_selection" />
    </UnitTest>
    <UnitTest name="CanDoItAll.Tests.Components.AgentFramework.AgentDetailsDialogThinkingEffortTests.Invalid_provider_default_blocks_save_until_a_supported_agent_override_is_selected" storage="c:\repositories\candoitall\tests\components\candoitall.tests.components\bin\debug\net10.0\candoitall.tests.components.dll" id="b849ce50-f7af-a56a-692c-de3c6c4a4130">
      <Execution id="a5a134cc-b6d6-48db-b8b7-d135e2e28602" />
      <TestMethod codeBase="C:\repositories\CanDoItAll\tests\Components\CanDoItAll.Tests.Components\bin\Debug\net10.0\CanDoItAll.Tests.Components.dll" adapterTypeName="executor://xunit/VsTestRunner3/netcore/" className="CanDoItAll.Tests.Components.AgentFramework.AgentDetailsDialogThinkingEffortTests" name="Invalid_provider_default_blocks_save_until_a_supported_agent_override_is_selected" />
    </UnitTest>
    <UnitTest name="CanDoItAll.Tests.Components.AgentFramework.ProviderModelSelectorTests.ProviderModelSelector_treats_non_empty_provider_default_value_as_explicit_override" storage="c:\repositories\candoitall\tests\components\candoitall.tests.components\bin\debug\net10.0\candoitall.tests.components.dll" id="3b9ec8dc-d541-33ac-34a6-a9f04b5158f3">
      <Execution id="b9748a78-7d14-4120-842b-288d31ac512e" />
      <TestMethod codeBase="C:\repositories\CanDoItAll\tests\Components\CanDoItAll.Tests.Components\bin\Debug\net10.0\CanDoItAll.Tests.Components.dll" adapterTypeName="executor://xunit/VsTestRunner3/netcore/" className="CanDoItAll.Tests.Components.AgentFramework.ProviderModelSelectorTests" name="ProviderModelSelector_treats_non_empty_provider_default_value_as_explicit_override" />
    </UnitTest>
    <UnitTest name="CanDoItAll.Tests.Components.AgentFramework.ProviderModelSelectorTests.Removed_shared_model_is_explicitly_unavailable_and_does_not_show_its_routing_id" storage="c:\repositories\candoitall\tests\components\candoitall.tests.components\bin\debug\net10.0\candoitall.tests.components.dll" id="3c48e297-0dd4-fffe-f7ca-c17a2985b062">
      <Execution id="5d4360aa-8bde-4f34-a31b-8d0b8817727c" />
      <TestMethod codeBase="C:\repositories\CanDoItAll\tests\Components\CanDoItAll.Tests.Components\bin\Debug\net10.0\CanDoItAll.Tests.Components.dll" adapterTypeName="executor://xunit/VsTestRunner3/netcore/" className="CanDoItAll.Tests.Components.AgentFramework.ProviderModelSelectorTests" name="Removed_shared_model_is_explicitly_unavailable_and_does_not_show_its_routing_id" />
    </UnitTest>
    <UnitTest name="CanDoItAll.Tests.Components.AgentFramework.AgentDetailsDialogThinkingEffortTests.Selecting_provider_default_clears_an_incompatible_override_and_saves_null" storage="c:\repositories\candoitall\tests\components\candoitall.tests.components\bin\debug\net10.0\candoitall.tests.components.dll" id="cbc1418a-d3eb-7aa0-736b-35c531875be0">
      <Execution id="dea9044a-89e2-4f90-b832-8f92d651d4de" />
      <TestMethod codeBase="C:\repositories\CanDoItAll\tests\Components\CanDoItAll.Tests.Components\bin\Debug\net10.0\CanDoItAll.Tests.Components.dll" adapterTypeName="executor://xunit/VsTestRunner3/netcore/" className="CanDoItAll.Tests.Components.AgentFramework.AgentDetailsDialogThinkingEffortTests" name="Selecting_provider_default_clears_an_incompatible_override_and_saves_null" />
    </UnitTest>
    <UnitTest name="CanDoItAll.Tests.Components.AgentFramework.ProviderModelSelectorTests.ProviderModelSelector_starts_in_override_for_unknown_existing_model" storage="c:\repositories\candoitall\tests\components\candoitall.tests.components\bin\debug\net10.0\candoitall.tests.components.dll" id="203f8e07-bdc6-227b-fbbd-12e7fcf533ef">
      <Execution id="489d2594-3e52-49e3-8de8-c5b24457dd47" />
      <TestMethod codeBase="C:\repositories\CanDoItAll\tests\Components\CanDoItAll.Tests.Components\bin\Debug\net10.0\CanDoItAll.Tests.Components.dll" adapterTypeName="executor://xunit/VsTestRunner3/netcore/" className="CanDoItAll.Tests.Components.AgentFramework.ProviderModelSelectorTests" name="ProviderModelSelector_starts_in_override_for_unknown_existing_model" />
    </UnitTest>
    <UnitTest name="CanDoItAll.Tests.Components.AgentFramework.AgentThinkingEffortSettingsTests.Discovered_gptoss_capability_lists_levels_without_disable" storage="c:\repositories\candoitall\tests\components\candoitall.tests.components\bin\debug\net10.0\candoitall.tests.components.dll" id="f8f7c27a-f94c-732c-8dcc-14698275b44d">
      <Execution id="c9d225f8-e9ec-49a8-ac03-144346e3a464" />
      <TestMethod codeBase="C:\repositories\CanDoItAll\tests\Components\CanDoItAll.Tests.Components\bin\Debug\net10.0\CanDoItAll.Tests.Components.dll" adapterTypeName="executor://xunit/VsTestRunner3/netcore/" className="CanDoItAll.Tests.Components.AgentFramework.AgentThinkingEffortSettingsTests" name="Discovered_gptoss_capability_lists_levels_without_disable" />
    </UnitTest>
    <UnitTest name="CanDoItAll.Tests.Components.AgentFramework.ProviderModelSelectorTests.SharedThinkingEffort_Model_suggestions_are_curated_but_legacy_selection_survives" storage="c:\repositories\candoitall\tests\components\candoitall.tests.components\bin\debug\net10.0\candoitall.tests.components.dll" id="32fe37e9-ec9a-09d8-f8e3-588de437f8ca">
      <Execution id="29d2ee37-0930-405c-9e3f-4ff66ebb88d0" />
      <TestMethod codeBase="C:\repositories\CanDoItAll\tests\Components\CanDoItAll.Tests.Components\bin\Debug\net10.0\CanDoItAll.Tests.Components.dll" adapterTypeName="executor://xunit/VsTestRunner3/netcore/" className="CanDoItAll.Tests.Components.AgentFramework.ProviderModelSelectorTests" name="SharedThinkingEffort_Model_suggestions_are_curated_but_legacy_selection_survives" />
    </UnitTest>
    <UnitTest name="CanDoItAll.Tests.Components.AgentFramework.AgentDetailsDialogThinkingEffortTests.Switching_to_an_unsupported_provider_preserves_the_override_and_disables_save" storage="c:\repositories\candoitall\tests\components\candoitall.tests.components\bin\debug\net10.0\candoitall.tests.components.dll" id="f04ad6c9-963d-5aae-ec66-f2fd740600dc">
      <Execution id="fe40d92a-1158-42c6-959a-57d8aa809d0c" />
      <TestMethod codeBase="C:\repositories\CanDoItAll\tests\Components\CanDoItAll.Tests.Components\bin\Debug\net10.0\CanDoItAll.Tests.Components.dll" adapterTypeName="executor://xunit/VsTestRunner3/netcore/" className="CanDoItAll.Tests.Components.AgentFramework.AgentDetailsDialogThinkingEffortTests" name="Switching_to_an_unsupported_provider_preserves_the_override_and_disables_save" />
    </UnitTest>
    <UnitTest name="CanDoItAll.Tests.Components.AgentFramework.AgentThinkingEffortSettingsTests.Supported_model_emits_override_and_provider_default_reset" storage="c:\repositories\candoitall\tests\components\candoitall.tests.components\bin\debug\net10.0\candoitall.tests.components.dll" id="81ba7cbb-e490-9cff-d8bd-fc641a028e83">
      <Execution id="a0f3c6ed-dce2-4611-9b28-ea62aa9b0cc9" />
      <TestMethod codeBase="C:\repositories\CanDoItAll\tests\Components\CanDoItAll.Tests.Components\bin\Debug\net10.0\CanDoItAll.Tests.Components.dll" adapterTypeName="executor://xunit/VsTestRunner3/netcore/" className="CanDoItAll.Tests.Components.AgentFramework.AgentThinkingEffortSettingsTests" name="Supported_model_emits_override_and_provider_default_reset" />
    </UnitTest>
    <UnitTest name="CanDoItAll.Tests.Components.AgentFramework.AgentThinkingEffortSettingsTests.Discovered_ollama_capability_lists_only_native_allowed_efforts" storage="c:\repositories\candoitall\tests\components\candoitall.tests.components\bin\debug\net10.0\candoitall.tests.components.dll" id="11530af4-25fb-791f-f27d-b259a999580c">
      <Execution id="4e8c8f12-b8cd-4011-8c37-d4ecc7e784fe" />
      <TestMethod codeBase="C:\repositories\CanDoItAll\tests\Components\CanDoItAll.Tests.Components\bin\Debug\net10.0\CanDoItAll.Tests.Components.dll" adapterTypeName="executor://xunit/VsTestRunner3/netcore/" className="CanDoItAll.Tests.Components.AgentFramework.AgentThinkingEffortSettingsTests" name="Discovered_ollama_capability_lists_only_native_allowed_efforts" />
    </UnitTest>
    <UnitTest name="CanDoItAll.Tests.Components.AgentFramework.AgentThinkingEffortSettingsTests.Missing_provider_disables_selector_and_requests_provider_selection" storage="c:\repositories\candoitall\tests\components\candoitall.tests.components\bin\debug\net10.0\candoitall.tests.components.dll" id="25305725-f367-dbb6-aafb-9dfa2b6ad08f">
      <Execution id="43ad135a-2d52-4843-953e-760e356f84a0" />
      <TestMethod codeBase="C:\repositories\CanDoItAll\tests\Components\CanDoItAll.Tests.Components\bin\Debug\net10.0\CanDoItAll.Tests.Components.dll" adapterTypeName="executor://xunit/VsTestRunner3/netcore/" className="CanDoItAll.Tests.Components.AgentFramework.AgentThinkingEffortSettingsTests" name="Missing_provider_disables_selector_and_requests_provider_selection" />
    </UnitTest>
    <UnitTest name="CanDoItAll.Tests.Components.AgentFramework.AgentThinkingEffortSettingsTests.Existing_incompatible_override_is_preserved_until_user_resets_to_provider_default" storage="c:\repositories\candoitall\tests\components\candoitall.tests.components\bin\debug\net10.0\candoitall.tests.components.dll" id="01a7f409-f054-82cd-f1ab-ce321c04c719">
      <Execution id="720e3852-5625-43d0-820c-097f36d84281" />
      <TestMethod codeBase="C:\repositories\CanDoItAll\tests\Components\CanDoItAll.Tests.Components\bin\Debug\net10.0\CanDoItAll.Tests.Components.dll" adapterTypeName="executor://xunit/VsTestRunner3/netcore/" className="CanDoItAll.Tests.Components.AgentFramework.AgentThinkingEffortSettingsTests" name="Existing_incompatible_override_is_preserved_until_user_resets_to_provider_default" />
    </UnitTest>
  </TestDefinitions>
  <TestEntries>
    <TestEntry testId="2e27610a-51b8-72bc-39dd-ad05981041cc" executionId="47dcc5de-b1ca-4fe2-9c1a-530eaa12cb9d" testListId="8c84fa94-04c1-424b-9868-57a2d4851a1d" />
    <TestEntry testId="67a8a51c-7a7e-03bd-4a8c-d3c4d60b3fd8" executionId="78917179-a842-4516-8ab3-5817f5286935" testListId="8c84fa94-04c1-424b-9868-57a2d4851a1d" />
    <TestEntry testId="5c809ddd-4caf-031e-9ed0-d8ed54924ece" executionId="f3563058-148e-45eb-ad02-a17620585a0b" testListId="8c84fa94-04c1-424b-9868-57a2d4851a1d" />
    <TestEntry testId="b849ce50-f7af-a56a-692c-de3c6c4a4130" executionId="a5a134cc-b6d6-48db-b8b7-d135e2e28602" testListId="8c84fa94-04c1-424b-9868-57a2d4851a1d" />
    <TestEntry testId="ec28c196-f22d-b534-11d9-5fab980b8637" executionId="1c295009-1e85-4f1e-8b86-105c9617c8df" testListId="8c84fa94-04c1-424b-9868-57a2d4851a1d" />
    <TestEntry testId="3538c2d7-ffcd-e145-9db9-5570d51eecf4" executionId="821d4231-8592-4d59-be6e-51b16a66ee5a" testListId="8c84fa94-04c1-424b-9868-57a2d4851a1d" />
    <TestEntry testId="3c48e297-0dd4-fffe-f7ca-c17a2985b062" executionId="5d4360aa-8bde-4f34-a31b-8d0b8817727c" testListId="8c84fa94-04c1-424b-9868-57a2d4851a1d" />
    <TestEntry testId="9c6852f9-0d35-b257-0529-3bfc36f0e48c" executionId="fb08a795-a661-419c-a828-c95b4032d4cb" testListId="8c84fa94-04c1-424b-9868-57a2d4851a1d" />
    <TestEntry testId="3b9ec8dc-d541-33ac-34a6-a9f04b5158f3" executionId="b9748a78-7d14-4120-842b-288d31ac512e" testListId="8c84fa94-04c1-424b-9868-57a2d4851a1d" />
    <TestEntry testId="3d09a47a-8209-75cd-faa6-19cc36207dc2" executionId="1e0d2b7b-1acc-4017-a2cb-6a02d2a403b3" testListId="8c84fa94-04c1-424b-9868-57a2d4851a1d" />
    <TestEntry testId="2c62ec04-0d88-8868-7e94-058e1d17e4cd" executionId="3b947fd3-4ff2-4855-af4d-b6784e02b606" testListId="8c84fa94-04c1-424b-9868-57a2d4851a1d" />
    <TestEntry testId="01a7f409-f054-82cd-f1ab-ce321c04c719" executionId="720e3852-5625-43d0-820c-097f36d84281" testListId="8c84fa94-04c1-424b-9868-57a2d4851a1d" />
    <TestEntry testId="d9bf62c9-4b56-f646-c947-e02cf3a6d5f7" executionId="43f221a4-5af7-4261-93dd-ad578ee3540b" testListId="8c84fa94-04c1-424b-9868-57a2d4851a1d" />
    <TestEntry testId="3550410a-768e-9580-3bb8-18c6f6096df7" executionId="a40fdcb6-ae28-4a07-9b20-0d10068a9ceb" testListId="8c84fa94-04c1-424b-9868-57a2d4851a1d" />
    <TestEntry testId="1de7e7cf-6ad5-cce1-37dc-24f81f0ef687" executionId="4538b0f2-2ce9-47b2-8f3b-503d17989d17" testListId="8c84fa94-04c1-424b-9868-57a2d4851a1d" />
    <TestEntry testId="313e1ba2-6852-4d9b-6630-52efa7ae2188" executionId="0e88309a-28a3-4a7c-90d1-b9fcc7c066e4" testListId="8c84fa94-04c1-424b-9868-57a2d4851a1d" />
    <TestEntry testId="f8f7c27a-f94c-732c-8dcc-14698275b44d" executionId="c9d225f8-e9ec-49a8-ac03-144346e3a464" testListId="8c84fa94-04c1-424b-9868-57a2d4851a1d" />
    <TestEntry testId="cbc1418a-d3eb-7aa0-736b-35c531875be0" executionId="dea9044a-89e2-4f90-b832-8f92d651d4de" testListId="8c84fa94-04c1-424b-9868-57a2d4851a1d" />
    <TestEntry testId="f04ad6c9-963d-5aae-ec66-f2fd740600dc" executionId="fe40d92a-1158-42c6-959a-57d8aa809d0c" testListId="8c84fa94-04c1-424b-9868-57a2d4851a1d" />
    <TestEntry testId="11530af4-25fb-791f-f27d-b259a999580c" executionId="4e8c8f12-b8cd-4011-8c37-d4ecc7e784fe" testListId="8c84fa94-04c1-424b-9868-57a2d4851a1d" />
    <TestEntry testId="3adc4c01-b744-3755-4539-ab47f46ee60c" executionId="8c9f4ed4-f909-45ce-bdbd-917e6994982c" testListId="8c84fa94-04c1-424b-9868-57a2d4851a1d" />
    <TestEntry testId="81ba7cbb-e490-9cff-d8bd-fc641a028e83" executionId="a0f3c6ed-dce2-4611-9b28-ea62aa9b0cc9" testListId="8c84fa94-04c1-424b-9868-57a2d4851a1d" />
    <TestEntry testId="32fe37e9-ec9a-09d8-f8e3-588de437f8ca" executionId="29d2ee37-0930-405c-9e3f-4ff66ebb88d0" testListId="8c84fa94-04c1-424b-9868-57a2d4851a1d" />
    <TestEntry testId="501cf5cd-c0a0-7895-13bd-baea969755a6" executionId="0db20236-d7ee-4690-8f03-7e7eb44dd6cb" testListId="8c84fa94-04c1-424b-9868-57a2d4851a1d" />
    <TestEntry testId="0115516b-041e-fac6-5447-6a4369f8e84a" executionId="67510200-f3dd-4908-a89a-e5bc5799a267" testListId="8c84fa94-04c1-424b-9868-57a2d4851a1d" />
    <TestEntry testId="b775eede-3a2e-fc8f-bed5-57bdeee350be" executionId="c628e175-cdd0-42a9-be70-3620a65de6ba" testListId="8c84fa94-04c1-424b-9868-57a2d4851a1d" />
    <TestEntry testId="203f8e07-bdc6-227b-fbbd-12e7fcf533ef" executionId="489d2594-3e52-49e3-8de8-c5b24457dd47" testListId="8c84fa94-04c1-424b-9868-57a2d4851a1d" />
    <TestEntry testId="25305725-f367-dbb6-aafb-9dfa2b6ad08f" executionId="43ad135a-2d52-4843-953e-760e356f84a0" testListId="8c84fa94-04c1-424b-9868-57a2d4851a1d" />
    <TestEntry testId="fa6ceb06-ed5b-2358-73cf-283410568dc9" executionId="2740df8b-e8f1-47c2-8014-7c8b31a6760d" testListId="8c84fa94-04c1-424b-9868-57a2d4851a1d" />
  </TestEntries>
  <TestLists>
    <TestList name="Výsledky neuvedené v seznamu" id="8c84fa94-04c1-424b-9868-57a2d4851a1d" />
    <TestList name="Všechny načtené výsledky" id="19431567-8539-422a-85d7-44ee4e166bda" />
  </TestLists>
  <ResultSummary outcome="Failed">
    <Counters total="29" executed="29" passed="28" failed="1" error="0" timeout="0" aborted="0" inconclusive="0" passedButRunAborted="0" notRunnable="0" notExecuted="0" disconnected="0" warning="0" completed="0" inProgress="0" pending="0" />
    <Output>
      <StdOut>[xUnit.net 00:00:00.00] xUnit.net VSTest Adapter v3.1.4+50e68bbb8b (64-bit .NET 10.0.11)&#xD;
[xUnit.net 00:00:00.51]   Discovering: CanDoItAll.Tests.Components&#xD;
[xUnit.net 00:00:00.98]   Discovered:  CanDoItAll.Tests.Components&#xD;
[xUnit.net 00:00:01.12]   Starting:    CanDoItAll.Tests.Components&#xD;
[xUnit.net 00:00:03.79]       System.InvalidOperationException : Sequence contains no matching element&#xD;
[xUnit.net 00:00:03.79]       Stack Trace:&#xD;
[xUnit.net 00:00:03.79]            at System.Linq.ThrowHelper.ThrowNoMatchException()&#xD;
[xUnit.net 00:00:03.79]            at System.Linq.Enumerable.Single[TSource](IEnumerable`1 source, Func`2 predicate)&#xD;
[xUnit.net 00:00:03.79]         C:\repositories\CanDoItAll\tests\Components\CanDoItAll.Tests.Components\AgentDetailsDialogThinkingEffortTests.cs(261,0): at CanDoItAll.Tests.Components.AgentFramework.AgentDetailsDialogThinkingEffortTests.ChangeSelectToLabel(IRenderedComponent`1 component, String testId, String label)&#xD;
[xUnit.net 00:00:03.79]         C:\repositories\CanDoItAll\tests\Components\CanDoItAll.Tests.Components\AgentDetailsDialogThinkingEffortTests.cs(114,0): at CanDoItAll.Tests.Components.AgentFramework.AgentDetailsDialogThinkingEffortTests.Switching_to_an_unknown_model_preserves_the_override_and_blocks_persistence()&#xD;
[xUnit.net 00:00:03.79]            at System.Reflection.MethodBaseInvoker.InterpretedInvoke_Method(Object obj, IntPtr* args)&#xD;
[xUnit.net 00:00:03.79]            at System.Reflection.MethodBaseInvoker.InvokeWithNoArgs(Object obj, BindingFlags invokeAttr)&#xD;
[xUnit.net 00:00:03.92]   Finished:    CanDoItAll.Tests.Components&#xD;
</StdOut>
    </Output>
    <RunInfos>
      <RunInfo computerName="LUCYSPOWER" outcome="Error" timestamp="2026-08-27T18:57:53.0349930-04:00">
        <Text>[xUnit.net 00:00:03.79]     CanDoItAll.Tests.Components.AgentFramework.AgentDetailsDialogThinkingEffortTests.Switching_to_an_unknown_model_preserves_the_override_and_blocks_persistence [FAIL]</Text>
      </RunInfo>
    </RunInfos>
  </ResultSummary>
</TestRun>