<?xml version="1.0" encoding="utf-8"?>
<TestRun id="a8917e5c-a901-4ed7-80ae-223d5e91fe4b" name="lucys@LUCYSPOWER 2026-08-27 19:07:05" runUser="LUCYSPOWER\lucys" xmlns="http://microsoft.com/schemas/VisualStudio/TeamTest/2010">
  <Times creation="2026-08-27T19:07:05.1314583-04:00" queuing="2026-08-27T19:07:05.1314588-04:00" start="2026-08-27T19:07:01.0255518-04:00" finish="2026-08-27T19:07:06.1741973-04:00" />
  <TestSettings name="default" id="36d471cc-fb5d-4da2-9cbf-b0650d4404c7">
    <Deployment runDeploymentRoot="lucys_LUCYSPOWER_2026-08-27_19_07_05" />
  </TestSettings>
  <Results>
    <UnitTestResult executionId="279cc7a6-89c4-4a8b-8e7e-d224644b9676" testId="5bf8364b-8f6d-ea0d-634f-3d51a32fb8df" testName="CanDoItAll.Tests.Components.LlmChats.LlmChatDefinitionUiTests.Shared_definition_shows_labels_but_saves_nondefault_route_and_forbids_override" computerName="LUCYSPOWER" duration="00:00:00.0703414" startTime="2026-08-27T19:07:05.7363683-04:00" endTime="2026-08-27T19:07:05.8069650-04:00" testType="13cdc9d9-ddb5-4fa4-a97d-d965ccfc6d4b" outcome="Passed" testListId="8c84fa94-04c1-424b-9868-57a2d4851a1d" relativeResultsDirectory="279cc7a6-89c4-4a8b-8e7e-d224644b9676" />
    <UnitTestResult executionId="687c62f7-9daa-4d03-8c77-bcfd9e6c9aeb" testId="c018a331-2659-1bf3-37f8-7329f2124317" testName="CanDoItAll.Tests.Components.LlmChats.LlmChatDefinitionUiTests.Read_only_catalog_renders_neutral_cards_without_mutation_controls_or_prompt_access" computerName="LUCYSPOWER" duration="00:00:00.0135059" startTime="2026-08-27T19:07:05.3123248-04:00" endTime="2026-08-27T19:07:05.3258966-04:00" testType="13cdc9d9-ddb5-4fa4-a97d-d965ccfc6d4b" outcome="Passed" testListId="8c84fa94-04c1-424b-9868-57a2d4851a1d" relativeResultsDirectory="687c62f7-9daa-4d03-8c77-bcfd9e6c9aeb" />
    <UnitTestResult executionId="228d6a3a-d63d-4d85-954a-6aae5e10324e" testId="7189af1e-fdba-1b90-a89c-f066978bb8ba" testName="CanDoItAll.Tests.Components.LlmChats.LlmChatDefinitionUiTests.Existing_avatar_matches_catalog_in_editor_and_picker_and_is_preserved_on_save(avatarUrl: &quot;&quot;)" computerName="LUCYSPOWER" duration="00:00:00.0490513" startTime="2026-08-27T19:07:05.0549307-04:00" endTime="2026-08-27T19:07:05.1037439-04:00" testType="13cdc9d9-ddb5-4fa4-a97d-d965ccfc6d4b" outcome="Passed" testListId="8c84fa94-04c1-424b-9868-57a2d4851a1d" relativeResultsDirectory="228d6a3a-d63d-4d85-954a-6aae5e10324e" />
    <UnitTestResult executionId="1ee7003d-04a2-444d-8a84-966c8aec7394" testId="a24f41f9-6693-2389-4d7d-f639f191050b" testName="CanDoItAll.Tests.Components.LlmChats.LlmChatDefinitionUiTests.New_ollama_definition_saves_the_selected_concrete_model(modelChoiceKey: &quot;0&quot;, expectedModel: &quot;gemma4-12b-256k&quot;)" computerName="LUCYSPOWER" duration="00:00:00.0574081" startTime="2026-08-27T19:07:05.2553854-04:00" endTime="2026-08-27T19:07:05.3120747-04:00" testType="13cdc9d9-ddb5-4fa4-a97d-d965ccfc6d4b" outcome="Passed" testListId="8c84fa94-04c1-424b-9868-57a2d4851a1d" relativeResultsDirectory="1ee7003d-04a2-444d-8a84-966c8aec7394" />
    <UnitTestResult executionId="52ced7b7-a9e8-4022-aa48-17823d1a2c27" testId="44a7aac2-dab2-90b6-1672-6229fb2da965" testName="CanDoItAll.Tests.Components.LlmChats.LlmChatDefinitionUiTests.Wide_editor_composes_reusable_fields_and_saves_provider_capability_revision_values" computerName="LUCYSPOWER" duration="00:00:00.3657517" startTime="2026-08-27T19:07:04.5121789-04:00" endTime="2026-08-27T19:07:04.8767450-04:00" testType="13cdc9d9-ddb5-4fa4-a97d-d965ccfc6d4b" outcome="Passed" testListId="8c84fa94-04c1-424b-9868-57a2d4851a1d" relativeResultsDirectory="52ced7b7-a9e8-4022-aa48-17823d1a2c27" />
    <UnitTestResult executionId="7386368c-35f8-4950-9642-6aa46b62ecff" testId="d4ec0409-55e7-c9bc-5eee-34b6add00736" testName="CanDoItAll.Tests.Components.LlmChats.LlmChatDefinitionUiTests.New_ollama_definition_saves_the_selected_concrete_model(modelChoiceKey: &quot;1&quot;, expectedModel: &quot;gptoss20b64k&quot;)" computerName="LUCYSPOWER" duration="00:00:00.0687375" startTime="2026-08-27T19:07:05.1857721-04:00" endTime="2026-08-27T19:07:05.2550368-04:00" testType="13cdc9d9-ddb5-4fa4-a97d-d965ccfc6d4b" outcome="Passed" testListId="8c84fa94-04c1-424b-9868-57a2d4851a1d" relativeResultsDirectory="7386368c-35f8-4950-9642-6aa46b62ecff" />
    <UnitTestResult executionId="31ffb44d-2155-4198-9d40-7ad228344192" testId="787cbcad-fe76-fdce-d1b9-194489629577" testName="CanDoItAll.Tests.Components.LlmChats.LlmChatDefinitionUiTests.Renaming_existing_definition_keeps_its_default_avatar_identity" computerName="LUCYSPOWER" duration="00:00:00.0950587" startTime="2026-08-27T19:07:04.4290672-04:00" endTime="2026-08-27T19:07:04.5108643-04:00" testType="13cdc9d9-ddb5-4fa4-a97d-d965ccfc6d4b" outcome="Passed" testListId="8c84fa94-04c1-424b-9868-57a2d4851a1d" relativeResultsDirectory="31ffb44d-2155-4198-9d40-7ad228344192" />
    <UnitTestResult executionId="635162de-2dc1-4fc6-8608-a5b848392a82" testId="4ad6b303-25b4-3b6e-21bd-815d4e8de894" testName="CanDoItAll.Tests.Components.LlmChats.LlmChatDefinitionUiTests.Selecting_bundled_avatar_saves_the_catalog_asset_path" computerName="LUCYSPOWER" duration="00:00:00.0646714" startTime="2026-08-27T19:07:05.8074867-04:00" endTime="2026-08-27T19:07:05.8718697-04:00" testType="13cdc9d9-ddb5-4fa4-a97d-d965ccfc6d4b" outcome="Passed" testListId="8c84fa94-04c1-424b-9868-57a2d4851a1d" relativeResultsDirectory="635162de-2dc1-4fc6-8608-a5b848392a82" />
    <UnitTestResult executionId="32798332-f60a-44b0-9718-d7b6c6c49c8c" testId="3b46197e-665a-6f7a-a3bd-c6c18691a6d0" testName="CanDoItAll.Tests.Components.LlmChats.LlmChatDefinitionUiTests.Concurrency_conflict_is_sanitized_and_reload_replaces_stale_editor_state" computerName="LUCYSPOWER" duration="00:00:00.0470946" startTime="2026-08-27T19:07:04.8769853-04:00" endTime="2026-08-27T19:07:04.9239409-04:00" testType="13cdc9d9-ddb5-4fa4-a97d-d965ccfc6d4b" outcome="Passed" testListId="8c84fa94-04c1-424b-9868-57a2d4851a1d" relativeResultsDirectory="32798332-f60a-44b0-9718-d7b6c6c49c8c" />
    <UnitTestResult executionId="b7efbf42-cf7b-49bc-8774-3a5d01e03cb6" testId="ae883ea9-61d3-b532-14d2-331f03ab8f41" testName="CanDoItAll.Tests.Components.LlmChats.LlmChatDefinitionUiTests.Existing_avatar_matches_catalog_in_editor_and_picker_and_is_preserved_on_save(avatarUrl: &quot;data:image/png;base64,AQID&quot;)" computerName="LUCYSPOWER" duration="00:00:00.1304362" startTime="2026-08-27T19:07:04.9242248-04:00" endTime="2026-08-27T19:07:05.0546002-04:00" testType="13cdc9d9-ddb5-4fa4-a97d-d965ccfc6d4b" outcome="Passed" testListId="8c84fa94-04c1-424b-9868-57a2d4851a1d" relativeResultsDirectory="b7efbf42-cf7b-49bc-8774-3a5d01e03cb6" />
    <UnitTestResult executionId="9586577f-6aff-470c-baf1-ca30e80611e3" testId="d9f631df-f3dd-0993-31cb-b26ebb92089e" testName="CanDoItAll.Tests.Components.LlmChats.LlmChatDefinitionUiTests.Draft_editor_exposes_only_declared_status_transitions" computerName="LUCYSPOWER" duration="00:00:00.0276801" startTime="2026-08-27T19:07:05.1581619-04:00" endTime="2026-08-27T19:07:05.1854438-04:00" testType="13cdc9d9-ddb5-4fa4-a97d-d965ccfc6d4b" outcome="Passed" testListId="8c84fa94-04c1-424b-9868-57a2d4851a1d" relativeResultsDirectory="9586577f-6aff-470c-baf1-ca30e80611e3" />
    <UnitTestResult executionId="36bfe5cf-e374-41da-9d87-55b5678ab623" testId="20308656-1d2d-a3b6-acdc-345cb5aa7287" testName="CanDoItAll.Tests.Components.LlmChats.LlmChatDefinitionUiTests.Catalog_keeps_filters_in_the_header_and_queries_search_tags_and_status_server_side" computerName="LUCYSPOWER" duration="00:00:00.4022868" startTime="2026-08-27T19:07:05.3263743-04:00" endTime="2026-08-27T19:07:05.7341211-04:00" testType="13cdc9d9-ddb5-4fa4-a97d-d965ccfc6d4b" outcome="Passed" testListId="8c84fa94-04c1-424b-9868-57a2d4851a1d" relativeResultsDirectory="36bfe5cf-e374-41da-9d87-55b5678ab623" />
    <UnitTestResult executionId="924ba3e2-7a40-4df4-a06d-fdb34224029e" testId="6ef8d4d2-0bf8-efc0-3c41-3e4bb1be2823" testName="CanDoItAll.Tests.Components.LlmChats.LlmChatDefinitionUiTests.Existing_avatar_matches_catalog_in_editor_and_picker_and_is_preserved_on_save(avatarUrl: &quot;_content/CanDoItAll.Components.BaseLib/assets/iden&quot;···)" computerName="LUCYSPOWER" duration="00:00:00.0535626" startTime="2026-08-27T19:07:05.1039466-04:00" endTime="2026-08-27T19:07:05.1576819-04:00" testType="13cdc9d9-ddb5-4fa4-a97d-d965ccfc6d4b" outcome="Passed" testListId="8c84fa94-04c1-424b-9868-57a2d4851a1d" relativeResultsDirectory="924ba3e2-7a40-4df4-a06d-fdb34224029e" />
    <UnitTestResult executionId="8d22861a-3dc5-4727-bc8d-8604cff5ec50" testId="63279489-3034-4758-b797-a06f48dbebb2" testName="CanDoItAll.Tests.Components.LlmChats.LlmChatDefinitionUiTests.Resetting_explicit_avatar_restores_catalog_default_in_both_previews" computerName="LUCYSPOWER" duration="00:00:00.0914923" startTime="2026-08-27T19:07:05.8770954-04:00" endTime="2026-08-27T19:07:05.9637988-04:00" testType="13cdc9d9-ddb5-4fa4-a97d-d965ccfc6d4b" outcome="Passed" testListId="8c84fa94-04c1-424b-9868-57a2d4851a1d" relativeResultsDirectory="8d22861a-3dc5-4727-bc8d-8604cff5ec50" />
    <UnitTestResult executionId="9cf84fdb-9b22-4068-95e0-35fd92d34334" testId="f39ed861-2a38-7799-cd2b-e9d7e81ca5d7" testName="CanDoItAll.Tests.Components.LlmChats.LlmChatDefinitionUiTests.Invalid_schema_stays_in_editor_and_never_calls_update_gateway" computerName="LUCYSPOWER" duration="00:00:01.1106512" startTime="2026-08-27T19:07:03.2922869-04:00" endTime="2026-08-27T19:07:04.4149046-04:00" testType="13cdc9d9-ddb5-4fa4-a97d-d965ccfc6d4b" outcome="Passed" testListId="8c84fa94-04c1-424b-9868-57a2d4851a1d" relativeResultsDirectory="9cf84fdb-9b22-4068-95e0-35fd92d34334" />
  </Results>
  <TestDefinitions>
    <UnitTest name="CanDoItAll.Tests.Components.LlmChats.LlmChatDefinitionUiTests.Renaming_existing_definition_keeps_its_default_avatar_identity" storage="c:\repositories\candoitall\tests\components\candoitall.tests.components\bin\debug\net10.0\candoitall.tests.components.dll" id="787cbcad-fe76-fdce-d1b9-194489629577">
      <Execution id="31ffb44d-2155-4198-9d40-7ad228344192" />
      <TestMethod codeBase="C:\repositories\CanDoItAll\tests\Components\CanDoItAll.Tests.Components\bin\Debug\net10.0\CanDoItAll.Tests.Components.dll" adapterTypeName="executor://xunit/VsTestRunner3/netcore/" className="CanDoItAll.Tests.Components.LlmChats.LlmChatDefinitionUiTests" name="Renaming_existing_definition_keeps_its_default_avatar_identity" />
    </UnitTest>
    <UnitTest name="CanDoItAll.Tests.Components.LlmChats.LlmChatDefinitionUiTests.Wide_editor_composes_reusable_fields_and_saves_provider_capability_revision_values" storage="c:\repositories\candoitall\tests\components\candoitall.tests.components\bin\debug\net10.0\candoitall.tests.components.dll" id="44a7aac2-dab2-90b6-1672-6229fb2da965">
      <Execution id="52ced7b7-a9e8-4022-aa48-17823d1a2c27" />
      <TestMethod codeBase="C:\repositories\CanDoItAll\tests\Components\CanDoItAll.Tests.Components\bin\Debug\net10.0\CanDoItAll.Tests.Components.dll" adapterTypeName="executor://xunit/VsTestRunner3/netcore/" className="CanDoItAll.Tests.Components.LlmChats.LlmChatDefinitionUiTests" name="Wide_editor_composes_reusable_fields_and_saves_provider_capability_revision_values" />
    </UnitTest>
    <UnitTest name="CanDoItAll.Tests.Components.LlmChats.LlmChatDefinitionUiTests.Read_only_catalog_renders_neutral_cards_without_mutation_controls_or_prompt_access" storage="c:\repositories\candoitall\tests\components\candoitall.tests.components\bin\debug\net10.0\candoitall.tests.components.dll" id="c018a331-2659-1bf3-37f8-7329f2124317">
      <Execution id="687c62f7-9daa-4d03-8c77-bcfd9e6c9aeb" />
      <TestMethod codeBase="C:\repositories\CanDoItAll\tests\Components\CanDoItAll.Tests.Components\bin\Debug\net10.0\CanDoItAll.Tests.Components.dll" adapterTypeName="executor://xunit/VsTestRunner3/netcore/" className="CanDoItAll.Tests.Components.LlmChats.LlmChatDefinitionUiTests" name="Read_only_catalog_renders_neutral_cards_without_mutation_controls_or_prompt_access" />
    </UnitTest>
    <UnitTest name="CanDoItAll.Tests.Components.LlmChats.LlmChatDefinitionUiTests.New_ollama_definition_saves_the_selected_concrete_model(modelChoiceKey: &quot;1&quot;, expectedModel: &quot;gptoss20b64k&quot;)" storage="c:\repositories\candoitall\tests\components\candoitall.tests.components\bin\debug\net10.0\candoitall.tests.components.dll" id="d4ec0409-55e7-c9bc-5eee-34b6add00736">
      <Execution id="7386368c-35f8-4950-9642-6aa46b62ecff" />
      <TestMethod codeBase="C:\repositories\CanDoItAll\tests\Components\CanDoItAll.Tests.Components\bin\Debug\net10.0\CanDoItAll.Tests.Components.dll" adapterTypeName="executor://xunit/VsTestRunner3/netcore/" className="CanDoItAll.Tests.Components.LlmChats.LlmChatDefinitionUiTests" name="New_ollama_definition_saves_the_selected_concrete_model" />
    </UnitTest>
    <UnitTest name="CanDoItAll.Tests.Components.LlmChats.LlmChatDefinitionUiTests.Selecting_bundled_avatar_saves_the_catalog_asset_path" storage="c:\repositories\candoitall\tests\components\candoitall.tests.components\bin\debug\net10.0\candoitall.tests.components.dll" id="4ad6b303-25b4-3b6e-21bd-815d4e8de894">
      <Execution id="635162de-2dc1-4fc6-8608-a5b848392a82" />
      <TestMethod codeBase="C:\repositories\CanDoItAll\tests\Components\CanDoItAll.Tests.Components\bin\Debug\net10.0\CanDoItAll.Tests.Components.dll" adapterTypeName="executor://xunit/VsTestRunner3/netcore/" className="CanDoItAll.Tests.Components.LlmChats.LlmChatDefinitionUiTests" name="Selecting_bundled_avatar_saves_the_catalog_asset_path" />
    </UnitTest>
    <UnitTest name="CanDoItAll.Tests.Components.LlmChats.LlmChatDefinitionUiTests.New_ollama_definition_saves_the_selected_concrete_model(modelChoiceKey: &quot;0&quot;, expectedModel: &quot;gemma4-12b-256k&quot;)" storage="c:\repositories\candoitall\tests\components\candoitall.tests.components\bin\debug\net10.0\candoitall.tests.components.dll" id="a24f41f9-6693-2389-4d7d-f639f191050b">
      <Execution id="1ee7003d-04a2-444d-8a84-966c8aec7394" />
      <TestMethod codeBase="C:\repositories\CanDoItAll\tests\Components\CanDoItAll.Tests.Components\bin\Debug\net10.0\CanDoItAll.Tests.Components.dll" adapterTypeName="executor://xunit/VsTestRunner3/netcore/" className="CanDoItAll.Tests.Components.LlmChats.LlmChatDefinitionUiTests" name="New_ollama_definition_saves_the_selected_concrete_model" />
    </UnitTest>
    <UnitTest name="CanDoItAll.Tests.Components.LlmChats.LlmChatDefinitionUiTests.Existing_avatar_matches_catalog_in_editor_and_picker_and_is_preserved_on_save(avatarUrl: &quot;&quot;)" storage="c:\repositories\candoitall\tests\components\candoitall.tests.components\bin\debug\net10.0\candoitall.tests.components.dll" id="7189af1e-fdba-1b90-a89c-f066978bb8ba">
      <Execution id="228d6a3a-d63d-4d85-954a-6aae5e10324e" />
      <TestMethod codeBase="C:\repositories\CanDoItAll\tests\Components\CanDoItAll.Tests.Components\bin\Debug\net10.0\CanDoItAll.Tests.Components.dll" adapterTypeName="executor://xunit/VsTestRunner3/netcore/" className="CanDoItAll.Tests.Components.LlmChats.LlmChatDefinitionUiTests" name="Existing_avatar_matches_catalog_in_editor_and_picker_and_is_preserved_on_save" />
    </UnitTest>
    <UnitTest name="CanDoItAll.Tests.Components.LlmChats.LlmChatDefinitionUiTests.Existing_avatar_matches_catalog_in_editor_and_picker_and_is_preserved_on_save(avatarUrl: &quot;data:image/png;base64,AQID&quot;)" storage="c:\repositories\candoitall\tests\components\candoitall.tests.components\bin\debug\net10.0\candoitall.tests.components.dll" id="ae883ea9-61d3-b532-14d2-331f03ab8f41">
      <Execution id="b7efbf42-cf7b-49bc-8774-3a5d01e03cb6" />
      <TestMethod codeBase="C:\repositories\CanDoItAll\tests\Components\CanDoItAll.Tests.Components\bin\Debug\net10.0\CanDoItAll.Tests.Components.dll" adapterTypeName="executor://xunit/VsTestRunner3/netcore/" className="CanDoItAll.Tests.Components.LlmChats.LlmChatDefinitionUiTests" name="Existing_avatar_matches_catalog_in_editor_and_picker_and_is_preserved_on_save" />
    </UnitTest>
    <UnitTest name="CanDoItAll.Tests.Components.LlmChats.LlmChatDefinitionUiTests.Catalog_keeps_filters_in_the_header_and_queries_search_tags_and_status_server_side" storage="c:\repositories\candoitall\tests\components\candoitall.tests.components\bin\debug\net10.0\candoitall.tests.components.dll" id="20308656-1d2d-a3b6-acdc-345cb5aa7287">
      <Execution id="36bfe5cf-e374-41da-9d87-55b5678ab623" />
      <TestMethod codeBase="C:\repositories\CanDoItAll\tests\Components\CanDoItAll.Tests.Components\bin\Debug\net10.0\CanDoItAll.Tests.Components.dll" adapterTypeName="executor://xunit/VsTestRunner3/netcore/" className="CanDoItAll.Tests.Components.LlmChats.LlmChatDefinitionUiTests" name="Catalog_keeps_filters_in_the_header_and_queries_search_tags_and_status_server_side" />
    </UnitTest>
    <UnitTest name="CanDoItAll.Tests.Components.LlmChats.LlmChatDefinitionUiTests.Shared_definition_shows_labels_but_saves_nondefault_route_and_forbids_override" storage="c:\repositories\candoitall\tests\components\candoitall.tests.components\bin\debug\net10.0\candoitall.tests.components.dll" id="5bf8364b-8f6d-ea0d-634f-3d51a32fb8df">
      <Execution id="279cc7a6-89c4-4a8b-8e7e-d224644b9676" />
      <TestMethod codeBase="C:\repositories\CanDoItAll\tests\Components\CanDoItAll.Tests.Components\bin\Debug\net10.0\CanDoItAll.Tests.Components.dll" adapterTypeName="executor://xunit/VsTestRunner3/netcore/" className="CanDoItAll.Tests.Components.LlmChats.LlmChatDefinitionUiTests" name="Shared_definition_shows_labels_but_saves_nondefault_route_and_forbids_override" />
    </UnitTest>
    <UnitTest name="CanDoItAll.Tests.Components.LlmChats.LlmChatDefinitionUiTests.Concurrency_conflict_is_sanitized_and_reload_replaces_stale_editor_state" storage="c:\repositories\candoitall\tests\components\candoitall.tests.components\bin\debug\net10.0\candoitall.tests.components.dll" id="3b46197e-665a-6f7a-a3bd-c6c18691a6d0">
      <Execution id="32798332-f60a-44b0-9718-d7b6c6c49c8c" />
      <TestMethod codeBase="C:\repositories\CanDoItAll\tests\Components\CanDoItAll.Tests.Components\bin\Debug\net10.0\CanDoItAll.Tests.Components.dll" adapterTypeName="executor://xunit/VsTestRunner3/netcore/" className="CanDoItAll.Tests.Components.LlmChats.LlmChatDefinitionUiTests" name="Concurrency_conflict_is_sanitized_and_reload_replaces_stale_editor_state" />
    </UnitTest>
    <UnitTest name="CanDoItAll.Tests.Components.LlmChats.LlmChatDefinitionUiTests.Existing_avatar_matches_catalog_in_editor_and_picker_and_is_preserved_on_save(avatarUrl: &quot;_content/CanDoItAll.Components.BaseLib/assets/iden&quot;···)" storage="c:\repositories\candoitall\tests\components\candoitall.tests.components\bin\debug\net10.0\candoitall.tests.components.dll" id="6ef8d4d2-0bf8-efc0-3c41-3e4bb1be2823">
      <Execution id="924ba3e2-7a40-4df4-a06d-fdb34224029e" />
      <TestMethod codeBase="C:\repositories\CanDoItAll\tests\Components\CanDoItAll.Tests.Components\bin\Debug\net10.0\CanDoItAll.Tests.Components.dll" adapterTypeName="executor://xunit/VsTestRunner3/netcore/" className="CanDoItAll.Tests.Components.LlmChats.LlmChatDefinitionUiTests" name="Existing_avatar_matches_catalog_in_editor_and_picker_and_is_preserved_on_save" />
    </UnitTest>
    <UnitTest name="CanDoItAll.Tests.Components.LlmChats.LlmChatDefinitionUiTests.Invalid_schema_stays_in_editor_and_never_calls_update_gateway" storage="c:\repositories\candoitall\tests\components\candoitall.tests.components\bin\debug\net10.0\candoitall.tests.components.dll" id="f39ed861-2a38-7799-cd2b-e9d7e81ca5d7">
      <Execution id="9cf84fdb-9b22-4068-95e0-35fd92d34334" />
      <TestMethod codeBase="C:\repositories\CanDoItAll\tests\Components\CanDoItAll.Tests.Components\bin\Debug\net10.0\CanDoItAll.Tests.Components.dll" adapterTypeName="executor://xunit/VsTestRunner3/netcore/" className="CanDoItAll.Tests.Components.LlmChats.LlmChatDefinitionUiTests" name="Invalid_schema_stays_in_editor_and_never_calls_update_gateway" />
    </UnitTest>
    <UnitTest name="CanDoItAll.Tests.Components.LlmChats.LlmChatDefinitionUiTests.Resetting_explicit_avatar_restores_catalog_default_in_both_previews" storage="c:\repositories\candoitall\tests\components\candoitall.tests.components\bin\debug\net10.0\candoitall.tests.components.dll" id="63279489-3034-4758-b797-a06f48dbebb2">
      <Execution id="8d22861a-3dc5-4727-bc8d-8604cff5ec50" />
      <TestMethod codeBase="C:\repositories\CanDoItAll\tests\Components\CanDoItAll.Tests.Components\bin\Debug\net10.0\CanDoItAll.Tests.Components.dll" adapterTypeName="executor://xunit/VsTestRunner3/netcore/" className="CanDoItAll.Tests.Components.LlmChats.LlmChatDefinitionUiTests" name="Resetting_explicit_avatar_restores_catalog_default_in_both_previews" />
    </UnitTest>
    <UnitTest name="CanDoItAll.Tests.Components.LlmChats.LlmChatDefinitionUiTests.Draft_editor_exposes_only_declared_status_transitions" storage="c:\repositories\candoitall\tests\components\candoitall.tests.components\bin\debug\net10.0\candoitall.tests.components.dll" id="d9f631df-f3dd-0993-31cb-b26ebb92089e">
      <Execution id="9586577f-6aff-470c-baf1-ca30e80611e3" />
      <TestMethod codeBase="C:\repositories\CanDoItAll\tests\Components\CanDoItAll.Tests.Components\bin\Debug\net10.0\CanDoItAll.Tests.Components.dll" adapterTypeName="executor://xunit/VsTestRunner3/netcore/" className="CanDoItAll.Tests.Components.LlmChats.LlmChatDefinitionUiTests" name="Draft_editor_exposes_only_declared_status_transitions" />
    </UnitTest>
  </TestDefinitions>
  <TestEntries>
    <TestEntry testId="5bf8364b-8f6d-ea0d-634f-3d51a32fb8df" executionId="279cc7a6-89c4-4a8b-8e7e-d224644b9676" testListId="8c84fa94-04c1-424b-9868-57a2d4851a1d" />
    <TestEntry testId="c018a331-2659-1bf3-37f8-7329f2124317" executionId="687c62f7-9daa-4d03-8c77-bcfd9e6c9aeb" testListId="8c84fa94-04c1-424b-9868-57a2d4851a1d" />
    <TestEntry testId="7189af1e-fdba-1b90-a89c-f066978bb8ba" executionId="228d6a3a-d63d-4d85-954a-6aae5e10324e" testListId="8c84fa94-04c1-424b-9868-57a2d4851a1d" />
    <TestEntry testId="a24f41f9-6693-2389-4d7d-f639f191050b" executionId="1ee7003d-04a2-444d-8a84-966c8aec7394" testListId="8c84fa94-04c1-424b-9868-57a2d4851a1d" />
    <TestEntry testId="44a7aac2-dab2-90b6-1672-6229fb2da965" executionId="52ced7b7-a9e8-4022-aa48-17823d1a2c27" testListId="8c84fa94-04c1-424b-9868-57a2d4851a1d" />
    <TestEntry testId="d4ec0409-55e7-c9bc-5eee-34b6add00736" executionId="7386368c-35f8-4950-9642-6aa46b62ecff" testListId="8c84fa94-04c1-424b-9868-57a2d4851a1d" />
    <TestEntry testId="787cbcad-fe76-fdce-d1b9-194489629577" executionId="31ffb44d-2155-4198-9d40-7ad228344192" testListId="8c84fa94-04c1-424b-9868-57a2d4851a1d" />
    <TestEntry testId="4ad6b303-25b4-3b6e-21bd-815d4e8de894" executionId="635162de-2dc1-4fc6-8608-a5b848392a82" testListId="8c84fa94-04c1-424b-9868-57a2d4851a1d" />
    <TestEntry testId="3b46197e-665a-6f7a-a3bd-c6c18691a6d0" executionId="32798332-f60a-44b0-9718-d7b6c6c49c8c" testListId="8c84fa94-04c1-424b-9868-57a2d4851a1d" />
    <TestEntry testId="ae883ea9-61d3-b532-14d2-331f03ab8f41" executionId="b7efbf42-cf7b-49bc-8774-3a5d01e03cb6" testListId="8c84fa94-04c1-424b-9868-57a2d4851a1d" />
    <TestEntry testId="d9f631df-f3dd-0993-31cb-b26ebb92089e" executionId="9586577f-6aff-470c-baf1-ca30e80611e3" testListId="8c84fa94-04c1-424b-9868-57a2d4851a1d" />
    <TestEntry testId="20308656-1d2d-a3b6-acdc-345cb5aa7287" executionId="36bfe5cf-e374-41da-9d87-55b5678ab623" testListId="8c84fa94-04c1-424b-9868-57a2d4851a1d" />
    <TestEntry testId="6ef8d4d2-0bf8-efc0-3c41-3e4bb1be2823" executionId="924ba3e2-7a40-4df4-a06d-fdb34224029e" testListId="8c84fa94-04c1-424b-9868-57a2d4851a1d" />
    <TestEntry testId="63279489-3034-4758-b797-a06f48dbebb2" executionId="8d22861a-3dc5-4727-bc8d-8604cff5ec50" testListId="8c84fa94-04c1-424b-9868-57a2d4851a1d" />
    <TestEntry testId="f39ed861-2a38-7799-cd2b-e9d7e81ca5d7" executionId="9cf84fdb-9b22-4068-95e0-35fd92d34334" testListId="8c84fa94-04c1-424b-9868-57a2d4851a1d" />
  </TestEntries>
  <TestLists>
    <TestList name="Výsledky neuvedené v seznamu" id="8c84fa94-04c1-424b-9868-57a2d4851a1d" />
    <TestList name="Všechny načtené výsledky" id="19431567-8539-422a-85d7-44ee4e166bda" />
  </TestLists>
  <ResultSummary outcome="Completed">
    <Counters total="15" executed="15" passed="15" failed="0" error="0" timeout="0" aborted="0" inconclusive="0" passedButRunAborted="0" notRunnable="0" notExecuted="0" disconnected="0" warning="0" completed="0" inProgress="0" pending="0" />
    <Output>
      <StdOut>[xUnit.net 00:00:00.00] xUnit.net VSTest Adapter v3.1.4+50e68bbb8b (64-bit .NET 10.0.11)&#xD;
[xUnit.net 00:00:00.57]   Discovering: CanDoItAll.Tests.Components&#xD;
[xUnit.net 00:00:00.95]   Discovered:  CanDoItAll.Tests.Components&#xD;
[xUnit.net 00:00:01.01]   Starting:    CanDoItAll.Tests.Components&#xD;
[xUnit.net 00:00:03.75]   Finished:    CanDoItAll.Tests.Components&#xD;
</StdOut>
    </Output>
  </ResultSummary>
</TestRun>