<?xml version="1.0" encoding="utf-8"?>
<TestRun id="4d946674-6a4b-4af5-a5de-958d68d86385" name="lucys@LUCYSPOWER 2026-08-27 19:27:37" runUser="LUCYSPOWER\lucys" xmlns="http://microsoft.com/schemas/VisualStudio/TeamTest/2010">
  <Times creation="2026-08-27T19:27:37.9169790-04:00" queuing="2026-08-27T19:27:37.9169797-04:00" start="2026-08-27T19:27:35.5550698-04:00" finish="2026-08-27T19:27:37.9275948-04:00" />
  <TestSettings name="default" id="b1341ad8-75ab-4b31-a846-2148d5161df9">
    <Deployment runDeploymentRoot="lucys_LUCYSPOWER_2026-08-27_19_27_37" />
  </TestSettings>
  <Results>
    <UnitTestResult executionId="0c58b068-44a8-4a98-ad25-01c6c2f7226e" testId="d515f025-e066-7051-9693-5ada604b1e35" testName="CanDoItAll.Tests.Unit.SharedThinkingEffortTests.Shared_temperature_follows_source_model_policy(kind: OpenAi, model: &quot;gpt-5.4-mini&quot;, omit: True)" computerName="LUCYSPOWER" duration="00:00:00.0045854" startTime="2026-08-27T19:27:37.7356559-04:00" endTime="2026-08-27T19:27:37.7436622-04:00" testType="13cdc9d9-ddb5-4fa4-a97d-d965ccfc6d4b" outcome="Failed" testListId="8c84fa94-04c1-424b-9868-57a2d4851a1d" relativeResultsDirectory="0c58b068-44a8-4a98-ad25-01c6c2f7226e">
      <Output>
        <ErrorInfo>
          <Message>Assert.Equal() Failure: Values differ&#xD;
Expected: False&#xD;
Actual:   True</Message>
          <StackTrace>   at CanDoItAll.Tests.Unit.SharedThinkingEffortTests.Shared_temperature_follows_source_model_policy(ProviderKind kind, String model, Boolean omit) in C:\repositories\CanDoItAll\tests\Unit\CanDoItAll.Tests.Unit\SharedThinkingEffortTests.cs:line 26&#xD;
   at InvokeStub_SharedThinkingEffortTests.Shared_temperature_follows_source_model_policy(Object, Span`1)&#xD;
   at System.Reflection.MethodBaseInvoker.InvokeWithFewArgs(Object obj, BindingFlags invokeAttr, Binder binder, Object[] parameters, CultureInfo culture)</StackTrace>
        </ErrorInfo>
      </Output>
    </UnitTestResult>
    <UnitTestResult executionId="cc0c5d29-c526-4dd1-9bc1-6d8dc40858b2" testId="99c49be6-4357-c242-5747-a8d8ff3ee086" testName="CanDoItAll.Tests.Unit.SharedThinkingEffortTests.Shared_temperature_follows_source_model_policy(kind: OpenAi, model: &quot;gpt-5.6-sol&quot;, omit: True)" computerName="LUCYSPOWER" duration="00:00:00.0003742" startTime="2026-08-27T19:27:37.7556085-04:00" endTime="2026-08-27T19:27:37.7557806-04:00" testType="13cdc9d9-ddb5-4fa4-a97d-d965ccfc6d4b" outcome="Failed" testListId="8c84fa94-04c1-424b-9868-57a2d4851a1d" relativeResultsDirectory="cc0c5d29-c526-4dd1-9bc1-6d8dc40858b2">
      <Output>
        <ErrorInfo>
          <Message>Assert.Equal() Failure: Values differ&#xD;
Expected: False&#xD;
Actual:   True</Message>
          <StackTrace>   at CanDoItAll.Tests.Unit.SharedThinkingEffortTests.Shared_temperature_follows_source_model_policy(ProviderKind kind, String model, Boolean omit) in C:\repositories\CanDoItAll\tests\Unit\CanDoItAll.Tests.Unit\SharedThinkingEffortTests.cs:line 26&#xD;
   at InvokeStub_SharedThinkingEffortTests.Shared_temperature_follows_source_model_policy(Object, Span`1)&#xD;
   at System.Reflection.MethodBaseInvoker.InvokeWithFewArgs(Object obj, BindingFlags invokeAttr, Binder binder, Object[] parameters, CultureInfo culture)</StackTrace>
        </ErrorInfo>
      </Output>
    </UnitTestResult>
    <UnitTestResult executionId="b0bfc7d8-d701-43ab-850f-54509fee5b78" testId="213b4096-f934-d656-d9d0-7992570ad40c" testName="CanDoItAll.Tests.Unit.SharedThinkingEffortTests.Shared_temperature_follows_source_model_policy(kind: Ollama, model: &quot;gptoss20b64k:latest&quot;, omit: False)" computerName="LUCYSPOWER" duration="00:00:00.0707048" startTime="2026-08-27T19:27:37.6867081-04:00" endTime="2026-08-27T19:27:37.7176777-04:00" testType="13cdc9d9-ddb5-4fa4-a97d-d965ccfc6d4b" outcome="Passed" testListId="8c84fa94-04c1-424b-9868-57a2d4851a1d" relativeResultsDirectory="b0bfc7d8-d701-43ab-850f-54509fee5b78" />
    <UnitTestResult executionId="9033206c-843c-4a16-8788-a5b61265bb93" testId="3085969f-3034-75cd-b3e3-6d57a22ae23a" testName="CanDoItAll.Tests.Unit.SharedThinkingEffortTests.Shared_temperature_follows_source_model_policy(kind: OpenAi, model: &quot;gpt-4.1&quot;, omit: False)" computerName="LUCYSPOWER" duration="00:00:00.0068512" startTime="2026-08-27T19:27:37.7331991-04:00" endTime="2026-08-27T19:27:37.7333883-04:00" testType="13cdc9d9-ddb5-4fa4-a97d-d965ccfc6d4b" outcome="Passed" testListId="8c84fa94-04c1-424b-9868-57a2d4851a1d" relativeResultsDirectory="9033206c-843c-4a16-8788-a5b61265bb93" />
  </Results>
  <TestDefinitions>
    <UnitTest name="CanDoItAll.Tests.Unit.SharedThinkingEffortTests.Shared_temperature_follows_source_model_policy(kind: OpenAi, model: &quot;gpt-5.6-sol&quot;, omit: True)" storage="c:\repositories\candoitall\tests\unit\candoitall.tests.unit\bin\debug\net10.0\candoitall.tests.unit.dll" id="99c49be6-4357-c242-5747-a8d8ff3ee086">
      <Execution id="cc0c5d29-c526-4dd1-9bc1-6d8dc40858b2" />
      <TestMethod codeBase="C:\repositories\CanDoItAll\tests\Unit\CanDoItAll.Tests.Unit\bin\Debug\net10.0\CanDoItAll.Tests.Unit.dll" adapterTypeName="executor://xunit/VsTestRunner3/netcore/" className="CanDoItAll.Tests.Unit.SharedThinkingEffortTests" name="Shared_temperature_follows_source_model_policy" />
    </UnitTest>
    <UnitTest name="CanDoItAll.Tests.Unit.SharedThinkingEffortTests.Shared_temperature_follows_source_model_policy(kind: OpenAi, model: &quot;gpt-4.1&quot;, omit: False)" storage="c:\repositories\candoitall\tests\unit\candoitall.tests.unit\bin\debug\net10.0\candoitall.tests.unit.dll" id="3085969f-3034-75cd-b3e3-6d57a22ae23a">
      <Execution id="9033206c-843c-4a16-8788-a5b61265bb93" />
      <TestMethod codeBase="C:\repositories\CanDoItAll\tests\Unit\CanDoItAll.Tests.Unit\bin\Debug\net10.0\CanDoItAll.Tests.Unit.dll" adapterTypeName="executor://xunit/VsTestRunner3/netcore/" className="CanDoItAll.Tests.Unit.SharedThinkingEffortTests" name="Shared_temperature_follows_source_model_policy" />
    </UnitTest>
    <UnitTest name="CanDoItAll.Tests.Unit.SharedThinkingEffortTests.Shared_temperature_follows_source_model_policy(kind: Ollama, model: &quot;gptoss20b64k:latest&quot;, omit: False)" storage="c:\repositories\candoitall\tests\unit\candoitall.tests.unit\bin\debug\net10.0\candoitall.tests.unit.dll" id="213b4096-f934-d656-d9d0-7992570ad40c">
      <Execution id="b0bfc7d8-d701-43ab-850f-54509fee5b78" />
      <TestMethod codeBase="C:\repositories\CanDoItAll\tests\Unit\CanDoItAll.Tests.Unit\bin\Debug\net10.0\CanDoItAll.Tests.Unit.dll" adapterTypeName="executor://xunit/VsTestRunner3/netcore/" className="CanDoItAll.Tests.Unit.SharedThinkingEffortTests" name="Shared_temperature_follows_source_model_policy" />
    </UnitTest>
    <UnitTest name="CanDoItAll.Tests.Unit.SharedThinkingEffortTests.Shared_temperature_follows_source_model_policy(kind: OpenAi, model: &quot;gpt-5.4-mini&quot;, omit: True)" storage="c:\repositories\candoitall\tests\unit\candoitall.tests.unit\bin\debug\net10.0\candoitall.tests.unit.dll" id="d515f025-e066-7051-9693-5ada604b1e35">
      <Execution id="0c58b068-44a8-4a98-ad25-01c6c2f7226e" />
      <TestMethod codeBase="C:\repositories\CanDoItAll\tests\Unit\CanDoItAll.Tests.Unit\bin\Debug\net10.0\CanDoItAll.Tests.Unit.dll" adapterTypeName="executor://xunit/VsTestRunner3/netcore/" className="CanDoItAll.Tests.Unit.SharedThinkingEffortTests" name="Shared_temperature_follows_source_model_policy" />
    </UnitTest>
  </TestDefinitions>
  <TestEntries>
    <TestEntry testId="d515f025-e066-7051-9693-5ada604b1e35" executionId="0c58b068-44a8-4a98-ad25-01c6c2f7226e" testListId="8c84fa94-04c1-424b-9868-57a2d4851a1d" />
    <TestEntry testId="99c49be6-4357-c242-5747-a8d8ff3ee086" executionId="cc0c5d29-c526-4dd1-9bc1-6d8dc40858b2" testListId="8c84fa94-04c1-424b-9868-57a2d4851a1d" />
    <TestEntry testId="213b4096-f934-d656-d9d0-7992570ad40c" executionId="b0bfc7d8-d701-43ab-850f-54509fee5b78" testListId="8c84fa94-04c1-424b-9868-57a2d4851a1d" />
    <TestEntry testId="3085969f-3034-75cd-b3e3-6d57a22ae23a" executionId="9033206c-843c-4a16-8788-a5b61265bb93" testListId="8c84fa94-04c1-424b-9868-57a2d4851a1d" />
  </TestEntries>
  <TestLists>
    <TestList name="Výsledky neuvedené v seznamu" id="8c84fa94-04c1-424b-9868-57a2d4851a1d" />
    <TestList name="Všechny načtené výsledky" id="19431567-8539-422a-85d7-44ee4e166bda" />
  </TestLists>
  <ResultSummary outcome="Failed">
    <Counters total="4" executed="4" passed="2" failed="2" error="0" timeout="0" aborted="0" inconclusive="0" passedButRunAborted="0" notRunnable="0" notExecuted="0" disconnected="0" warning="0" completed="0" inProgress="0" pending="0" />
    <Output>
      <StdOut>[xUnit.net 00:00:00.00] xUnit.net VSTest Adapter v3.1.4+50e68bbb8b (64-bit .NET 10.0.11)&#xD;
[xUnit.net 00:00:00.41]   Discovering: CanDoItAll.Tests.Unit&#xD;
[xUnit.net 00:00:01.37]   Discovered:  CanDoItAll.Tests.Unit&#xD;
[xUnit.net 00:00:01.48]   Starting:    CanDoItAll.Tests.Unit&#xD;
[xUnit.net 00:00:01.64]       Assert.Equal() Failure: Values differ&#xD;
[xUnit.net 00:00:01.64]       Expected: False&#xD;
[xUnit.net 00:00:01.64]       Actual:   True&#xD;
[xUnit.net 00:00:01.64]       Stack Trace:&#xD;
[xUnit.net 00:00:01.64]         C:\repositories\CanDoItAll\tests\Unit\CanDoItAll.Tests.Unit\SharedThinkingEffortTests.cs(26,0): at CanDoItAll.Tests.Unit.SharedThinkingEffortTests.Shared_temperature_follows_source_model_policy(ProviderKind kind, String model, Boolean omit)&#xD;
[xUnit.net 00:00:01.64]            at InvokeStub_SharedThinkingEffortTests.Shared_temperature_follows_source_model_policy(Object, Span`1)&#xD;
[xUnit.net 00:00:01.64]            at System.Reflection.MethodBaseInvoker.InvokeWithFewArgs(Object obj, BindingFlags invokeAttr, Binder binder, Object[] parameters, CultureInfo culture)&#xD;
[xUnit.net 00:00:01.65]       Assert.Equal() Failure: Values differ&#xD;
[xUnit.net 00:00:01.65]       Expected: False&#xD;
[xUnit.net 00:00:01.65]       Actual:   True&#xD;
[xUnit.net 00:00:01.65]       Stack Trace:&#xD;
[xUnit.net 00:00:01.65]         C:\repositories\CanDoItAll\tests\Unit\CanDoItAll.Tests.Unit\SharedThinkingEffortTests.cs(26,0): at CanDoItAll.Tests.Unit.SharedThinkingEffortTests.Shared_temperature_follows_source_model_policy(ProviderKind kind, String model, Boolean omit)&#xD;
[xUnit.net 00:00:01.65]            at InvokeStub_SharedThinkingEffortTests.Shared_temperature_follows_source_model_policy(Object, Span`1)&#xD;
[xUnit.net 00:00:01.65]            at System.Reflection.MethodBaseInvoker.InvokeWithFewArgs(Object obj, BindingFlags invokeAttr, Binder binder, Object[] parameters, CultureInfo culture)&#xD;
[xUnit.net 00:00:01.65]   Finished:    CanDoItAll.Tests.Unit&#xD;
</StdOut>
    </Output>
    <RunInfos>
      <RunInfo computerName="LUCYSPOWER" outcome="Error" timestamp="2026-08-27T19:27:37.7491358-04:00">
        <Text>[xUnit.net 00:00:01.64]     CanDoItAll.Tests.Unit.SharedThinkingEffortTests.Shared_temperature_follows_source_model_policy(kind: OpenAi, model: "gpt-5.4-mini", omit: True) [FAIL]</Text>
      </RunInfo>
      <RunInfo computerName="LUCYSPOWER" outcome="Error" timestamp="2026-08-27T19:27:37.7563719-04:00">
        <Text>[xUnit.net 00:00:01.65]     CanDoItAll.Tests.Unit.SharedThinkingEffortTests.Shared_temperature_follows_source_model_policy(kind: OpenAi, model: "gpt-5.6-sol", omit: True) [FAIL]</Text>
      </RunInfo>
    </RunInfos>
  </ResultSummary>
</TestRun>