<?xml version="1.0" encoding="utf-8"?>
<TestRun id="27ad146f-46c5-4bb7-972f-de0619070b21" name="lucys@LUCYSPOWER 2026-08-31 09:52:03" runUser="LUCYSPOWER\lucys" xmlns="http://microsoft.com/schemas/VisualStudio/TeamTest/2010">
  <Times creation="2026-08-31T09:52:03.2157565-04:00" queuing="2026-08-31T09:52:03.2157569-04:00" start="2026-08-31T09:51:59.7431697-04:00" finish="2026-08-31T09:54:07.7890884-04:00" />
  <TestSettings name="default" id="64d8ca2b-2407-42fe-ab83-b0e0f8d21ffe">
    <Deployment runDeploymentRoot="lucys_LUCYSPOWER_2026-08-31_09_52_03" />
  </TestSettings>
  <Results>
    <UnitTestResult executionId="a36114ea-9f78-4f7c-aa54-0325648eb8d7" testId="1a3bc356-b0e1-92bb-3db8-7cb5b5de64a7" testName="CanDoItAll.Tests.Integration.Runtime.FileSandboxWorkspaceStoreLockIntegrationTests.Execution_session_and_run_writes_retain_catalog_revision" computerName="LUCYSPOWER" duration="00:00:01.9821554" startTime="2026-08-31T09:53:58.4714683-04:00" endTime="2026-08-31T09:54:00.4537930-04:00" testType="13cdc9d9-ddb5-4fa4-a97d-d965ccfc6d4b" outcome="Passed" testListId="8c84fa94-04c1-424b-9868-57a2d4851a1d" relativeResultsDirectory="a36114ea-9f78-4f7c-aa54-0325648eb8d7" />
    <UnitTestResult executionId="8b929a89-4a9d-42b1-98ef-d58bbb19f97f" testId="d84ef7a7-ddb0-cf55-6a69-0123d983eaf1" testName="CanDoItAll.Tests.Integration.Runtime.FileSandboxWorkspaceStoreLockIntegrationTests.ChatSessionStore_creates_and_updates_split_session_projection" computerName="LUCYSPOWER" duration="00:00:10.4168679" startTime="2026-08-31T09:53:22.2522651-04:00" endTime="2026-08-31T09:53:32.6696734-04:00" testType="13cdc9d9-ddb5-4fa4-a97d-d965ccfc6d4b" outcome="Passed" testListId="8c84fa94-04c1-424b-9868-57a2d4851a1d" relativeResultsDirectory="8b929a89-4a9d-42b1-98ef-d58bbb19f97f" />
    <UnitTestResult executionId="8f0e9a6b-af9a-422a-b8bb-15fae61e0b46" testId="3f9c8665-b03e-d3d3-09bb-4458ec98f7d3" testName="CanDoItAll.Tests.Integration.Runtime.FileSandboxWorkspaceStoreLockIntegrationTests.SaveCatalogAsync_returns_store_assigned_revision_and_ignores_caller_revision" computerName="LUCYSPOWER" duration="00:00:00.7399466" startTime="2026-08-31T09:53:55.5889324-04:00" endTime="2026-08-31T09:53:56.3290583-04:00" testType="13cdc9d9-ddb5-4fa4-a97d-d965ccfc6d4b" outcome="Passed" testListId="8c84fa94-04c1-424b-9868-57a2d4851a1d" relativeResultsDirectory="8f0e9a6b-af9a-422a-b8bb-15fae61e0b46" />
    <UnitTestResult executionId="1a33728a-05f0-44b3-afb3-ac9e8237f2f6" testId="2367ba50-4b97-f6d9-cc18-e3826748eb09" testName="CanDoItAll.Tests.Integration.Runtime.FileSandboxWorkspaceStoreLockIntegrationTests.GetExecutionRunDetailAsync_waits_for_workspace_lock_then_reads_initialized_run_detail" computerName="LUCYSPOWER" duration="00:00:04.1925136" startTime="2026-08-31T09:53:47.5340193-04:00" endTime="2026-08-31T09:53:51.7265777-04:00" testType="13cdc9d9-ddb5-4fa4-a97d-d965ccfc6d4b" outcome="Passed" testListId="8c84fa94-04c1-424b-9868-57a2d4851a1d" relativeResultsDirectory="1a33728a-05f0-44b3-afb3-ac9e8237f2f6" />
    <UnitTestResult executionId="80229414-b5e4-47d4-ae6c-734d69c4a2a8" testId="9036a8dd-8fa4-9f06-7e87-e871ea828d14" testName="CanDoItAll.Tests.Integration.Runtime.FileSandboxWorkspaceStoreLockIntegrationTests.Atomic_chat_run_starts_preserve_every_concurrent_user_message" computerName="LUCYSPOWER" duration="00:00:01.9460567" startTime="2026-08-31T09:53:32.6705843-04:00" endTime="2026-08-31T09:53:34.6163892-04:00" testType="13cdc9d9-ddb5-4fa4-a97d-d965ccfc6d4b" outcome="Passed" testListId="8c84fa94-04c1-424b-9868-57a2d4851a1d" relativeResultsDirectory="80229414-b5e4-47d4-ae6c-734d69c4a2a8" />
    <UnitTestResult executionId="34c7d3d9-0209-442a-8869-d45e26020e6a" testId="b26f1c07-36d7-eca8-e122-0099dbebc15a" testName="CanDoItAll.Tests.Integration.Runtime.FileSandboxWorkspaceStoreLockIntegrationTests.Atomic_chat_run_start_rejects_a_mutation_that_drops_session_history" computerName="LUCYSPOWER" duration="00:00:00.8196127" startTime="2026-08-31T09:53:42.9047692-04:00" endTime="2026-08-31T09:53:43.7247389-04:00" testType="13cdc9d9-ddb5-4fa4-a97d-d965ccfc6d4b" outcome="Passed" testListId="8c84fa94-04c1-424b-9868-57a2d4851a1d" relativeResultsDirectory="34c7d3d9-0209-442a-8869-d45e26020e6a" />
    <UnitTestResult executionId="5a9ed645-775a-4169-9171-dc9eb7a78da0" testId="63a9d45b-8511-8419-4cb9-c8a0209d0e88" testName="CanDoItAll.Tests.Integration.Runtime.FileSandboxWorkspaceStoreLockIntegrationTests.CreateChatSessionAsync_does_not_read_unrelated_run_file_when_chat_index_exists" computerName="LUCYSPOWER" duration="00:00:04.5806487" startTime="2026-08-31T09:53:35.7128468-04:00" endTime="2026-08-31T09:53:40.2937738-04:00" testType="13cdc9d9-ddb5-4fa4-a97d-d965ccfc6d4b" outcome="Passed" testListId="8c84fa94-04c1-424b-9868-57a2d4851a1d" relativeResultsDirectory="5a9ed645-775a-4169-9171-dc9eb7a78da0" />
    <UnitTestResult executionId="c5636aae-4793-44b8-bebb-b668d3000b64" testId="43ade15d-cb16-011f-6356-fc957fcc4f22" testName="CanDoItAll.Tests.Integration.Runtime.FileSandboxWorkspaceStoreLockIntegrationTests.ListExecutionRunsAsync_waits_for_workspace_lock_then_reads_run_summaries" computerName="LUCYSPOWER" duration="00:00:03.8084049" startTime="2026-08-31T09:53:43.7248725-04:00" endTime="2026-08-31T09:53:47.5335698-04:00" testType="13cdc9d9-ddb5-4fa4-a97d-d965ccfc6d4b" outcome="Passed" testListId="8c84fa94-04c1-424b-9868-57a2d4851a1d" relativeResultsDirectory="c5636aae-4793-44b8-bebb-b668d3000b64" />
    <UnitTestResult executionId="14072bf9-0097-4f3b-aaf5-660908b7eb31" testId="c6694ffd-2b5c-e090-7f23-30adef047d9e" testName="CanDoItAll.Tests.Integration.Runtime.FileSandboxWorkspaceExistingRunUpdateRecoveryIntegrationTests.UpdateExecutionRunDetailAsync_FailureAfterCommitBoundary_RollsForwardContinuationExactlyOnce(failureStageValue: 8)" computerName="LUCYSPOWER" duration="00:00:02.0290087" startTime="2026-08-31T09:52:02.8130613-04:00" endTime="2026-08-31T09:52:04.8305359-04:00" testType="13cdc9d9-ddb5-4fa4-a97d-d965ccfc6d4b" outcome="Passed" testListId="8c84fa94-04c1-424b-9868-57a2d4851a1d" relativeResultsDirectory="14072bf9-0097-4f3b-aaf5-660908b7eb31" />
    <UnitTestResult executionId="cd1c6e03-1c40-453e-ab63-258d44890810" testId="57b69257-15ba-2379-8c0d-f1511d42ce34" testName="CanDoItAll.Tests.Integration.Runtime.FileSandboxWorkspaceStoreLockIntegrationTests.Catalog_normalization_and_legacy_missing_revision_migrate_monotonically" computerName="LUCYSPOWER" duration="00:00:01.7077312" startTime="2026-08-31T09:53:40.2942110-04:00" endTime="2026-08-31T09:53:42.0019264-04:00" testType="13cdc9d9-ddb5-4fa4-a97d-d965ccfc6d4b" outcome="Passed" testListId="8c84fa94-04c1-424b-9868-57a2d4851a1d" relativeResultsDirectory="cd1c6e03-1c40-453e-ab63-258d44890810" />
    <UnitTestResult executionId="7cd78938-bb6d-47e9-a841-9bdc73d0e737" testId="dddb4ea5-7b1c-5f1e-2faf-a3503d4c3a85" testName="CanDoItAll.Tests.Integration.Runtime.FileSandboxWorkspaceExistingRunUpdateRecoveryIntegrationTests.UpdateExecutionRunDetailAsync_CancellationAfterJournal_CompletesCommittedContinuation" computerName="LUCYSPOWER" duration="00:00:03.3232260" startTime="2026-08-31T09:52:44.6990707-04:00" endTime="2026-08-31T09:52:48.0212858-04:00" testType="13cdc9d9-ddb5-4fa4-a97d-d965ccfc6d4b" outcome="Passed" testListId="8c84fa94-04c1-424b-9868-57a2d4851a1d" relativeResultsDirectory="7cd78938-bb6d-47e9-a841-9bdc73d0e737" />
    <UnitTestResult executionId="16391ecf-5a6c-4f30-ae99-e96150332f9f" testId="6f078b2e-56da-4127-fe58-a9e141a9969c" testName="CanDoItAll.Tests.Integration.Runtime.FileSandboxWorkspaceExistingRunUpdateRecoveryIntegrationTests.UpdateExecutionRunDetailAsync_CancellationBeforeJournal_PersistsNothing" computerName="LUCYSPOWER" duration="00:00:00.9439378" startTime="2026-08-31T09:53:21.3043774-04:00" endTime="2026-08-31T09:53:22.2484394-04:00" testType="13cdc9d9-ddb5-4fa4-a97d-d965ccfc6d4b" outcome="Passed" testListId="8c84fa94-04c1-424b-9868-57a2d4851a1d" relativeResultsDirectory="16391ecf-5a6c-4f30-ae99-e96150332f9f" />
    <UnitTestResult executionId="83c2a566-b679-4d01-959e-eccc14e1c088" testId="4b89fcaa-8c05-f82c-230f-178cdb387bf0" testName="CanDoItAll.Tests.Integration.Runtime.FileSandboxWorkspaceExistingRunUpdateRecoveryIntegrationTests.GetExecutionRunDetailAsync_CorruptPendingUpdateJournal_FailsExplicitlyAndRetainsJournal" computerName="LUCYSPOWER" duration="00:00:02.0103196" startTime="2026-08-31T09:52:00.7742037-04:00" endTime="2026-08-31T09:52:02.7969117-04:00" testType="13cdc9d9-ddb5-4fa4-a97d-d965ccfc6d4b" outcome="Passed" testListId="8c84fa94-04c1-424b-9868-57a2d4851a1d" relativeResultsDirectory="83c2a566-b679-4d01-959e-eccc14e1c088" />
    <UnitTestResult executionId="17256ba0-f9a0-4366-9142-64be00573e32" testId="0aed463d-4c60-4b30-e3ec-4f70d96a83ef" testName="CanDoItAll.Tests.Integration.Runtime.FileSandboxWorkspaceExistingRunUpdateRecoveryIntegrationTests.UpdateExecutionRunDetailAsync_FailureAfterCommitBoundary_RollsForwardContinuationExactlyOnce(failureStageValue: 7)" computerName="LUCYSPOWER" duration="00:00:01.8380584" startTime="2026-08-31T09:52:08.6295496-04:00" endTime="2026-08-31T09:52:10.4668590-04:00" testType="13cdc9d9-ddb5-4fa4-a97d-d965ccfc6d4b" outcome="Passed" testListId="8c84fa94-04c1-424b-9868-57a2d4851a1d" relativeResultsDirectory="17256ba0-f9a0-4366-9142-64be00573e32" />
    <UnitTestResult executionId="ed5cfe44-29a9-4bfc-b173-5ed1c296c74e" testId="60b174d4-a710-062d-d425-8722771aa5e8" testName="CanDoItAll.Tests.Integration.Runtime.FileSandboxWorkspaceExistingRunUpdateRecoveryIntegrationTests.UpdateExecutionRunDetailAsync_FailureAfterCommitBoundary_RollsForwardContinuationExactlyOnce(failureStageValue: 5)" computerName="LUCYSPOWER" duration="00:00:11.2063815" startTime="2026-08-31T09:52:21.5423572-04:00" endTime="2026-08-31T09:52:32.7570270-04:00" testType="13cdc9d9-ddb5-4fa4-a97d-d965ccfc6d4b" outcome="Passed" testListId="8c84fa94-04c1-424b-9868-57a2d4851a1d" relativeResultsDirectory="ed5cfe44-29a9-4bfc-b173-5ed1c296c74e" />
    <UnitTestResult executionId="a7b31262-28c2-4209-b155-74f03740d2cb" testId="1cfc88e5-8aa2-594e-5e03-f7f3607df413" testName="CanDoItAll.Tests.Integration.Runtime.FileSandboxWorkspaceStoreLockIntegrationTests.LoadCatalogAsync_reads_initialized_catalog_when_workspace_lock_is_held" computerName="LUCYSPOWER" duration="00:00:03.1235453" startTime="2026-08-31T09:54:00.4541790-04:00" endTime="2026-08-31T09:54:03.5779135-04:00" testType="13cdc9d9-ddb5-4fa4-a97d-d965ccfc6d4b" outcome="Passed" testListId="8c84fa94-04c1-424b-9868-57a2d4851a1d" relativeResultsDirectory="a7b31262-28c2-4209-b155-74f03740d2cb" />
    <UnitTestResult executionId="ebe5e701-7b44-427a-b346-bccb55005bc8" testId="154bc7c4-787e-6b69-4e23-1a75b35b476a" testName="CanDoItAll.Tests.Integration.Runtime.FileSandboxWorkspaceExistingRunUpdateRecoveryIntegrationTests.UpdateExecutionRunDetailAsync_FailureAfterCommitBoundary_RollsForwardContinuationExactlyOnce(failureStageValue: 6)" computerName="LUCYSPOWER" duration="00:00:05.4361729" startTime="2026-08-31T09:52:39.2607039-04:00" endTime="2026-08-31T09:52:44.6973129-04:00" testType="13cdc9d9-ddb5-4fa4-a97d-d965ccfc6d4b" outcome="Passed" testListId="8c84fa94-04c1-424b-9868-57a2d4851a1d" relativeResultsDirectory="ebe5e701-7b44-427a-b346-bccb55005bc8" />
    <UnitTestResult executionId="d3656cd9-ff2b-4bc2-85f1-0785e99a3da8" testId="7092ea29-51f0-919e-3769-113e2cda9bf0" testName="CanDoItAll.Tests.Integration.Runtime.FileSandboxWorkspaceExistingRunUpdateRecoveryIntegrationTests.UpdateExecutionRunDetailAsync_FailureAfterCommitBoundary_RollsForwardContinuationExactlyOnce(failureStageValue: 4)" computerName="LUCYSPOWER" duration="00:00:06.4751865" startTime="2026-08-31T09:52:32.7579677-04:00" endTime="2026-08-31T09:52:39.2599825-04:00" testType="13cdc9d9-ddb5-4fa4-a97d-d965ccfc6d4b" outcome="Passed" testListId="8c84fa94-04c1-424b-9868-57a2d4851a1d" relativeResultsDirectory="d3656cd9-ff2b-4bc2-85f1-0785e99a3da8" />
    <UnitTestResult executionId="5a793adb-a492-43d6-8e2c-6b78cdd77502" testId="2f5aabf2-a76e-0b17-82ce-8815911c3ada" testName="CanDoItAll.Tests.Integration.Runtime.FileSandboxWorkspaceExistingRunUpdateRecoveryIntegrationTests.UpdateExecutionRunDetailAsync_FailureAfterCommitBoundary_RollsForwardContinuationExactlyOnce(failureStageValue: 3)" computerName="LUCYSPOWER" duration="00:00:02.1044476" startTime="2026-08-31T09:52:04.8329724-04:00" endTime="2026-08-31T09:52:06.9355067-04:00" testType="13cdc9d9-ddb5-4fa4-a97d-d965ccfc6d4b" outcome="Passed" testListId="8c84fa94-04c1-424b-9868-57a2d4851a1d" relativeResultsDirectory="5a793adb-a492-43d6-8e2c-6b78cdd77502" />
    <UnitTestResult executionId="27da3075-8e72-4cd8-a47f-00ddab2953f1" testId="c03fa9d6-c6ea-2aaa-34bb-9e2fc92edd83" testName="CanDoItAll.Tests.Integration.Runtime.FileSandboxWorkspaceStoreLockIntegrationTests.Competing_catalog_changes_publish_coherent_monotonic_snapshots" computerName="LUCYSPOWER" duration="00:00:00.9022050" startTime="2026-08-31T09:53:42.0023156-04:00" endTime="2026-08-31T09:53:42.9046238-04:00" testType="13cdc9d9-ddb5-4fa4-a97d-d965ccfc6d4b" outcome="Passed" testListId="8c84fa94-04c1-424b-9868-57a2d4851a1d" relativeResultsDirectory="27da3075-8e72-4cd8-a47f-00ddab2953f1" />
    <UnitTestResult executionId="f3bd483f-90fd-4b63-8d89-48588c0170c7" testId="6c88fe7c-351d-9f36-0f8d-7c2a5ed203d7" testName="CanDoItAll.Tests.Integration.Runtime.FileSandboxWorkspaceStoreLockIntegrationTests.Catalog_revision_changes_once_for_a_change_and_retains_for_a_noop" computerName="LUCYSPOWER" duration="00:00:00.8978492" startTime="2026-08-31T09:53:56.3293025-04:00" endTime="2026-08-31T09:53:57.2274129-04:00" testType="13cdc9d9-ddb5-4fa4-a97d-d965ccfc6d4b" outcome="Passed" testListId="8c84fa94-04c1-424b-9868-57a2d4851a1d" relativeResultsDirectory="f3bd483f-90fd-4b63-8d89-48588c0170c7" />
    <UnitTestResult executionId="268e177f-6a1b-4c98-be08-3fba2c86278a" testId="a61bf516-3540-fc3c-ac06-f3f161d82068" testName="CanDoItAll.Tests.Integration.Runtime.FileSandboxWorkspaceExistingRunUpdateRecoveryIntegrationTests.UpdateExecutionRunDetailAsync_LargeHistory_WalRemainsWithinMeasuredBounds" computerName="LUCYSPOWER" duration="00:00:28.7879927" startTime="2026-08-31T09:52:50.8878691-04:00" endTime="2026-08-31T09:53:19.6753350-04:00" testType="13cdc9d9-ddb5-4fa4-a97d-d965ccfc6d4b" outcome="Passed" testListId="8c84fa94-04c1-424b-9868-57a2d4851a1d" relativeResultsDirectory="268e177f-6a1b-4c98-be08-3fba2c86278a">
      <Output>
        <StdOut>Existing-run WAL measurement: historyEntries=400, payloadCharacters=256, journalBytes=968665, elapsedToJournalMs=1032,2, totalCommitMs=2396,9.</StdOut>
      </Output>
    </UnitTestResult>
    <UnitTestResult executionId="888a9b64-bae2-478f-a023-95cb9fbd89d4" testId="68eb5bf1-d73e-5e50-a4f9-a30120fe1d21" testName="CanDoItAll.Tests.Integration.Runtime.FileSandboxWorkspaceExistingRunUpdateRecoveryIntegrationTests.UpdateExecutionRunDetailAsync_FailureAfterCommitBoundary_RollsForwardContinuationExactlyOnce(failureStageValue: 0)" computerName="LUCYSPOWER" duration="00:00:05.1438828" startTime="2026-08-31T09:52:10.4673651-04:00" endTime="2026-08-31T09:52:15.6345566-04:00" testType="13cdc9d9-ddb5-4fa4-a97d-d965ccfc6d4b" outcome="Passed" testListId="8c84fa94-04c1-424b-9868-57a2d4851a1d" relativeResultsDirectory="888a9b64-bae2-478f-a023-95cb9fbd89d4" />
    <UnitTestResult executionId="9836e0c9-5a59-438e-aee2-be329c047f59" testId="f80a80a4-c2a2-7163-6a6f-69096b574a67" testName="CanDoItAll.Tests.Integration.Runtime.FileSandboxWorkspaceStoreLockIntegrationTests.Atomic_chat_run_start_rejects_stale_catalog_revision_without_persisting" computerName="LUCYSPOWER" duration="00:00:01.0957434" startTime="2026-08-31T09:53:34.6168809-04:00" endTime="2026-08-31T09:53:35.7126917-04:00" testType="13cdc9d9-ddb5-4fa4-a97d-d965ccfc6d4b" outcome="Passed" testListId="8c84fa94-04c1-424b-9868-57a2d4851a1d" relativeResultsDirectory="9836e0c9-5a59-438e-aee2-be329c047f59" />
    <UnitTestResult executionId="53ae5611-b43c-4c60-95fa-c4c2635276f1" testId="5233f07f-3a62-dcd8-eece-cdda58ab17ca" testName="CanDoItAll.Tests.Integration.Runtime.FileSandboxWorkspaceStoreLockIntegrationTests.UpdateExecutionRunDetailAsync_serializes_competing_mutations_against_the_latest_run" computerName="LUCYSPOWER" duration="00:00:03.8611675" startTime="2026-08-31T09:53:51.7269940-04:00" endTime="2026-08-31T09:53:55.5883842-04:00" testType="13cdc9d9-ddb5-4fa4-a97d-d965ccfc6d4b" outcome="Passed" testListId="8c84fa94-04c1-424b-9868-57a2d4851a1d" relativeResultsDirectory="53ae5611-b43c-4c60-95fa-c4c2635276f1" />
    <UnitTestResult executionId="07c90a5f-75d2-4867-8d39-e2f3b84d70ec" testId="882327a1-97bd-3eae-3d5e-a1ef6ad65771" testName="CanDoItAll.Tests.Integration.Runtime.FileSandboxWorkspaceExistingRunUpdateRecoveryIntegrationTests.UpdateExecutionRunDetailAsync_PausedAfterRunWrite_BlocksSecondStoreReadersUntilCommit" computerName="LUCYSPOWER" duration="00:00:02.8646218" startTime="2026-08-31T09:52:48.0219800-04:00" endTime="2026-08-31T09:52:50.8869440-04:00" testType="13cdc9d9-ddb5-4fa4-a97d-d965ccfc6d4b" outcome="Passed" testListId="8c84fa94-04c1-424b-9868-57a2d4851a1d" relativeResultsDirectory="07c90a5f-75d2-4867-8d39-e2f3b84d70ec" />
    <UnitTestResult executionId="fac09151-0198-4546-9a33-dfb79385d7f5" testId="87a15469-ed06-bdc7-9e16-a0bdab1f1704" testName="CanDoItAll.Tests.Integration.Runtime.FileSandboxWorkspaceStoreLockIntegrationTests.SaveExecutionRunDetailAsync_does_not_load_unrelated_run_slices_in_split_storage" computerName="LUCYSPOWER" duration="00:00:04.1085358" startTime="2026-08-31T09:54:03.5784747-04:00" endTime="2026-08-31T09:54:07.6869380-04:00" testType="13cdc9d9-ddb5-4fa4-a97d-d965ccfc6d4b" outcome="Passed" testListId="8c84fa94-04c1-424b-9868-57a2d4851a1d" relativeResultsDirectory="fac09151-0198-4546-9a33-dfb79385d7f5" />
    <UnitTestResult executionId="0984c8d4-9c2d-40e3-a42e-e47cb5e23db5" testId="84c64539-68a3-ba6b-62d8-ff2cfa0652c2" testName="CanDoItAll.Tests.Integration.Runtime.FileSandboxWorkspaceExistingRunUpdateRecoveryIntegrationTests.UpdateExecutionRunDetailAsync_FailureAfterCommitBoundary_RollsForwardContinuationExactlyOnce(failureStageValue: 2)" computerName="LUCYSPOWER" duration="00:00:05.8798842" startTime="2026-08-31T09:52:15.6354117-04:00" endTime="2026-08-31T09:52:21.5415603-04:00" testType="13cdc9d9-ddb5-4fa4-a97d-d965ccfc6d4b" outcome="Passed" testListId="8c84fa94-04c1-424b-9868-57a2d4851a1d" relativeResultsDirectory="0984c8d4-9c2d-40e3-a42e-e47cb5e23db5" />
    <UnitTestResult executionId="ebc48a32-f654-47e9-b2aa-751f53dcbce2" testId="9209e22c-f35e-4a42-acbb-dde7ad72c46b" testName="CanDoItAll.Tests.Integration.Runtime.FileSandboxWorkspaceExistingRunUpdateRecoveryIntegrationTests.UpdateExecutionRunDetailAsync_FailureAfterCommitBoundary_RollsForwardContinuationExactlyOnce(failureStageValue: 1)" computerName="LUCYSPOWER" duration="00:00:01.6924462" startTime="2026-08-31T09:52:06.9363085-04:00" endTime="2026-08-31T09:52:08.6284642-04:00" testType="13cdc9d9-ddb5-4fa4-a97d-d965ccfc6d4b" outcome="Passed" testListId="8c84fa94-04c1-424b-9868-57a2d4851a1d" relativeResultsDirectory="ebc48a32-f654-47e9-b2aa-751f53dcbce2" />
    <UnitTestResult executionId="d46099dc-d3e6-40a7-9cd8-385512c59136" testId="0543d331-5c9f-1371-e3a3-33700530fd12" testName="CanDoItAll.Tests.Integration.Runtime.FileSandboxWorkspaceStoreLockIntegrationTests.Atomic_chat_run_start_returns_blocked_without_invoking_the_factory" computerName="LUCYSPOWER" duration="00:00:01.2433175" startTime="2026-08-31T09:53:57.2275586-04:00" endTime="2026-08-31T09:53:58.4711559-04:00" testType="13cdc9d9-ddb5-4fa4-a97d-d965ccfc6d4b" outcome="Passed" testListId="8c84fa94-04c1-424b-9868-57a2d4851a1d" relativeResultsDirectory="d46099dc-d3e6-40a7-9cd8-385512c59136" />
    <UnitTestResult executionId="df135a07-ef90-4ce6-8a2a-c1fc0c9dbca5" testId="1d40a0f5-4676-478d-cfa8-a02dbb5c1cf9" testName="CanDoItAll.Tests.Integration.Runtime.FileSandboxWorkspaceExistingRunUpdateRecoveryIntegrationTests.UpdateCatalogAsync_PendingRunUpdateJournal_RecoversTargetBeforeCatalogMutation" computerName="LUCYSPOWER" duration="00:00:01.6283278" startTime="2026-08-31T09:53:19.6765557-04:00" endTime="2026-08-31T09:53:21.3040337-04:00" testType="13cdc9d9-ddb5-4fa4-a97d-d965ccfc6d4b" outcome="Passed" testListId="8c84fa94-04c1-424b-9868-57a2d4851a1d" relativeResultsDirectory="df135a07-ef90-4ce6-8a2a-c1fc0c9dbca5" />
  </Results>
  <TestDefinitions>
    <UnitTest name="CanDoItAll.Tests.Integration.Runtime.FileSandboxWorkspaceStoreLockIntegrationTests.SaveCatalogAsync_returns_store_assigned_revision_and_ignores_caller_revision" storage="c:\repositories\candoitall\.artifacts\agent-startup-performance\sb01-tests\bin\candoitall.tests.integration\release\candoitall.tests.integration.dll" id="3f9c8665-b03e-d3d3-09bb-4458ec98f7d3">
      <Execution id="8f0e9a6b-af9a-422a-b8bb-15fae61e0b46" />
      <TestMethod codeBase="C:\repositories\CanDoItAll\.artifacts\agent-startup-performance\sb01-tests\bin\CanDoItAll.Tests.Integration\release\CanDoItAll.Tests.Integration.dll" adapterTypeName="executor://xunit/VsTestRunner3/netcore/" className="CanDoItAll.Tests.Integration.Runtime.FileSandboxWorkspaceStoreLockIntegrationTests" name="SaveCatalogAsync_returns_store_assigned_revision_and_ignores_caller_revision" />
    </UnitTest>
    <UnitTest name="CanDoItAll.Tests.Integration.Runtime.FileSandboxWorkspaceStoreLockIntegrationTests.SaveExecutionRunDetailAsync_does_not_load_unrelated_run_slices_in_split_storage" storage="c:\repositories\candoitall\.artifacts\agent-startup-performance\sb01-tests\bin\candoitall.tests.integration\release\candoitall.tests.integration.dll" id="87a15469-ed06-bdc7-9e16-a0bdab1f1704">
      <Execution id="fac09151-0198-4546-9a33-dfb79385d7f5" />
      <TestMethod codeBase="C:\repositories\CanDoItAll\.artifacts\agent-startup-performance\sb01-tests\bin\CanDoItAll.Tests.Integration\release\CanDoItAll.Tests.Integration.dll" adapterTypeName="executor://xunit/VsTestRunner3/netcore/" className="CanDoItAll.Tests.Integration.Runtime.FileSandboxWorkspaceStoreLockIntegrationTests" name="SaveExecutionRunDetailAsync_does_not_load_unrelated_run_slices_in_split_storage" />
    </UnitTest>
    <UnitTest name="CanDoItAll.Tests.Integration.Runtime.FileSandboxWorkspaceExistingRunUpdateRecoveryIntegrationTests.UpdateCatalogAsync_PendingRunUpdateJournal_RecoversTargetBeforeCatalogMutation" storage="c:\repositories\candoitall\.artifacts\agent-startup-performance\sb01-tests\bin\candoitall.tests.integration\release\candoitall.tests.integration.dll" id="1d40a0f5-4676-478d-cfa8-a02dbb5c1cf9">
      <Execution id="df135a07-ef90-4ce6-8a2a-c1fc0c9dbca5" />
      <TestMethod codeBase="C:\repositories\CanDoItAll\.artifacts\agent-startup-performance\sb01-tests\bin\CanDoItAll.Tests.Integration\release\CanDoItAll.Tests.Integration.dll" adapterTypeName="executor://xunit/VsTestRunner3/netcore/" className="CanDoItAll.Tests.Integration.Runtime.FileSandboxWorkspaceExistingRunUpdateRecoveryIntegrationTests" name="UpdateCatalogAsync_PendingRunUpdateJournal_RecoversTargetBeforeCatalogMutation" />
    </UnitTest>
    <UnitTest name="CanDoItAll.Tests.Integration.Runtime.FileSandboxWorkspaceExistingRunUpdateRecoveryIntegrationTests.UpdateExecutionRunDetailAsync_FailureAfterCommitBoundary_RollsForwardContinuationExactlyOnce(failureStageValue: 0)" storage="c:\repositories\candoitall\.artifacts\agent-startup-performance\sb01-tests\bin\candoitall.tests.integration\release\candoitall.tests.integration.dll" id="68eb5bf1-d73e-5e50-a4f9-a30120fe1d21">
      <Execution id="888a9b64-bae2-478f-a023-95cb9fbd89d4" />
      <TestMethod codeBase="C:\repositories\CanDoItAll\.artifacts\agent-startup-performance\sb01-tests\bin\CanDoItAll.Tests.Integration\release\CanDoItAll.Tests.Integration.dll" adapterTypeName="executor://xunit/VsTestRunner3/netcore/" className="CanDoItAll.Tests.Integration.Runtime.FileSandboxWorkspaceExistingRunUpdateRecoveryIntegrationTests" name="UpdateExecutionRunDetailAsync_FailureAfterCommitBoundary_RollsForwardContinuationExactlyOnce" />
    </UnitTest>
    <UnitTest name="CanDoItAll.Tests.Integration.Runtime.FileSandboxWorkspaceExistingRunUpdateRecoveryIntegrationTests.UpdateExecutionRunDetailAsync_FailureAfterCommitBoundary_RollsForwardContinuationExactlyOnce(failureStageValue: 8)" storage="c:\repositories\candoitall\.artifacts\agent-startup-performance\sb01-tests\bin\candoitall.tests.integration\release\candoitall.tests.integration.dll" id="c6694ffd-2b5c-e090-7f23-30adef047d9e">
      <Execution id="14072bf9-0097-4f3b-aaf5-660908b7eb31" />
      <TestMethod codeBase="C:\repositories\CanDoItAll\.artifacts\agent-startup-performance\sb01-tests\bin\CanDoItAll.Tests.Integration\release\CanDoItAll.Tests.Integration.dll" adapterTypeName="executor://xunit/VsTestRunner3/netcore/" className="CanDoItAll.Tests.Integration.Runtime.FileSandboxWorkspaceExistingRunUpdateRecoveryIntegrationTests" name="UpdateExecutionRunDetailAsync_FailureAfterCommitBoundary_RollsForwardContinuationExactlyOnce" />
    </UnitTest>
    <UnitTest name="CanDoItAll.Tests.Integration.Runtime.FileSandboxWorkspaceStoreLockIntegrationTests.ChatSessionStore_creates_and_updates_split_session_projection" storage="c:\repositories\candoitall\.artifacts\agent-startup-performance\sb01-tests\bin\candoitall.tests.integration\release\candoitall.tests.integration.dll" id="d84ef7a7-ddb0-cf55-6a69-0123d983eaf1">
      <Execution id="8b929a89-4a9d-42b1-98ef-d58bbb19f97f" />
      <TestMethod codeBase="C:\repositories\CanDoItAll\.artifacts\agent-startup-performance\sb01-tests\bin\CanDoItAll.Tests.Integration\release\CanDoItAll.Tests.Integration.dll" adapterTypeName="executor://xunit/VsTestRunner3/netcore/" className="CanDoItAll.Tests.Integration.Runtime.FileSandboxWorkspaceStoreLockIntegrationTests" name="ChatSessionStore_creates_and_updates_split_session_projection" />
    </UnitTest>
    <UnitTest name="CanDoItAll.Tests.Integration.Runtime.FileSandboxWorkspaceExistingRunUpdateRecoveryIntegrationTests.UpdateExecutionRunDetailAsync_FailureAfterCommitBoundary_RollsForwardContinuationExactlyOnce(failureStageValue: 7)" storage="c:\repositories\candoitall\.artifacts\agent-startup-performance\sb01-tests\bin\candoitall.tests.integration\release\candoitall.tests.integration.dll" id="0aed463d-4c60-4b30-e3ec-4f70d96a83ef">
      <Execution id="17256ba0-f9a0-4366-9142-64be00573e32" />
      <TestMethod codeBase="C:\repositories\CanDoItAll\.artifacts\agent-startup-performance\sb01-tests\bin\CanDoItAll.Tests.Integration\release\CanDoItAll.Tests.Integration.dll" adapterTypeName="executor://xunit/VsTestRunner3/netcore/" className="CanDoItAll.Tests.Integration.Runtime.FileSandboxWorkspaceExistingRunUpdateRecoveryIntegrationTests" name="UpdateExecutionRunDetailAsync_FailureAfterCommitBoundary_RollsForwardContinuationExactlyOnce" />
    </UnitTest>
    <UnitTest name="CanDoItAll.Tests.Integration.Runtime.FileSandboxWorkspaceExistingRunUpdateRecoveryIntegrationTests.UpdateExecutionRunDetailAsync_FailureAfterCommitBoundary_RollsForwardContinuationExactlyOnce(failureStageValue: 5)" storage="c:\repositories\candoitall\.artifacts\agent-startup-performance\sb01-tests\bin\candoitall.tests.integration\release\candoitall.tests.integration.dll" id="60b174d4-a710-062d-d425-8722771aa5e8">
      <Execution id="ed5cfe44-29a9-4bfc-b173-5ed1c296c74e" />
      <TestMethod codeBase="C:\repositories\CanDoItAll\.artifacts\agent-startup-performance\sb01-tests\bin\CanDoItAll.Tests.Integration\release\CanDoItAll.Tests.Integration.dll" adapterTypeName="executor://xunit/VsTestRunner3/netcore/" className="CanDoItAll.Tests.Integration.Runtime.FileSandboxWorkspaceExistingRunUpdateRecoveryIntegrationTests" name="UpdateExecutionRunDetailAsync_FailureAfterCommitBoundary_RollsForwardContinuationExactlyOnce" />
    </UnitTest>
    <UnitTest name="CanDoItAll.Tests.Integration.Runtime.FileSandboxWorkspaceExistingRunUpdateRecoveryIntegrationTests.UpdateExecutionRunDetailAsync_LargeHistory_WalRemainsWithinMeasuredBounds" storage="c:\repositories\candoitall\.artifacts\agent-startup-performance\sb01-tests\bin\candoitall.tests.integration\release\candoitall.tests.integration.dll" id="a61bf516-3540-fc3c-ac06-f3f161d82068">
      <Execution id="268e177f-6a1b-4c98-be08-3fba2c86278a" />
      <TestMethod codeBase="C:\repositories\CanDoItAll\.artifacts\agent-startup-performance\sb01-tests\bin\CanDoItAll.Tests.Integration\release\CanDoItAll.Tests.Integration.dll" adapterTypeName="executor://xunit/VsTestRunner3/netcore/" className="CanDoItAll.Tests.Integration.Runtime.FileSandboxWorkspaceExistingRunUpdateRecoveryIntegrationTests" name="UpdateExecutionRunDetailAsync_LargeHistory_WalRemainsWithinMeasuredBounds" />
    </UnitTest>
    <UnitTest name="CanDoItAll.Tests.Integration.Runtime.FileSandboxWorkspaceExistingRunUpdateRecoveryIntegrationTests.UpdateExecutionRunDetailAsync_FailureAfterCommitBoundary_RollsForwardContinuationExactlyOnce(failureStageValue: 4)" storage="c:\repositories\candoitall\.artifacts\agent-startup-performance\sb01-tests\bin\candoitall.tests.integration\release\candoitall.tests.integration.dll" id="7092ea29-51f0-919e-3769-113e2cda9bf0">
      <Execution id="d3656cd9-ff2b-4bc2-85f1-0785e99a3da8" />
      <TestMethod codeBase="C:\repositories\CanDoItAll\.artifacts\agent-startup-performance\sb01-tests\bin\CanDoItAll.Tests.Integration\release\CanDoItAll.Tests.Integration.dll" adapterTypeName="executor://xunit/VsTestRunner3/netcore/" className="CanDoItAll.Tests.Integration.Runtime.FileSandboxWorkspaceExistingRunUpdateRecoveryIntegrationTests" name="UpdateExecutionRunDetailAsync_FailureAfterCommitBoundary_RollsForwardContinuationExactlyOnce" />
    </UnitTest>
    <UnitTest name="CanDoItAll.Tests.Integration.Runtime.FileSandboxWorkspaceStoreLockIntegrationTests.Atomic_chat_run_start_rejects_stale_catalog_revision_without_persisting" storage="c:\repositories\candoitall\.artifacts\agent-startup-performance\sb01-tests\bin\candoitall.tests.integration\release\candoitall.tests.integration.dll" id="f80a80a4-c2a2-7163-6a6f-69096b574a67">
      <Execution id="9836e0c9-5a59-438e-aee2-be329c047f59" />
      <TestMethod codeBase="C:\repositories\CanDoItAll\.artifacts\agent-startup-performance\sb01-tests\bin\CanDoItAll.Tests.Integration\release\CanDoItAll.Tests.Integration.dll" adapterTypeName="executor://xunit/VsTestRunner3/netcore/" className="CanDoItAll.Tests.Integration.Runtime.FileSandboxWorkspaceStoreLockIntegrationTests" name="Atomic_chat_run_start_rejects_stale_catalog_revision_without_persisting" />
    </UnitTest>
    <UnitTest name="CanDoItAll.Tests.Integration.Runtime.FileSandboxWorkspaceStoreLockIntegrationTests.LoadCatalogAsync_reads_initialized_catalog_when_workspace_lock_is_held" storage="c:\repositories\candoitall\.artifacts\agent-startup-performance\sb01-tests\bin\candoitall.tests.integration\release\candoitall.tests.integration.dll" id="1cfc88e5-8aa2-594e-5e03-f7f3607df413">
      <Execution id="a7b31262-28c2-4209-b155-74f03740d2cb" />
      <TestMethod codeBase="C:\repositories\CanDoItAll\.artifacts\agent-startup-performance\sb01-tests\bin\CanDoItAll.Tests.Integration\release\CanDoItAll.Tests.Integration.dll" adapterTypeName="executor://xunit/VsTestRunner3/netcore/" className="CanDoItAll.Tests.Integration.Runtime.FileSandboxWorkspaceStoreLockIntegrationTests" name="LoadCatalogAsync_reads_initialized_catalog_when_workspace_lock_is_held" />
    </UnitTest>
    <UnitTest name="CanDoItAll.Tests.Integration.Runtime.FileSandboxWorkspaceStoreLockIntegrationTests.UpdateExecutionRunDetailAsync_serializes_competing_mutations_against_the_latest_run" storage="c:\repositories\candoitall\.artifacts\agent-startup-performance\sb01-tests\bin\candoitall.tests.integration\release\candoitall.tests.integration.dll" id="5233f07f-3a62-dcd8-eece-cdda58ab17ca">
      <Execution id="53ae5611-b43c-4c60-95fa-c4c2635276f1" />
      <TestMethod codeBase="C:\repositories\CanDoItAll\.artifacts\agent-startup-performance\sb01-tests\bin\CanDoItAll.Tests.Integration\release\CanDoItAll.Tests.Integration.dll" adapterTypeName="executor://xunit/VsTestRunner3/netcore/" className="CanDoItAll.Tests.Integration.Runtime.FileSandboxWorkspaceStoreLockIntegrationTests" name="UpdateExecutionRunDetailAsync_serializes_competing_mutations_against_the_latest_run" />
    </UnitTest>
    <UnitTest name="CanDoItAll.Tests.Integration.Runtime.FileSandboxWorkspaceExistingRunUpdateRecoveryIntegrationTests.UpdateExecutionRunDetailAsync_FailureAfterCommitBoundary_RollsForwardContinuationExactlyOnce(failureStageValue: 3)" storage="c:\repositories\candoitall\.artifacts\agent-startup-performance\sb01-tests\bin\candoitall.tests.integration\release\candoitall.tests.integration.dll" id="2f5aabf2-a76e-0b17-82ce-8815911c3ada">
      <Execution id="5a793adb-a492-43d6-8e2c-6b78cdd77502" />
      <TestMethod codeBase="C:\repositories\CanDoItAll\.artifacts\agent-startup-performance\sb01-tests\bin\CanDoItAll.Tests.Integration\release\CanDoItAll.Tests.Integration.dll" adapterTypeName="executor://xunit/VsTestRunner3/netcore/" className="CanDoItAll.Tests.Integration.Runtime.FileSandboxWorkspaceExistingRunUpdateRecoveryIntegrationTests" name="UpdateExecutionRunDetailAsync_FailureAfterCommitBoundary_RollsForwardContinuationExactlyOnce" />
    </UnitTest>
    <UnitTest name="CanDoItAll.Tests.Integration.Runtime.FileSandboxWorkspaceStoreLockIntegrationTests.Catalog_revision_changes_once_for_a_change_and_retains_for_a_noop" storage="c:\repositories\candoitall\.artifacts\agent-startup-performance\sb01-tests\bin\candoitall.tests.integration\release\candoitall.tests.integration.dll" id="6c88fe7c-351d-9f36-0f8d-7c2a5ed203d7">
      <Execution id="f3bd483f-90fd-4b63-8d89-48588c0170c7" />
      <TestMethod codeBase="C:\repositories\CanDoItAll\.artifacts\agent-startup-performance\sb01-tests\bin\CanDoItAll.Tests.Integration\release\CanDoItAll.Tests.Integration.dll" adapterTypeName="executor://xunit/VsTestRunner3/netcore/" className="CanDoItAll.Tests.Integration.Runtime.FileSandboxWorkspaceStoreLockIntegrationTests" name="Catalog_revision_changes_once_for_a_change_and_retains_for_a_noop" />
    </UnitTest>
    <UnitTest name="CanDoItAll.Tests.Integration.Runtime.FileSandboxWorkspaceStoreLockIntegrationTests.Catalog_normalization_and_legacy_missing_revision_migrate_monotonically" storage="c:\repositories\candoitall\.artifacts\agent-startup-performance\sb01-tests\bin\candoitall.tests.integration\release\candoitall.tests.integration.dll" id="57b69257-15ba-2379-8c0d-f1511d42ce34">
      <Execution id="cd1c6e03-1c40-453e-ab63-258d44890810" />
      <TestMethod codeBase="C:\repositories\CanDoItAll\.artifacts\agent-startup-performance\sb01-tests\bin\CanDoItAll.Tests.Integration\release\CanDoItAll.Tests.Integration.dll" adapterTypeName="executor://xunit/VsTestRunner3/netcore/" className="CanDoItAll.Tests.Integration.Runtime.FileSandboxWorkspaceStoreLockIntegrationTests" name="Catalog_normalization_and_legacy_missing_revision_migrate_monotonically" />
    </UnitTest>
    <UnitTest name="CanDoItAll.Tests.Integration.Runtime.FileSandboxWorkspaceStoreLockIntegrationTests.ListExecutionRunsAsync_waits_for_workspace_lock_then_reads_run_summaries" storage="c:\repositories\candoitall\.artifacts\agent-startup-performance\sb01-tests\bin\candoitall.tests.integration\release\candoitall.tests.integration.dll" id="43ade15d-cb16-011f-6356-fc957fcc4f22">
      <Execution id="c5636aae-4793-44b8-bebb-b668d3000b64" />
      <TestMethod codeBase="C:\repositories\CanDoItAll\.artifacts\agent-startup-performance\sb01-tests\bin\CanDoItAll.Tests.Integration\release\CanDoItAll.Tests.Integration.dll" adapterTypeName="executor://xunit/VsTestRunner3/netcore/" className="CanDoItAll.Tests.Integration.Runtime.FileSandboxWorkspaceStoreLockIntegrationTests" name="ListExecutionRunsAsync_waits_for_workspace_lock_then_reads_run_summaries" />
    </UnitTest>
    <UnitTest name="CanDoItAll.Tests.Integration.Runtime.FileSandboxWorkspaceStoreLockIntegrationTests.Atomic_chat_run_start_returns_blocked_without_invoking_the_factory" storage="c:\repositories\candoitall\.artifacts\agent-startup-performance\sb01-tests\bin\candoitall.tests.integration\release\candoitall.tests.integration.dll" id="0543d331-5c9f-1371-e3a3-33700530fd12">
      <Execution id="d46099dc-d3e6-40a7-9cd8-385512c59136" />
      <TestMethod codeBase="C:\repositories\CanDoItAll\.artifacts\agent-startup-performance\sb01-tests\bin\CanDoItAll.Tests.Integration\release\CanDoItAll.Tests.Integration.dll" adapterTypeName="executor://xunit/VsTestRunner3/netcore/" className="CanDoItAll.Tests.Integration.Runtime.FileSandboxWorkspaceStoreLockIntegrationTests" name="Atomic_chat_run_start_returns_blocked_without_invoking_the_factory" />
    </UnitTest>
    <UnitTest name="CanDoItAll.Tests.Integration.Runtime.FileSandboxWorkspaceStoreLockIntegrationTests.Execution_session_and_run_writes_retain_catalog_revision" storage="c:\repositories\candoitall\.artifacts\agent-startup-performance\sb01-tests\bin\candoitall.tests.integration\release\candoitall.tests.integration.dll" id="1a3bc356-b0e1-92bb-3db8-7cb5b5de64a7">
      <Execution id="a36114ea-9f78-4f7c-aa54-0325648eb8d7" />
      <TestMethod codeBase="C:\repositories\CanDoItAll\.artifacts\agent-startup-performance\sb01-tests\bin\CanDoItAll.Tests.Integration\release\CanDoItAll.Tests.Integration.dll" adapterTypeName="executor://xunit/VsTestRunner3/netcore/" className="CanDoItAll.Tests.Integration.Runtime.FileSandboxWorkspaceStoreLockIntegrationTests" name="Execution_session_and_run_writes_retain_catalog_revision" />
    </UnitTest>
    <UnitTest name="CanDoItAll.Tests.Integration.Runtime.FileSandboxWorkspaceStoreLockIntegrationTests.Competing_catalog_changes_publish_coherent_monotonic_snapshots" storage="c:\repositories\candoitall\.artifacts\agent-startup-performance\sb01-tests\bin\candoitall.tests.integration\release\candoitall.tests.integration.dll" id="c03fa9d6-c6ea-2aaa-34bb-9e2fc92edd83">
      <Execution id="27da3075-8e72-4cd8-a47f-00ddab2953f1" />
      <TestMethod codeBase="C:\repositories\CanDoItAll\.artifacts\agent-startup-performance\sb01-tests\bin\CanDoItAll.Tests.Integration\release\CanDoItAll.Tests.Integration.dll" adapterTypeName="executor://xunit/VsTestRunner3/netcore/" className="CanDoItAll.Tests.Integration.Runtime.FileSandboxWorkspaceStoreLockIntegrationTests" name="Competing_catalog_changes_publish_coherent_monotonic_snapshots" />
    </UnitTest>
    <UnitTest name="CanDoItAll.Tests.Integration.Runtime.FileSandboxWorkspaceExistingRunUpdateRecoveryIntegrationTests.UpdateExecutionRunDetailAsync_CancellationBeforeJournal_PersistsNothing" storage="c:\repositories\candoitall\.artifacts\agent-startup-performance\sb01-tests\bin\candoitall.tests.integration\release\candoitall.tests.integration.dll" id="6f078b2e-56da-4127-fe58-a9e141a9969c">
      <Execution id="16391ecf-5a6c-4f30-ae99-e96150332f9f" />
      <TestMethod codeBase="C:\repositories\CanDoItAll\.artifacts\agent-startup-performance\sb01-tests\bin\CanDoItAll.Tests.Integration\release\CanDoItAll.Tests.Integration.dll" adapterTypeName="executor://xunit/VsTestRunner3/netcore/" className="CanDoItAll.Tests.Integration.Runtime.FileSandboxWorkspaceExistingRunUpdateRecoveryIntegrationTests" name="UpdateExecutionRunDetailAsync_CancellationBeforeJournal_PersistsNothing" />
    </UnitTest>
    <UnitTest name="CanDoItAll.Tests.Integration.Runtime.FileSandboxWorkspaceStoreLockIntegrationTests.CreateChatSessionAsync_does_not_read_unrelated_run_file_when_chat_index_exists" storage="c:\repositories\candoitall\.artifacts\agent-startup-performance\sb01-tests\bin\candoitall.tests.integration\release\candoitall.tests.integration.dll" id="63a9d45b-8511-8419-4cb9-c8a0209d0e88">
      <Execution id="5a9ed645-775a-4169-9171-dc9eb7a78da0" />
      <TestMethod codeBase="C:\repositories\CanDoItAll\.artifacts\agent-startup-performance\sb01-tests\bin\CanDoItAll.Tests.Integration\release\CanDoItAll.Tests.Integration.dll" adapterTypeName="executor://xunit/VsTestRunner3/netcore/" className="CanDoItAll.Tests.Integration.Runtime.FileSandboxWorkspaceStoreLockIntegrationTests" name="CreateChatSessionAsync_does_not_read_unrelated_run_file_when_chat_index_exists" />
    </UnitTest>
    <UnitTest name="CanDoItAll.Tests.Integration.Runtime.FileSandboxWorkspaceExistingRunUpdateRecoveryIntegrationTests.UpdateExecutionRunDetailAsync_FailureAfterCommitBoundary_RollsForwardContinuationExactlyOnce(failureStageValue: 2)" storage="c:\repositories\candoitall\.artifacts\agent-startup-performance\sb01-tests\bin\candoitall.tests.integration\release\candoitall.tests.integration.dll" id="84c64539-68a3-ba6b-62d8-ff2cfa0652c2">
      <Execution id="0984c8d4-9c2d-40e3-a42e-e47cb5e23db5" />
      <TestMethod codeBase="C:\repositories\CanDoItAll\.artifacts\agent-startup-performance\sb01-tests\bin\CanDoItAll.Tests.Integration\release\CanDoItAll.Tests.Integration.dll" adapterTypeName="executor://xunit/VsTestRunner3/netcore/" className="CanDoItAll.Tests.Integration.Runtime.FileSandboxWorkspaceExistingRunUpdateRecoveryIntegrationTests" name="UpdateExecutionRunDetailAsync_FailureAfterCommitBoundary_RollsForwardContinuationExactlyOnce" />
    </UnitTest>
    <UnitTest name="CanDoItAll.Tests.Integration.Runtime.FileSandboxWorkspaceExistingRunUpdateRecoveryIntegrationTests.GetExecutionRunDetailAsync_CorruptPendingUpdateJournal_FailsExplicitlyAndRetainsJournal" storage="c:\repositories\candoitall\.artifacts\agent-startup-performance\sb01-tests\bin\candoitall.tests.integration\release\candoitall.tests.integration.dll" id="4b89fcaa-8c05-f82c-230f-178cdb387bf0">
      <Execution id="83c2a566-b679-4d01-959e-eccc14e1c088" />
      <TestMethod codeBase="C:\repositories\CanDoItAll\.artifacts\agent-startup-performance\sb01-tests\bin\CanDoItAll.Tests.Integration\release\CanDoItAll.Tests.Integration.dll" adapterTypeName="executor://xunit/VsTestRunner3/netcore/" className="CanDoItAll.Tests.Integration.Runtime.FileSandboxWorkspaceExistingRunUpdateRecoveryIntegrationTests" name="GetExecutionRunDetailAsync_CorruptPendingUpdateJournal_FailsExplicitlyAndRetainsJournal" />
    </UnitTest>
    <UnitTest name="CanDoItAll.Tests.Integration.Runtime.FileSandboxWorkspaceExistingRunUpdateRecoveryIntegrationTests.UpdateExecutionRunDetailAsync_FailureAfterCommitBoundary_RollsForwardContinuationExactlyOnce(failureStageValue: 6)" storage="c:\repositories\candoitall\.artifacts\agent-startup-performance\sb01-tests\bin\candoitall.tests.integration\release\candoitall.tests.integration.dll" id="154bc7c4-787e-6b69-4e23-1a75b35b476a">
      <Execution id="ebe5e701-7b44-427a-b346-bccb55005bc8" />
      <TestMethod codeBase="C:\repositories\CanDoItAll\.artifacts\agent-startup-performance\sb01-tests\bin\CanDoItAll.Tests.Integration\release\CanDoItAll.Tests.Integration.dll" adapterTypeName="executor://xunit/VsTestRunner3/netcore/" className="CanDoItAll.Tests.Integration.Runtime.FileSandboxWorkspaceExistingRunUpdateRecoveryIntegrationTests" name="UpdateExecutionRunDetailAsync_FailureAfterCommitBoundary_RollsForwardContinuationExactlyOnce" />
    </UnitTest>
    <UnitTest name="CanDoItAll.Tests.Integration.Runtime.FileSandboxWorkspaceStoreLockIntegrationTests.GetExecutionRunDetailAsync_waits_for_workspace_lock_then_reads_initialized_run_detail" storage="c:\repositories\candoitall\.artifacts\agent-startup-performance\sb01-tests\bin\candoitall.tests.integration\release\candoitall.tests.integration.dll" id="2367ba50-4b97-f6d9-cc18-e3826748eb09">
      <Execution id="1a33728a-05f0-44b3-afb3-ac9e8237f2f6" />
      <TestMethod codeBase="C:\repositories\CanDoItAll\.artifacts\agent-startup-performance\sb01-tests\bin\CanDoItAll.Tests.Integration\release\CanDoItAll.Tests.Integration.dll" adapterTypeName="executor://xunit/VsTestRunner3/netcore/" className="CanDoItAll.Tests.Integration.Runtime.FileSandboxWorkspaceStoreLockIntegrationTests" name="GetExecutionRunDetailAsync_waits_for_workspace_lock_then_reads_initialized_run_detail" />
    </UnitTest>
    <UnitTest name="CanDoItAll.Tests.Integration.Runtime.FileSandboxWorkspaceStoreLockIntegrationTests.Atomic_chat_run_starts_preserve_every_concurrent_user_message" storage="c:\repositories\candoitall\.artifacts\agent-startup-performance\sb01-tests\bin\candoitall.tests.integration\release\candoitall.tests.integration.dll" id="9036a8dd-8fa4-9f06-7e87-e871ea828d14">
      <Execution id="80229414-b5e4-47d4-ae6c-734d69c4a2a8" />
      <TestMethod codeBase="C:\repositories\CanDoItAll\.artifacts\agent-startup-performance\sb01-tests\bin\CanDoItAll.Tests.Integration\release\CanDoItAll.Tests.Integration.dll" adapterTypeName="executor://xunit/VsTestRunner3/netcore/" className="CanDoItAll.Tests.Integration.Runtime.FileSandboxWorkspaceStoreLockIntegrationTests" name="Atomic_chat_run_starts_preserve_every_concurrent_user_message" />
    </UnitTest>
    <UnitTest name="CanDoItAll.Tests.Integration.Runtime.FileSandboxWorkspaceStoreLockIntegrationTests.Atomic_chat_run_start_rejects_a_mutation_that_drops_session_history" storage="c:\repositories\candoitall\.artifacts\agent-startup-performance\sb01-tests\bin\candoitall.tests.integration\release\candoitall.tests.integration.dll" id="b26f1c07-36d7-eca8-e122-0099dbebc15a">
      <Execution id="34c7d3d9-0209-442a-8869-d45e26020e6a" />
      <TestMethod codeBase="C:\repositories\CanDoItAll\.artifacts\agent-startup-performance\sb01-tests\bin\CanDoItAll.Tests.Integration\release\CanDoItAll.Tests.Integration.dll" adapterTypeName="executor://xunit/VsTestRunner3/netcore/" className="CanDoItAll.Tests.Integration.Runtime.FileSandboxWorkspaceStoreLockIntegrationTests" name="Atomic_chat_run_start_rejects_a_mutation_that_drops_session_history" />
    </UnitTest>
    <UnitTest name="CanDoItAll.Tests.Integration.Runtime.FileSandboxWorkspaceExistingRunUpdateRecoveryIntegrationTests.UpdateExecutionRunDetailAsync_PausedAfterRunWrite_BlocksSecondStoreReadersUntilCommit" storage="c:\repositories\candoitall\.artifacts\agent-startup-performance\sb01-tests\bin\candoitall.tests.integration\release\candoitall.tests.integration.dll" id="882327a1-97bd-3eae-3d5e-a1ef6ad65771">
      <Execution id="07c90a5f-75d2-4867-8d39-e2f3b84d70ec" />
      <TestMethod codeBase="C:\repositories\CanDoItAll\.artifacts\agent-startup-performance\sb01-tests\bin\CanDoItAll.Tests.Integration\release\CanDoItAll.Tests.Integration.dll" adapterTypeName="executor://xunit/VsTestRunner3/netcore/" className="CanDoItAll.Tests.Integration.Runtime.FileSandboxWorkspaceExistingRunUpdateRecoveryIntegrationTests" name="UpdateExecutionRunDetailAsync_PausedAfterRunWrite_BlocksSecondStoreReadersUntilCommit" />
    </UnitTest>
    <UnitTest name="CanDoItAll.Tests.Integration.Runtime.FileSandboxWorkspaceExistingRunUpdateRecoveryIntegrationTests.UpdateExecutionRunDetailAsync_CancellationAfterJournal_CompletesCommittedContinuation" storage="c:\repositories\candoitall\.artifacts\agent-startup-performance\sb01-tests\bin\candoitall.tests.integration\release\candoitall.tests.integration.dll" id="dddb4ea5-7b1c-5f1e-2faf-a3503d4c3a85">
      <Execution id="7cd78938-bb6d-47e9-a841-9bdc73d0e737" />
      <TestMethod codeBase="C:\repositories\CanDoItAll\.artifacts\agent-startup-performance\sb01-tests\bin\CanDoItAll.Tests.Integration\release\CanDoItAll.Tests.Integration.dll" adapterTypeName="executor://xunit/VsTestRunner3/netcore/" className="CanDoItAll.Tests.Integration.Runtime.FileSandboxWorkspaceExistingRunUpdateRecoveryIntegrationTests" name="UpdateExecutionRunDetailAsync_CancellationAfterJournal_CompletesCommittedContinuation" />
    </UnitTest>
    <UnitTest name="CanDoItAll.Tests.Integration.Runtime.FileSandboxWorkspaceExistingRunUpdateRecoveryIntegrationTests.UpdateExecutionRunDetailAsync_FailureAfterCommitBoundary_RollsForwardContinuationExactlyOnce(failureStageValue: 1)" storage="c:\repositories\candoitall\.artifacts\agent-startup-performance\sb01-tests\bin\candoitall.tests.integration\release\candoitall.tests.integration.dll" id="9209e22c-f35e-4a42-acbb-dde7ad72c46b">
      <Execution id="ebc48a32-f654-47e9-b2aa-751f53dcbce2" />
      <TestMethod codeBase="C:\repositories\CanDoItAll\.artifacts\agent-startup-performance\sb01-tests\bin\CanDoItAll.Tests.Integration\release\CanDoItAll.Tests.Integration.dll" adapterTypeName="executor://xunit/VsTestRunner3/netcore/" className="CanDoItAll.Tests.Integration.Runtime.FileSandboxWorkspaceExistingRunUpdateRecoveryIntegrationTests" name="UpdateExecutionRunDetailAsync_FailureAfterCommitBoundary_RollsForwardContinuationExactlyOnce" />
    </UnitTest>
  </TestDefinitions>
  <TestEntries>
    <TestEntry testId="1a3bc356-b0e1-92bb-3db8-7cb5b5de64a7" executionId="a36114ea-9f78-4f7c-aa54-0325648eb8d7" testListId="8c84fa94-04c1-424b-9868-57a2d4851a1d" />
    <TestEntry testId="d84ef7a7-ddb0-cf55-6a69-0123d983eaf1" executionId="8b929a89-4a9d-42b1-98ef-d58bbb19f97f" testListId="8c84fa94-04c1-424b-9868-57a2d4851a1d" />
    <TestEntry testId="3f9c8665-b03e-d3d3-09bb-4458ec98f7d3" executionId="8f0e9a6b-af9a-422a-b8bb-15fae61e0b46" testListId="8c84fa94-04c1-424b-9868-57a2d4851a1d" />
    <TestEntry testId="2367ba50-4b97-f6d9-cc18-e3826748eb09" executionId="1a33728a-05f0-44b3-afb3-ac9e8237f2f6" testListId="8c84fa94-04c1-424b-9868-57a2d4851a1d" />
    <TestEntry testId="9036a8dd-8fa4-9f06-7e87-e871ea828d14" executionId="80229414-b5e4-47d4-ae6c-734d69c4a2a8" testListId="8c84fa94-04c1-424b-9868-57a2d4851a1d" />
    <TestEntry testId="b26f1c07-36d7-eca8-e122-0099dbebc15a" executionId="34c7d3d9-0209-442a-8869-d45e26020e6a" testListId="8c84fa94-04c1-424b-9868-57a2d4851a1d" />
    <TestEntry testId="63a9d45b-8511-8419-4cb9-c8a0209d0e88" executionId="5a9ed645-775a-4169-9171-dc9eb7a78da0" testListId="8c84fa94-04c1-424b-9868-57a2d4851a1d" />
    <TestEntry testId="43ade15d-cb16-011f-6356-fc957fcc4f22" executionId="c5636aae-4793-44b8-bebb-b668d3000b64" testListId="8c84fa94-04c1-424b-9868-57a2d4851a1d" />
    <TestEntry testId="c6694ffd-2b5c-e090-7f23-30adef047d9e" executionId="14072bf9-0097-4f3b-aaf5-660908b7eb31" testListId="8c84fa94-04c1-424b-9868-57a2d4851a1d" />
    <TestEntry testId="57b69257-15ba-2379-8c0d-f1511d42ce34" executionId="cd1c6e03-1c40-453e-ab63-258d44890810" testListId="8c84fa94-04c1-424b-9868-57a2d4851a1d" />
    <TestEntry testId="dddb4ea5-7b1c-5f1e-2faf-a3503d4c3a85" executionId="7cd78938-bb6d-47e9-a841-9bdc73d0e737" testListId="8c84fa94-04c1-424b-9868-57a2d4851a1d" />
    <TestEntry testId="6f078b2e-56da-4127-fe58-a9e141a9969c" executionId="16391ecf-5a6c-4f30-ae99-e96150332f9f" testListId="8c84fa94-04c1-424b-9868-57a2d4851a1d" />
    <TestEntry testId="4b89fcaa-8c05-f82c-230f-178cdb387bf0" executionId="83c2a566-b679-4d01-959e-eccc14e1c088" testListId="8c84fa94-04c1-424b-9868-57a2d4851a1d" />
    <TestEntry testId="0aed463d-4c60-4b30-e3ec-4f70d96a83ef" executionId="17256ba0-f9a0-4366-9142-64be00573e32" testListId="8c84fa94-04c1-424b-9868-57a2d4851a1d" />
    <TestEntry testId="60b174d4-a710-062d-d425-8722771aa5e8" executionId="ed5cfe44-29a9-4bfc-b173-5ed1c296c74e" testListId="8c84fa94-04c1-424b-9868-57a2d4851a1d" />
    <TestEntry testId="1cfc88e5-8aa2-594e-5e03-f7f3607df413" executionId="a7b31262-28c2-4209-b155-74f03740d2cb" testListId="8c84fa94-04c1-424b-9868-57a2d4851a1d" />
    <TestEntry testId="154bc7c4-787e-6b69-4e23-1a75b35b476a" executionId="ebe5e701-7b44-427a-b346-bccb55005bc8" testListId="8c84fa94-04c1-424b-9868-57a2d4851a1d" />
    <TestEntry testId="7092ea29-51f0-919e-3769-113e2cda9bf0" executionId="d3656cd9-ff2b-4bc2-85f1-0785e99a3da8" testListId="8c84fa94-04c1-424b-9868-57a2d4851a1d" />
    <TestEntry testId="2f5aabf2-a76e-0b17-82ce-8815911c3ada" executionId="5a793adb-a492-43d6-8e2c-6b78cdd77502" testListId="8c84fa94-04c1-424b-9868-57a2d4851a1d" />
    <TestEntry testId="c03fa9d6-c6ea-2aaa-34bb-9e2fc92edd83" executionId="27da3075-8e72-4cd8-a47f-00ddab2953f1" testListId="8c84fa94-04c1-424b-9868-57a2d4851a1d" />
    <TestEntry testId="6c88fe7c-351d-9f36-0f8d-7c2a5ed203d7" executionId="f3bd483f-90fd-4b63-8d89-48588c0170c7" testListId="8c84fa94-04c1-424b-9868-57a2d4851a1d" />
    <TestEntry testId="a61bf516-3540-fc3c-ac06-f3f161d82068" executionId="268e177f-6a1b-4c98-be08-3fba2c86278a" testListId="8c84fa94-04c1-424b-9868-57a2d4851a1d" />
    <TestEntry testId="68eb5bf1-d73e-5e50-a4f9-a30120fe1d21" executionId="888a9b64-bae2-478f-a023-95cb9fbd89d4" testListId="8c84fa94-04c1-424b-9868-57a2d4851a1d" />
    <TestEntry testId="f80a80a4-c2a2-7163-6a6f-69096b574a67" executionId="9836e0c9-5a59-438e-aee2-be329c047f59" testListId="8c84fa94-04c1-424b-9868-57a2d4851a1d" />
    <TestEntry testId="5233f07f-3a62-dcd8-eece-cdda58ab17ca" executionId="53ae5611-b43c-4c60-95fa-c4c2635276f1" testListId="8c84fa94-04c1-424b-9868-57a2d4851a1d" />
    <TestEntry testId="882327a1-97bd-3eae-3d5e-a1ef6ad65771" executionId="07c90a5f-75d2-4867-8d39-e2f3b84d70ec" testListId="8c84fa94-04c1-424b-9868-57a2d4851a1d" />
    <TestEntry testId="87a15469-ed06-bdc7-9e16-a0bdab1f1704" executionId="fac09151-0198-4546-9a33-dfb79385d7f5" testListId="8c84fa94-04c1-424b-9868-57a2d4851a1d" />
    <TestEntry testId="84c64539-68a3-ba6b-62d8-ff2cfa0652c2" executionId="0984c8d4-9c2d-40e3-a42e-e47cb5e23db5" testListId="8c84fa94-04c1-424b-9868-57a2d4851a1d" />
    <TestEntry testId="9209e22c-f35e-4a42-acbb-dde7ad72c46b" executionId="ebc48a32-f654-47e9-b2aa-751f53dcbce2" testListId="8c84fa94-04c1-424b-9868-57a2d4851a1d" />
    <TestEntry testId="0543d331-5c9f-1371-e3a3-33700530fd12" executionId="d46099dc-d3e6-40a7-9cd8-385512c59136" testListId="8c84fa94-04c1-424b-9868-57a2d4851a1d" />
    <TestEntry testId="1d40a0f5-4676-478d-cfa8-a02dbb5c1cf9" executionId="df135a07-ef90-4ce6-8a2a-c1fc0c9dbca5" testListId="8c84fa94-04c1-424b-9868-57a2d4851a1d" />
  </TestEntries>
  <TestLists>
    <TestList name="Výsledky neuvedené v seznamu" id="8c84fa94-04c1-424b-9868-57a2d4851a1d" />
    <TestList name="Všechny načtené výsledky" id="19431567-8539-422a-85d7-44ee4e166bda" />
  </TestLists>
  <ResultSummary outcome="Completed">
    <Counters total="31" executed="31" passed="31" failed="0" error="0" timeout="0" aborted="0" inconclusive="0" passedButRunAborted="0" notRunnable="0" notExecuted="0" disconnected="0" warning="0" completed="0" inProgress="0" pending="0" />
    <Output>
      <StdOut>[xUnit.net 00:00:00.00] xUnit.net VSTest Adapter v3.1.4+50e68bbb8b (64-bit .NET 10.0.11)&#xD;
[xUnit.net 00:00:00.30]   Discovering: CanDoItAll.Tests.Integration&#xD;
[xUnit.net 00:00:00.49]   Discovered:  CanDoItAll.Tests.Integration&#xD;
[xUnit.net 00:00:00.52]   Starting:    CanDoItAll.Tests.Integration&#xD;
[xUnit.net 00:02:07.46]   Finished:    CanDoItAll.Tests.Integration&#xD;
</StdOut>
    </Output>
  </ResultSummary>
</TestRun>