<?xml version="1.0" encoding="utf-8"?>
<TestRun id="3573a879-9cd0-459e-ba85-ceeb173a6b9e" name="lucys@LUCYSPOWER 2026-06-09 18:10:06" runUser="LUCYSPOWER\lucys" xmlns="http://microsoft.com/schemas/VisualStudio/TeamTest/2010">
  <Times creation="2026-06-09T18:10:06.1078345-04:00" queuing="2026-06-09T18:10:06.1078349-04:00" start="2026-06-09T18:09:05.7280628-04:00" finish="2026-06-09T18:10:06.1197634-04:00" />
  <TestSettings name="default" id="cb13f2d8-95e0-41c5-9d7a-d1e76a874a62">
    <Deployment runDeploymentRoot="lucys_LUCYSPOWER_2026-06-09_18_10_06" />
  </TestSettings>
  <Results>
    <UnitTestResult executionId="a71cf4e7-a380-4ae0-a029-b0e05b7a55d4" testId="1490d92e-ccac-2d47-bbbd-6f88605396a4" testName="CanDoItAll.Tests.Playwright.AppSmokeTests.Process_run_detail_recovery_SB030_large_screen_displays_blocked_recovery_and_artifact_readback" computerName="LUCYSPOWER" duration="00:00:10.8225072" startTime="2026-06-09T18:09:54.9034819-04:00" endTime="2026-06-09T18:10:05.7008205-04:00" testType="13cdc9d9-ddb5-4fa4-a97d-d965ccfc6d4b" outcome="Passed" testListId="8c84fa94-04c1-424b-9868-57a2d4851a1d" relativeResultsDirectory="a71cf4e7-a380-4ae0-a029-b0e05b7a55d4" />
  </Results>
  <TestDefinitions>
    <UnitTest name="CanDoItAll.Tests.Playwright.AppSmokeTests.Process_run_detail_recovery_SB030_large_screen_displays_blocked_recovery_and_artifact_readback" storage="c:\repositories\candoitall\tests\candoitall.tests.playwright\bin\debug\net10.0\candoitall.tests.playwright.dll" id="1490d92e-ccac-2d47-bbbd-6f88605396a4">
      <Execution id="a71cf4e7-a380-4ae0-a029-b0e05b7a55d4" />
      <TestMethod codeBase="C:\repositories\CanDoItAll\tests\CanDoItAll.Tests.Playwright\bin\Debug\net10.0\CanDoItAll.Tests.Playwright.dll" adapterTypeName="executor://xunit/VsTestRunner3/netcore/" className="CanDoItAll.Tests.Playwright.AppSmokeTests" name="Process_run_detail_recovery_SB030_large_screen_displays_blocked_recovery_and_artifact_readback" />
    </UnitTest>
  </TestDefinitions>
  <TestEntries>
    <TestEntry testId="1490d92e-ccac-2d47-bbbd-6f88605396a4" executionId="a71cf4e7-a380-4ae0-a029-b0e05b7a55d4" testListId="8c84fa94-04c1-424b-9868-57a2d4851a1d" />
  </TestEntries>
  <TestLists>
    <TestList name="Výsledky neuvedené v seznamu" id="8c84fa94-04c1-424b-9868-57a2d4851a1d" />
    <TestList name="Všechny načtené výsledky" id="19431567-8539-422a-85d7-44ee4e166bda" />
  </TestLists>
  <ResultSummary outcome="Completed">
    <Counters total="1" executed="1" passed="1" failed="0" error="0" timeout="0" aborted="0" inconclusive="0" passedButRunAborted="0" notRunnable="0" notExecuted="0" disconnected="0" warning="0" completed="0" inProgress="0" pending="0" />
    <Output>
      <StdOut>[xUnit.net 00:00:00.00] xUnit.net VSTest Adapter v3.1.4+50e68bbb8b (64-bit .NET 10.0.8)&#xD;
[xUnit.net 00:00:04.02]   Discovering: CanDoItAll.Tests.Playwright&#xD;
[xUnit.net 00:00:04.14]   Discovered:  CanDoItAll.Tests.Playwright&#xD;
[xUnit.net 00:00:04.18]   Starting:    CanDoItAll.Tests.Playwright&#xD;
[xUnit.net 00:00:58.52]   Finished:    CanDoItAll.Tests.Playwright&#xD;
</StdOut>
    </Output>
  </ResultSummary>
</TestRun>