<?xml version="1.0" encoding="utf-8"?>
<TestRun id="43f7145c-4a3a-4e5d-ba18-84c1d0f097b6" name="lucys@LUCYSPOWER 2026-08-31 10:41:09" runUser="LUCYSPOWER\lucys" xmlns="http://microsoft.com/schemas/VisualStudio/TeamTest/2010">
  <Times creation="2026-08-31T10:41:09.6428178-04:00" queuing="2026-08-31T10:41:09.6428182-04:00" start="2026-08-31T10:41:06.6614692-04:00" finish="2026-08-31T10:41:12.6465026-04:00" />
  <TestSettings name="default" id="cca09bec-750d-48ba-8a13-68cd0240dfde">
    <Deployment runDeploymentRoot="lucys_LUCYSPOWER_2026-08-31_10_41_09" />
  </TestSettings>
  <Results>
    <UnitTestResult executionId="720e754c-d928-47ab-bb8d-6d500404d5f3" testId="ec66a6cb-d93d-5ad6-13a8-7448d0b124e5" testName="CanDoItAll.Tests.Unit.AgentFramework.FileSandboxWorkspaceChatProjectionStoreTests.Reporting_query_rejects_invalid_page_bounds(pageIndex: 0, pageSize: 0)" computerName="LUCYSPOWER" duration="00:00:00.0447809" startTime="2026-08-31T10:41:08.8451486-04:00" endTime="2026-08-31T10:41:08.8905449-04:00" testType="13cdc9d9-ddb5-4fa4-a97d-d965ccfc6d4b" outcome="Passed" testListId="8c84fa94-04c1-424b-9868-57a2d4851a1d" relativeResultsDirectory="720e754c-d928-47ab-bb8d-6d500404d5f3" />
    <UnitTestResult executionId="29203c8b-3e07-40ff-bd43-2e8aee1207ea" testId="780c5a07-06a9-0363-8f8e-4dfc4bc70842" testName="CanDoItAll.Tests.Unit.AgentFramework.FileSandboxWorkspaceChatProjectionStoreTests.Reporting_projection_uses_recorded_scope_then_explicit_legacy_attribution" computerName="LUCYSPOWER" duration="00:00:00.0106107" startTime="2026-08-31T10:41:12.4149583-04:00" endTime="2026-08-31T10:41:12.4254903-04:00" testType="13cdc9d9-ddb5-4fa4-a97d-d965ccfc6d4b" outcome="Passed" testListId="8c84fa94-04c1-424b-9868-57a2d4851a1d" relativeResultsDirectory="29203c8b-3e07-40ff-bd43-2e8aee1207ea" />
    <UnitTestResult executionId="f9e5fa12-ea4a-41a5-8c0a-efd6a025837f" testId="8271ca6e-0bca-336b-d0d7-b7be2e7cb9be" testName="CanDoItAll.Tests.Unit.AgentFramework.FileSandboxWorkspaceChatProjectionStoreTests.Legacy_chat_index_is_upgraded_only_by_first_reporting_query_and_then_served_from_index" computerName="LUCYSPOWER" duration="00:00:00.1801318" startTime="2026-08-31T10:41:11.3199982-04:00" endTime="2026-08-31T10:41:11.4997385-04:00" testType="13cdc9d9-ddb5-4fa4-a97d-d965ccfc6d4b" outcome="Passed" testListId="8c84fa94-04c1-424b-9868-57a2d4851a1d" relativeResultsDirectory="f9e5fa12-ea4a-41a5-8c0a-efd6a025837f" />
    <UnitTestResult executionId="281153f5-7b03-4a0c-9d19-c595d15a27ce" testId="1696be87-ac8f-d8ef-4058-1d123e448e18" testName="CanDoItAll.Tests.Unit.AgentFramework.FileSandboxWorkspaceChatProjectionStoreTests.Reporting_query_uses_activity_time_for_window_order_and_trend" computerName="LUCYSPOWER" duration="00:00:00.0213394" startTime="2026-08-31T10:41:08.5785521-04:00" endTime="2026-08-31T10:41:08.5786295-04:00" testType="13cdc9d9-ddb5-4fa4-a97d-d965ccfc6d4b" outcome="Passed" testListId="8c84fa94-04c1-424b-9868-57a2d4851a1d" relativeResultsDirectory="281153f5-7b03-4a0c-9d19-c595d15a27ce" />
    <UnitTestResult executionId="4a13cbfd-9cbe-47f2-bfbd-2c257b3458fb" testId="e9835f45-6e60-655c-91a1-daf0fc713a49" testName="CanDoItAll.Tests.Unit.AgentFramework.FileSandboxWorkspaceChatProjectionStoreTests.Missing_chat_index_is_rebuilt_once_from_canonical_records_and_persisted" computerName="LUCYSPOWER" duration="00:00:00.7319795" startTime="2026-08-31T10:41:08.8906972-04:00" endTime="2026-08-31T10:41:09.6231721-04:00" testType="13cdc9d9-ddb5-4fa4-a97d-d965ccfc6d4b" outcome="Passed" testListId="8c84fa94-04c1-424b-9868-57a2d4851a1d" relativeResultsDirectory="4a13cbfd-9cbe-47f2-bfbd-2c257b3458fb" />
    <UnitTestResult executionId="08554b81-d869-480d-b117-18a35c58127b" testId="8b4156be-c157-537a-5230-31566872d1fc" testName="CanDoItAll.Tests.Unit.AgentFramework.FileSandboxWorkspaceChatProjectionStoreTests.Reporting_query_rebuilds_a_stale_chat_index_before_filtering" computerName="LUCYSPOWER" duration="00:00:00.1221058" startTime="2026-08-31T10:41:12.2924232-04:00" endTime="2026-08-31T10:41:12.4147412-04:00" testType="13cdc9d9-ddb5-4fa4-a97d-d965ccfc6d4b" outcome="Passed" testListId="8c84fa94-04c1-424b-9868-57a2d4851a1d" relativeResultsDirectory="08554b81-d869-480d-b117-18a35c58127b" />
    <UnitTestResult executionId="4dd90617-dd84-4dba-adc0-bd706580fb68" testId="495b7789-adc5-991d-517a-e4a068eb9e2e" testName="CanDoItAll.Tests.Unit.AgentFramework.FileSandboxWorkspaceChatProjectionStoreTests.Workspace_projection_reads_sessions_and_runs_for_one_agent_from_one_index_snapshot" computerName="LUCYSPOWER" duration="00:00:00.0254253" startTime="2026-08-31T10:41:09.7346875-04:00" endTime="2026-08-31T10:41:09.7603283-04:00" testType="13cdc9d9-ddb5-4fa4-a97d-d965ccfc6d4b" outcome="Passed" testListId="8c84fa94-04c1-424b-9868-57a2d4851a1d" relativeResultsDirectory="4dd90617-dd84-4dba-adc0-bd706580fb68" />
    <UnitTestResult executionId="32067ecb-3db4-46ba-a0d2-ad98492fda58" testId="44c74eec-3916-f087-61d1-cfa21b2fd320" testName="CanDoItAll.Tests.Unit.AgentFramework.FileSandboxWorkspaceChatProjectionStoreTests.Active_run_index_is_state_based_and_remains_delta_stable_across_old_run_updates" computerName="LUCYSPOWER" duration="00:00:00.7920663" startTime="2026-08-31T10:41:11.4999549-04:00" endTime="2026-08-31T10:41:12.2922003-04:00" testType="13cdc9d9-ddb5-4fa4-a97d-d965ccfc6d4b" outcome="Passed" testListId="8c84fa94-04c1-424b-9868-57a2d4851a1d" relativeResultsDirectory="32067ecb-3db4-46ba-a0d2-ad98492fda58" />
    <UnitTestResult executionId="5734a862-5140-46de-9405-3c063c78a3a3" testId="7ad5be22-e645-4d28-3f99-d1c0ada1ec79" testName="CanDoItAll.Tests.Unit.AgentFramework.FileSandboxWorkspaceChatProjectionStoreTests.Reporting_query_rejects_invalid_page_bounds(pageIndex: 2147483647, pageSize: 100)" computerName="LUCYSPOWER" duration="00:00:00.0356290" startTime="2026-08-31T10:41:08.7551820-04:00" endTime="2026-08-31T10:41:08.7910525-04:00" testType="13cdc9d9-ddb5-4fa4-a97d-d965ccfc6d4b" outcome="Passed" testListId="8c84fa94-04c1-424b-9868-57a2d4851a1d" relativeResultsDirectory="5734a862-5140-46de-9405-3c063c78a3a3" />
    <UnitTestResult executionId="46df743b-b844-442c-8d9e-a85ec5fe93d5" testId="276b631a-0a6e-259e-61dc-9c89949a18d5" testName="CanDoItAll.Tests.Unit.AgentFramework.FileSandboxWorkspaceChatProjectionStoreTests.Saving_run_detail_persists_enriched_reporting_fields_without_double_counting_cost" computerName="LUCYSPOWER" duration="00:00:00.0562282" startTime="2026-08-31T10:41:09.6780078-04:00" endTime="2026-08-31T10:41:09.7345330-04:00" testType="13cdc9d9-ddb5-4fa4-a97d-d965ccfc6d4b" outcome="Passed" testListId="8c84fa94-04c1-424b-9868-57a2d4851a1d" relativeResultsDirectory="46df743b-b844-442c-8d9e-a85ec5fe93d5" />
    <UnitTestResult executionId="879cb22d-12a1-409b-b697-7520858dbba4" testId="18ef3da3-0435-be32-1c5b-3b3c25e79463" testName="CanDoItAll.Tests.Unit.AgentFramework.FileSandboxWorkspaceChatProjectionStoreTests.Execution_summary_rebuilds_and_persists_missing_index_without_loading_chat_projection" computerName="LUCYSPOWER" duration="00:00:00.3834424" startTime="2026-08-31T10:41:08.1624614-04:00" endTime="2026-08-31T10:41:08.5552344-04:00" testType="13cdc9d9-ddb5-4fa4-a97d-d965ccfc6d4b" outcome="Passed" testListId="8c84fa94-04c1-424b-9868-57a2d4851a1d" relativeResultsDirectory="879cb22d-12a1-409b-b697-7520858dbba4" />
    <UnitTestResult executionId="02d06f2a-c293-4791-aff3-f4709d0f060c" testId="e44149f6-72d1-c4a8-69f8-ce2796cb1d1e" testName="CanDoItAll.Tests.Unit.AgentFramework.FileSandboxWorkspaceChatProjectionStoreTests.Reporting_totals_exclude_process_runs_and_daily_cost_trend_is_bounded" computerName="LUCYSPOWER" duration="00:00:00.0660113" startTime="2026-08-31T10:41:12.5018864-04:00" endTime="2026-08-31T10:41:12.5678800-04:00" testType="13cdc9d9-ddb5-4fa4-a97d-d965ccfc6d4b" outcome="Passed" testListId="8c84fa94-04c1-424b-9868-57a2d4851a1d" relativeResultsDirectory="02d06f2a-c293-4791-aff3-f4709d0f060c" />
    <UnitTestResult executionId="ceb3903d-b6fd-4ed1-82b7-b324ad77ebe8" testId="dd640a7d-1fc8-d0fe-e6c5-ab875f7c2b6f" testName="CanDoItAll.Tests.Unit.AgentFramework.FileSandboxWorkspaceChatProjectionStoreTests.Reporting_query_applies_plural_failure_state_and_outcome_filters" computerName="LUCYSPOWER" duration="00:00:00.0467033" startTime="2026-08-31T10:41:12.4544030-04:00" endTime="2026-08-31T10:41:12.5014885-04:00" testType="13cdc9d9-ddb5-4fa4-a97d-d965ccfc6d4b" outcome="Passed" testListId="8c84fa94-04c1-424b-9868-57a2d4851a1d" relativeResultsDirectory="ceb3903d-b6fd-4ed1-82b7-b324ad77ebe8" />
    <UnitTestResult executionId="51ac9d1b-8616-4149-b0d1-f53c8f4fcb10" testId="fe9d999c-f368-210f-5a1c-12d10d8b78b6" testName="CanDoItAll.Tests.Unit.AgentFramework.FileSandboxWorkspaceChatProjectionStoreTests.Reporting_query_filters_with_the_same_normalized_status_used_by_manager_views" computerName="LUCYSPOWER" duration="00:00:00.0520127" startTime="2026-08-31T10:41:08.7027676-04:00" endTime="2026-08-31T10:41:08.7550137-04:00" testType="13cdc9d9-ddb5-4fa4-a97d-d965ccfc6d4b" outcome="Passed" testListId="8c84fa94-04c1-424b-9868-57a2d4851a1d" relativeResultsDirectory="51ac9d1b-8616-4149-b0d1-f53c8f4fcb10" />
    <UnitTestResult executionId="e9e788f8-b030-45d1-9e5e-37de6cf4f19c" testId="cf99b0a2-0f11-9063-3b73-6d2685c98673" testName="CanDoItAll.Tests.Unit.AgentFramework.FileSandboxWorkspaceChatProjectionStoreTests.Reporting_query_filters_project_runs_pages_and_aggregates_from_current_index_only" computerName="LUCYSPOWER" duration="00:00:00.0541617" startTime="2026-08-31T10:41:09.6289957-04:00" endTime="2026-08-31T10:41:09.6778443-04:00" testType="13cdc9d9-ddb5-4fa4-a97d-d965ccfc6d4b" outcome="Passed" testListId="8c84fa94-04c1-424b-9868-57a2d4851a1d" relativeResultsDirectory="e9e788f8-b030-45d1-9e5e-37de6cf4f19c" />
    <UnitTestResult executionId="362b123c-60ff-4f8c-b647-6652bd0d254b" testId="c1040c1b-73d8-21c9-7380-7bbe3d78ca91" testName="CanDoItAll.Tests.Unit.AgentFramework.FileSandboxWorkspaceChatProjectionStoreTests.Reporting_query_rejects_invalid_page_bounds(pageIndex: 0, pageSize: 101)" computerName="LUCYSPOWER" duration="00:00:00.0276223" startTime="2026-08-31T10:41:08.8171292-04:00" endTime="2026-08-31T10:41:08.8450067-04:00" testType="13cdc9d9-ddb5-4fa4-a97d-d965ccfc6d4b" outcome="Passed" testListId="8c84fa94-04c1-424b-9868-57a2d4851a1d" relativeResultsDirectory="362b123c-60ff-4f8c-b647-6652bd0d254b" />
    <UnitTestResult executionId="23f9744a-5e4d-419e-87b0-257fde2f4423" testId="0b1f5290-1424-e396-7264-320818119fd1" testName="CanDoItAll.Tests.Unit.AgentFramework.FileSandboxWorkspaceChatProjectionStoreTests.Cancelled_legacy_reporting_upgrade_does_not_publish_partial_checkpoints" computerName="LUCYSPOWER" duration="00:00:01.5583603" startTime="2026-08-31T10:41:09.7604740-04:00" endTime="2026-08-31T10:41:11.3192152-04:00" testType="13cdc9d9-ddb5-4fa4-a97d-d965ccfc6d4b" outcome="Passed" testListId="8c84fa94-04c1-424b-9868-57a2d4851a1d" relativeResultsDirectory="23f9744a-5e4d-419e-87b0-257fde2f4423" />
    <UnitTestResult executionId="91f6a5c3-961c-4a9e-bd6a-864904018807" testId="c5996dbf-9517-cb6f-fad3-9b29bc46df71" testName="CanDoItAll.Tests.Unit.AgentFramework.FileSandboxWorkspaceChatProjectionStoreTests.Reporting_query_rejects_blank_source_filters_instead_of_broadening_scope" computerName="LUCYSPOWER" duration="00:00:00.0282361" startTime="2026-08-31T10:41:12.4257065-04:00" endTime="2026-08-31T10:41:12.4541705-04:00" testType="13cdc9d9-ddb5-4fa4-a97d-d965ccfc6d4b" outcome="Passed" testListId="8c84fa94-04c1-424b-9868-57a2d4851a1d" relativeResultsDirectory="91f6a5c3-961c-4a9e-bd6a-864904018807" />
    <UnitTestResult executionId="2ef745a0-c07b-4222-a688-aef5a15e273c" testId="a789f65f-f532-dabb-57a1-51a7d3c504cc" testName="CanDoItAll.Tests.Unit.AgentFramework.FileSandboxWorkspaceChatProjectionStoreTests.Legacy_reporting_upgrade_does_not_overwrite_a_concurrent_index_change" computerName="LUCYSPOWER" duration="00:00:00.1237473" startTime="2026-08-31T10:41:08.5792960-04:00" endTime="2026-08-31T10:41:08.7025143-04:00" testType="13cdc9d9-ddb5-4fa4-a97d-d965ccfc6d4b" outcome="Passed" testListId="8c84fa94-04c1-424b-9868-57a2d4851a1d" relativeResultsDirectory="2ef745a0-c07b-4222-a688-aef5a15e273c" />
    <UnitTestResult executionId="f8e0d55f-b6e4-4061-b214-c3d9d7815225" testId="679e790b-20a0-c0ec-1d13-16072557c4ea" testName="CanDoItAll.Tests.Unit.AgentFramework.FileSandboxWorkspaceChatProjectionStoreTests.Reporting_query_rejects_invalid_page_bounds(pageIndex: -1, pageSize: 25)" computerName="LUCYSPOWER" duration="00:00:00.0255844" startTime="2026-08-31T10:41:08.7911962-04:00" endTime="2026-08-31T10:41:08.8169926-04:00" testType="13cdc9d9-ddb5-4fa4-a97d-d965ccfc6d4b" outcome="Passed" testListId="8c84fa94-04c1-424b-9868-57a2d4851a1d" relativeResultsDirectory="f8e0d55f-b6e4-4061-b214-c3d9d7815225" />
  </Results>
  <TestDefinitions>
    <UnitTest name="CanDoItAll.Tests.Unit.AgentFramework.FileSandboxWorkspaceChatProjectionStoreTests.Reporting_totals_exclude_process_runs_and_daily_cost_trend_is_bounded" storage="c:\repositories\candoitall\.artifacts\agent-startup-performance\sb01-tests\bin\candoitall.tests.unit\release\candoitall.tests.unit.dll" id="e44149f6-72d1-c4a8-69f8-ce2796cb1d1e">
      <Execution id="02d06f2a-c293-4791-aff3-f4709d0f060c" />
      <TestMethod codeBase="C:\repositories\CanDoItAll\.artifacts\agent-startup-performance\sb01-tests\bin\CanDoItAll.Tests.Unit\release\CanDoItAll.Tests.Unit.dll" adapterTypeName="executor://xunit/VsTestRunner3/netcore/" className="CanDoItAll.Tests.Unit.AgentFramework.FileSandboxWorkspaceChatProjectionStoreTests" name="Reporting_totals_exclude_process_runs_and_daily_cost_trend_is_bounded" />
    </UnitTest>
    <UnitTest name="CanDoItAll.Tests.Unit.AgentFramework.FileSandboxWorkspaceChatProjectionStoreTests.Workspace_projection_reads_sessions_and_runs_for_one_agent_from_one_index_snapshot" storage="c:\repositories\candoitall\.artifacts\agent-startup-performance\sb01-tests\bin\candoitall.tests.unit\release\candoitall.tests.unit.dll" id="495b7789-adc5-991d-517a-e4a068eb9e2e">
      <Execution id="4dd90617-dd84-4dba-adc0-bd706580fb68" />
      <TestMethod codeBase="C:\repositories\CanDoItAll\.artifacts\agent-startup-performance\sb01-tests\bin\CanDoItAll.Tests.Unit\release\CanDoItAll.Tests.Unit.dll" adapterTypeName="executor://xunit/VsTestRunner3/netcore/" className="CanDoItAll.Tests.Unit.AgentFramework.FileSandboxWorkspaceChatProjectionStoreTests" name="Workspace_projection_reads_sessions_and_runs_for_one_agent_from_one_index_snapshot" />
    </UnitTest>
    <UnitTest name="CanDoItAll.Tests.Unit.AgentFramework.FileSandboxWorkspaceChatProjectionStoreTests.Reporting_query_rejects_blank_source_filters_instead_of_broadening_scope" storage="c:\repositories\candoitall\.artifacts\agent-startup-performance\sb01-tests\bin\candoitall.tests.unit\release\candoitall.tests.unit.dll" id="c5996dbf-9517-cb6f-fad3-9b29bc46df71">
      <Execution id="91f6a5c3-961c-4a9e-bd6a-864904018807" />
      <TestMethod codeBase="C:\repositories\CanDoItAll\.artifacts\agent-startup-performance\sb01-tests\bin\CanDoItAll.Tests.Unit\release\CanDoItAll.Tests.Unit.dll" adapterTypeName="executor://xunit/VsTestRunner3/netcore/" className="CanDoItAll.Tests.Unit.AgentFramework.FileSandboxWorkspaceChatProjectionStoreTests" name="Reporting_query_rejects_blank_source_filters_instead_of_broadening_scope" />
    </UnitTest>
    <UnitTest name="CanDoItAll.Tests.Unit.AgentFramework.FileSandboxWorkspaceChatProjectionStoreTests.Active_run_index_is_state_based_and_remains_delta_stable_across_old_run_updates" storage="c:\repositories\candoitall\.artifacts\agent-startup-performance\sb01-tests\bin\candoitall.tests.unit\release\candoitall.tests.unit.dll" id="44c74eec-3916-f087-61d1-cfa21b2fd320">
      <Execution id="32067ecb-3db4-46ba-a0d2-ad98492fda58" />
      <TestMethod codeBase="C:\repositories\CanDoItAll\.artifacts\agent-startup-performance\sb01-tests\bin\CanDoItAll.Tests.Unit\release\CanDoItAll.Tests.Unit.dll" adapterTypeName="executor://xunit/VsTestRunner3/netcore/" className="CanDoItAll.Tests.Unit.AgentFramework.FileSandboxWorkspaceChatProjectionStoreTests" name="Active_run_index_is_state_based_and_remains_delta_stable_across_old_run_updates" />
    </UnitTest>
    <UnitTest name="CanDoItAll.Tests.Unit.AgentFramework.FileSandboxWorkspaceChatProjectionStoreTests.Missing_chat_index_is_rebuilt_once_from_canonical_records_and_persisted" storage="c:\repositories\candoitall\.artifacts\agent-startup-performance\sb01-tests\bin\candoitall.tests.unit\release\candoitall.tests.unit.dll" id="e9835f45-6e60-655c-91a1-daf0fc713a49">
      <Execution id="4a13cbfd-9cbe-47f2-bfbd-2c257b3458fb" />
      <TestMethod codeBase="C:\repositories\CanDoItAll\.artifacts\agent-startup-performance\sb01-tests\bin\CanDoItAll.Tests.Unit\release\CanDoItAll.Tests.Unit.dll" adapterTypeName="executor://xunit/VsTestRunner3/netcore/" className="CanDoItAll.Tests.Unit.AgentFramework.FileSandboxWorkspaceChatProjectionStoreTests" name="Missing_chat_index_is_rebuilt_once_from_canonical_records_and_persisted" />
    </UnitTest>
    <UnitTest name="CanDoItAll.Tests.Unit.AgentFramework.FileSandboxWorkspaceChatProjectionStoreTests.Reporting_query_rebuilds_a_stale_chat_index_before_filtering" storage="c:\repositories\candoitall\.artifacts\agent-startup-performance\sb01-tests\bin\candoitall.tests.unit\release\candoitall.tests.unit.dll" id="8b4156be-c157-537a-5230-31566872d1fc">
      <Execution id="08554b81-d869-480d-b117-18a35c58127b" />
      <TestMethod codeBase="C:\repositories\CanDoItAll\.artifacts\agent-startup-performance\sb01-tests\bin\CanDoItAll.Tests.Unit\release\CanDoItAll.Tests.Unit.dll" adapterTypeName="executor://xunit/VsTestRunner3/netcore/" className="CanDoItAll.Tests.Unit.AgentFramework.FileSandboxWorkspaceChatProjectionStoreTests" name="Reporting_query_rebuilds_a_stale_chat_index_before_filtering" />
    </UnitTest>
    <UnitTest name="CanDoItAll.Tests.Unit.AgentFramework.FileSandboxWorkspaceChatProjectionStoreTests.Legacy_chat_index_is_upgraded_only_by_first_reporting_query_and_then_served_from_index" storage="c:\repositories\candoitall\.artifacts\agent-startup-performance\sb01-tests\bin\candoitall.tests.unit\release\candoitall.tests.unit.dll" id="8271ca6e-0bca-336b-d0d7-b7be2e7cb9be">
      <Execution id="f9e5fa12-ea4a-41a5-8c0a-efd6a025837f" />
      <TestMethod codeBase="C:\repositories\CanDoItAll\.artifacts\agent-startup-performance\sb01-tests\bin\CanDoItAll.Tests.Unit\release\CanDoItAll.Tests.Unit.dll" adapterTypeName="executor://xunit/VsTestRunner3/netcore/" className="CanDoItAll.Tests.Unit.AgentFramework.FileSandboxWorkspaceChatProjectionStoreTests" name="Legacy_chat_index_is_upgraded_only_by_first_reporting_query_and_then_served_from_index" />
    </UnitTest>
    <UnitTest name="CanDoItAll.Tests.Unit.AgentFramework.FileSandboxWorkspaceChatProjectionStoreTests.Reporting_query_rejects_invalid_page_bounds(pageIndex: -1, pageSize: 25)" storage="c:\repositories\candoitall\.artifacts\agent-startup-performance\sb01-tests\bin\candoitall.tests.unit\release\candoitall.tests.unit.dll" id="679e790b-20a0-c0ec-1d13-16072557c4ea">
      <Execution id="f8e0d55f-b6e4-4061-b214-c3d9d7815225" />
      <TestMethod codeBase="C:\repositories\CanDoItAll\.artifacts\agent-startup-performance\sb01-tests\bin\CanDoItAll.Tests.Unit\release\CanDoItAll.Tests.Unit.dll" adapterTypeName="executor://xunit/VsTestRunner3/netcore/" className="CanDoItAll.Tests.Unit.AgentFramework.FileSandboxWorkspaceChatProjectionStoreTests" name="Reporting_query_rejects_invalid_page_bounds" />
    </UnitTest>
    <UnitTest name="CanDoItAll.Tests.Unit.AgentFramework.FileSandboxWorkspaceChatProjectionStoreTests.Saving_run_detail_persists_enriched_reporting_fields_without_double_counting_cost" storage="c:\repositories\candoitall\.artifacts\agent-startup-performance\sb01-tests\bin\candoitall.tests.unit\release\candoitall.tests.unit.dll" id="276b631a-0a6e-259e-61dc-9c89949a18d5">
      <Execution id="46df743b-b844-442c-8d9e-a85ec5fe93d5" />
      <TestMethod codeBase="C:\repositories\CanDoItAll\.artifacts\agent-startup-performance\sb01-tests\bin\CanDoItAll.Tests.Unit\release\CanDoItAll.Tests.Unit.dll" adapterTypeName="executor://xunit/VsTestRunner3/netcore/" className="CanDoItAll.Tests.Unit.AgentFramework.FileSandboxWorkspaceChatProjectionStoreTests" name="Saving_run_detail_persists_enriched_reporting_fields_without_double_counting_cost" />
    </UnitTest>
    <UnitTest name="CanDoItAll.Tests.Unit.AgentFramework.FileSandboxWorkspaceChatProjectionStoreTests.Reporting_query_applies_plural_failure_state_and_outcome_filters" storage="c:\repositories\candoitall\.artifacts\agent-startup-performance\sb01-tests\bin\candoitall.tests.unit\release\candoitall.tests.unit.dll" id="dd640a7d-1fc8-d0fe-e6c5-ab875f7c2b6f">
      <Execution id="ceb3903d-b6fd-4ed1-82b7-b324ad77ebe8" />
      <TestMethod codeBase="C:\repositories\CanDoItAll\.artifacts\agent-startup-performance\sb01-tests\bin\CanDoItAll.Tests.Unit\release\CanDoItAll.Tests.Unit.dll" adapterTypeName="executor://xunit/VsTestRunner3/netcore/" className="CanDoItAll.Tests.Unit.AgentFramework.FileSandboxWorkspaceChatProjectionStoreTests" name="Reporting_query_applies_plural_failure_state_and_outcome_filters" />
    </UnitTest>
    <UnitTest name="CanDoItAll.Tests.Unit.AgentFramework.FileSandboxWorkspaceChatProjectionStoreTests.Reporting_projection_uses_recorded_scope_then_explicit_legacy_attribution" storage="c:\repositories\candoitall\.artifacts\agent-startup-performance\sb01-tests\bin\candoitall.tests.unit\release\candoitall.tests.unit.dll" id="780c5a07-06a9-0363-8f8e-4dfc4bc70842">
      <Execution id="29203c8b-3e07-40ff-bd43-2e8aee1207ea" />
      <TestMethod codeBase="C:\repositories\CanDoItAll\.artifacts\agent-startup-performance\sb01-tests\bin\CanDoItAll.Tests.Unit\release\CanDoItAll.Tests.Unit.dll" adapterTypeName="executor://xunit/VsTestRunner3/netcore/" className="CanDoItAll.Tests.Unit.AgentFramework.FileSandboxWorkspaceChatProjectionStoreTests" name="Reporting_projection_uses_recorded_scope_then_explicit_legacy_attribution" />
    </UnitTest>
    <UnitTest name="CanDoItAll.Tests.Unit.AgentFramework.FileSandboxWorkspaceChatProjectionStoreTests.Reporting_query_filters_project_runs_pages_and_aggregates_from_current_index_only" storage="c:\repositories\candoitall\.artifacts\agent-startup-performance\sb01-tests\bin\candoitall.tests.unit\release\candoitall.tests.unit.dll" id="cf99b0a2-0f11-9063-3b73-6d2685c98673">
      <Execution id="e9e788f8-b030-45d1-9e5e-37de6cf4f19c" />
      <TestMethod codeBase="C:\repositories\CanDoItAll\.artifacts\agent-startup-performance\sb01-tests\bin\CanDoItAll.Tests.Unit\release\CanDoItAll.Tests.Unit.dll" adapterTypeName="executor://xunit/VsTestRunner3/netcore/" className="CanDoItAll.Tests.Unit.AgentFramework.FileSandboxWorkspaceChatProjectionStoreTests" name="Reporting_query_filters_project_runs_pages_and_aggregates_from_current_index_only" />
    </UnitTest>
    <UnitTest name="CanDoItAll.Tests.Unit.AgentFramework.FileSandboxWorkspaceChatProjectionStoreTests.Cancelled_legacy_reporting_upgrade_does_not_publish_partial_checkpoints" storage="c:\repositories\candoitall\.artifacts\agent-startup-performance\sb01-tests\bin\candoitall.tests.unit\release\candoitall.tests.unit.dll" id="0b1f5290-1424-e396-7264-320818119fd1">
      <Execution id="23f9744a-5e4d-419e-87b0-257fde2f4423" />
      <TestMethod codeBase="C:\repositories\CanDoItAll\.artifacts\agent-startup-performance\sb01-tests\bin\CanDoItAll.Tests.Unit\release\CanDoItAll.Tests.Unit.dll" adapterTypeName="executor://xunit/VsTestRunner3/netcore/" className="CanDoItAll.Tests.Unit.AgentFramework.FileSandboxWorkspaceChatProjectionStoreTests" name="Cancelled_legacy_reporting_upgrade_does_not_publish_partial_checkpoints" />
    </UnitTest>
    <UnitTest name="CanDoItAll.Tests.Unit.AgentFramework.FileSandboxWorkspaceChatProjectionStoreTests.Reporting_query_rejects_invalid_page_bounds(pageIndex: 2147483647, pageSize: 100)" storage="c:\repositories\candoitall\.artifacts\agent-startup-performance\sb01-tests\bin\candoitall.tests.unit\release\candoitall.tests.unit.dll" id="7ad5be22-e645-4d28-3f99-d1c0ada1ec79">
      <Execution id="5734a862-5140-46de-9405-3c063c78a3a3" />
      <TestMethod codeBase="C:\repositories\CanDoItAll\.artifacts\agent-startup-performance\sb01-tests\bin\CanDoItAll.Tests.Unit\release\CanDoItAll.Tests.Unit.dll" adapterTypeName="executor://xunit/VsTestRunner3/netcore/" className="CanDoItAll.Tests.Unit.AgentFramework.FileSandboxWorkspaceChatProjectionStoreTests" name="Reporting_query_rejects_invalid_page_bounds" />
    </UnitTest>
    <UnitTest name="CanDoItAll.Tests.Unit.AgentFramework.FileSandboxWorkspaceChatProjectionStoreTests.Reporting_query_rejects_invalid_page_bounds(pageIndex: 0, pageSize: 0)" storage="c:\repositories\candoitall\.artifacts\agent-startup-performance\sb01-tests\bin\candoitall.tests.unit\release\candoitall.tests.unit.dll" id="ec66a6cb-d93d-5ad6-13a8-7448d0b124e5">
      <Execution id="720e754c-d928-47ab-bb8d-6d500404d5f3" />
      <TestMethod codeBase="C:\repositories\CanDoItAll\.artifacts\agent-startup-performance\sb01-tests\bin\CanDoItAll.Tests.Unit\release\CanDoItAll.Tests.Unit.dll" adapterTypeName="executor://xunit/VsTestRunner3/netcore/" className="CanDoItAll.Tests.Unit.AgentFramework.FileSandboxWorkspaceChatProjectionStoreTests" name="Reporting_query_rejects_invalid_page_bounds" />
    </UnitTest>
    <UnitTest name="CanDoItAll.Tests.Unit.AgentFramework.FileSandboxWorkspaceChatProjectionStoreTests.Reporting_query_filters_with_the_same_normalized_status_used_by_manager_views" storage="c:\repositories\candoitall\.artifacts\agent-startup-performance\sb01-tests\bin\candoitall.tests.unit\release\candoitall.tests.unit.dll" id="fe9d999c-f368-210f-5a1c-12d10d8b78b6">
      <Execution id="51ac9d1b-8616-4149-b0d1-f53c8f4fcb10" />
      <TestMethod codeBase="C:\repositories\CanDoItAll\.artifacts\agent-startup-performance\sb01-tests\bin\CanDoItAll.Tests.Unit\release\CanDoItAll.Tests.Unit.dll" adapterTypeName="executor://xunit/VsTestRunner3/netcore/" className="CanDoItAll.Tests.Unit.AgentFramework.FileSandboxWorkspaceChatProjectionStoreTests" name="Reporting_query_filters_with_the_same_normalized_status_used_by_manager_views" />
    </UnitTest>
    <UnitTest name="CanDoItAll.Tests.Unit.AgentFramework.FileSandboxWorkspaceChatProjectionStoreTests.Legacy_reporting_upgrade_does_not_overwrite_a_concurrent_index_change" storage="c:\repositories\candoitall\.artifacts\agent-startup-performance\sb01-tests\bin\candoitall.tests.unit\release\candoitall.tests.unit.dll" id="a789f65f-f532-dabb-57a1-51a7d3c504cc">
      <Execution id="2ef745a0-c07b-4222-a688-aef5a15e273c" />
      <TestMethod codeBase="C:\repositories\CanDoItAll\.artifacts\agent-startup-performance\sb01-tests\bin\CanDoItAll.Tests.Unit\release\CanDoItAll.Tests.Unit.dll" adapterTypeName="executor://xunit/VsTestRunner3/netcore/" className="CanDoItAll.Tests.Unit.AgentFramework.FileSandboxWorkspaceChatProjectionStoreTests" name="Legacy_reporting_upgrade_does_not_overwrite_a_concurrent_index_change" />
    </UnitTest>
    <UnitTest name="CanDoItAll.Tests.Unit.AgentFramework.FileSandboxWorkspaceChatProjectionStoreTests.Reporting_query_uses_activity_time_for_window_order_and_trend" storage="c:\repositories\candoitall\.artifacts\agent-startup-performance\sb01-tests\bin\candoitall.tests.unit\release\candoitall.tests.unit.dll" id="1696be87-ac8f-d8ef-4058-1d123e448e18">
      <Execution id="281153f5-7b03-4a0c-9d19-c595d15a27ce" />
      <TestMethod codeBase="C:\repositories\CanDoItAll\.artifacts\agent-startup-performance\sb01-tests\bin\CanDoItAll.Tests.Unit\release\CanDoItAll.Tests.Unit.dll" adapterTypeName="executor://xunit/VsTestRunner3/netcore/" className="CanDoItAll.Tests.Unit.AgentFramework.FileSandboxWorkspaceChatProjectionStoreTests" name="Reporting_query_uses_activity_time_for_window_order_and_trend" />
    </UnitTest>
    <UnitTest name="CanDoItAll.Tests.Unit.AgentFramework.FileSandboxWorkspaceChatProjectionStoreTests.Reporting_query_rejects_invalid_page_bounds(pageIndex: 0, pageSize: 101)" storage="c:\repositories\candoitall\.artifacts\agent-startup-performance\sb01-tests\bin\candoitall.tests.unit\release\candoitall.tests.unit.dll" id="c1040c1b-73d8-21c9-7380-7bbe3d78ca91">
      <Execution id="362b123c-60ff-4f8c-b647-6652bd0d254b" />
      <TestMethod codeBase="C:\repositories\CanDoItAll\.artifacts\agent-startup-performance\sb01-tests\bin\CanDoItAll.Tests.Unit\release\CanDoItAll.Tests.Unit.dll" adapterTypeName="executor://xunit/VsTestRunner3/netcore/" className="CanDoItAll.Tests.Unit.AgentFramework.FileSandboxWorkspaceChatProjectionStoreTests" name="Reporting_query_rejects_invalid_page_bounds" />
    </UnitTest>
    <UnitTest name="CanDoItAll.Tests.Unit.AgentFramework.FileSandboxWorkspaceChatProjectionStoreTests.Execution_summary_rebuilds_and_persists_missing_index_without_loading_chat_projection" storage="c:\repositories\candoitall\.artifacts\agent-startup-performance\sb01-tests\bin\candoitall.tests.unit\release\candoitall.tests.unit.dll" id="18ef3da3-0435-be32-1c5b-3b3c25e79463">
      <Execution id="879cb22d-12a1-409b-b697-7520858dbba4" />
      <TestMethod codeBase="C:\repositories\CanDoItAll\.artifacts\agent-startup-performance\sb01-tests\bin\CanDoItAll.Tests.Unit\release\CanDoItAll.Tests.Unit.dll" adapterTypeName="executor://xunit/VsTestRunner3/netcore/" className="CanDoItAll.Tests.Unit.AgentFramework.FileSandboxWorkspaceChatProjectionStoreTests" name="Execution_summary_rebuilds_and_persists_missing_index_without_loading_chat_projection" />
    </UnitTest>
  </TestDefinitions>
  <TestEntries>
    <TestEntry testId="ec66a6cb-d93d-5ad6-13a8-7448d0b124e5" executionId="720e754c-d928-47ab-bb8d-6d500404d5f3" testListId="8c84fa94-04c1-424b-9868-57a2d4851a1d" />
    <TestEntry testId="780c5a07-06a9-0363-8f8e-4dfc4bc70842" executionId="29203c8b-3e07-40ff-bd43-2e8aee1207ea" testListId="8c84fa94-04c1-424b-9868-57a2d4851a1d" />
    <TestEntry testId="8271ca6e-0bca-336b-d0d7-b7be2e7cb9be" executionId="f9e5fa12-ea4a-41a5-8c0a-efd6a025837f" testListId="8c84fa94-04c1-424b-9868-57a2d4851a1d" />
    <TestEntry testId="1696be87-ac8f-d8ef-4058-1d123e448e18" executionId="281153f5-7b03-4a0c-9d19-c595d15a27ce" testListId="8c84fa94-04c1-424b-9868-57a2d4851a1d" />
    <TestEntry testId="e9835f45-6e60-655c-91a1-daf0fc713a49" executionId="4a13cbfd-9cbe-47f2-bfbd-2c257b3458fb" testListId="8c84fa94-04c1-424b-9868-57a2d4851a1d" />
    <TestEntry testId="8b4156be-c157-537a-5230-31566872d1fc" executionId="08554b81-d869-480d-b117-18a35c58127b" testListId="8c84fa94-04c1-424b-9868-57a2d4851a1d" />
    <TestEntry testId="495b7789-adc5-991d-517a-e4a068eb9e2e" executionId="4dd90617-dd84-4dba-adc0-bd706580fb68" testListId="8c84fa94-04c1-424b-9868-57a2d4851a1d" />
    <TestEntry testId="44c74eec-3916-f087-61d1-cfa21b2fd320" executionId="32067ecb-3db4-46ba-a0d2-ad98492fda58" testListId="8c84fa94-04c1-424b-9868-57a2d4851a1d" />
    <TestEntry testId="7ad5be22-e645-4d28-3f99-d1c0ada1ec79" executionId="5734a862-5140-46de-9405-3c063c78a3a3" testListId="8c84fa94-04c1-424b-9868-57a2d4851a1d" />
    <TestEntry testId="276b631a-0a6e-259e-61dc-9c89949a18d5" executionId="46df743b-b844-442c-8d9e-a85ec5fe93d5" testListId="8c84fa94-04c1-424b-9868-57a2d4851a1d" />
    <TestEntry testId="18ef3da3-0435-be32-1c5b-3b3c25e79463" executionId="879cb22d-12a1-409b-b697-7520858dbba4" testListId="8c84fa94-04c1-424b-9868-57a2d4851a1d" />
    <TestEntry testId="e44149f6-72d1-c4a8-69f8-ce2796cb1d1e" executionId="02d06f2a-c293-4791-aff3-f4709d0f060c" testListId="8c84fa94-04c1-424b-9868-57a2d4851a1d" />
    <TestEntry testId="dd640a7d-1fc8-d0fe-e6c5-ab875f7c2b6f" executionId="ceb3903d-b6fd-4ed1-82b7-b324ad77ebe8" testListId="8c84fa94-04c1-424b-9868-57a2d4851a1d" />
    <TestEntry testId="fe9d999c-f368-210f-5a1c-12d10d8b78b6" executionId="51ac9d1b-8616-4149-b0d1-f53c8f4fcb10" testListId="8c84fa94-04c1-424b-9868-57a2d4851a1d" />
    <TestEntry testId="cf99b0a2-0f11-9063-3b73-6d2685c98673" executionId="e9e788f8-b030-45d1-9e5e-37de6cf4f19c" testListId="8c84fa94-04c1-424b-9868-57a2d4851a1d" />
    <TestEntry testId="c1040c1b-73d8-21c9-7380-7bbe3d78ca91" executionId="362b123c-60ff-4f8c-b647-6652bd0d254b" testListId="8c84fa94-04c1-424b-9868-57a2d4851a1d" />
    <TestEntry testId="0b1f5290-1424-e396-7264-320818119fd1" executionId="23f9744a-5e4d-419e-87b0-257fde2f4423" testListId="8c84fa94-04c1-424b-9868-57a2d4851a1d" />
    <TestEntry testId="c5996dbf-9517-cb6f-fad3-9b29bc46df71" executionId="91f6a5c3-961c-4a9e-bd6a-864904018807" testListId="8c84fa94-04c1-424b-9868-57a2d4851a1d" />
    <TestEntry testId="a789f65f-f532-dabb-57a1-51a7d3c504cc" executionId="2ef745a0-c07b-4222-a688-aef5a15e273c" testListId="8c84fa94-04c1-424b-9868-57a2d4851a1d" />
    <TestEntry testId="679e790b-20a0-c0ec-1d13-16072557c4ea" executionId="f8e0d55f-b6e4-4061-b214-c3d9d7815225" testListId="8c84fa94-04c1-424b-9868-57a2d4851a1d" />
  </TestEntries>
  <TestLists>
    <TestList name="Výsledky neuvedené v seznamu" id="8c84fa94-04c1-424b-9868-57a2d4851a1d" />
    <TestList name="Všechny načtené výsledky" id="19431567-8539-422a-85d7-44ee4e166bda" />
  </TestLists>
  <ResultSummary outcome="Completed">
    <Counters total="20" executed="20" passed="20" failed="0" error="0" timeout="0" aborted="0" inconclusive="0" passedButRunAborted="0" notRunnable="0" notExecuted="0" disconnected="0" warning="0" completed="0" inProgress="0" pending="0" />
    <Output>
      <StdOut>[xUnit.net 00:00:00.00] xUnit.net VSTest Adapter v3.1.4+50e68bbb8b (64-bit .NET 10.0.11)&#xD;
[xUnit.net 00:00:00.30]   Discovering: CanDoItAll.Tests.Unit&#xD;
[xUnit.net 00:00:01.00]   Discovered:  CanDoItAll.Tests.Unit&#xD;
[xUnit.net 00:00:01.04]   Starting:    CanDoItAll.Tests.Unit&#xD;
[xUnit.net 00:00:05.47]   Finished:    CanDoItAll.Tests.Unit&#xD;
</StdOut>
    </Output>
  </ResultSummary>
</TestRun>