<?xml version="1.0" encoding="utf-8"?>
<TestRun id="a49cf682-4edf-4024-8036-fdfc572677d3" name="lucys@LUCYSPOWER 2026-08-31 10:03:11" runUser="LUCYSPOWER\lucys" xmlns="http://microsoft.com/schemas/VisualStudio/TeamTest/2010">
  <Times creation="2026-08-31T10:03:11.4241658-04:00" queuing="2026-08-31T10:03:11.4241663-04:00" start="2026-08-31T10:02:58.1415764-04:00" finish="2026-08-31T10:04:59.2870489-04:00" />
  <TestSettings name="default" id="29d24273-e300-469a-8640-9bcf52988860">
    <Deployment runDeploymentRoot="lucys_LUCYSPOWER_2026-08-31_10_03_11" />
  </TestSettings>
  <Results>
    <UnitTestResult executionId="3807582a-0339-44f1-9c6e-1ea1361cb429" testId="0aed463d-4c60-4b30-e3ec-4f70d96a83ef" testName="CanDoItAll.Tests.Integration.Runtime.FileSandboxWorkspaceExistingRunUpdateRecoveryIntegrationTests.UpdateExecutionRunDetailAsync_FailureAfterCommitBoundary_RollsForwardContinuationExactlyOnce(failureStageValue: 7)" computerName="LUCYSPOWER" duration="00:00:01.5506930" startTime="2026-08-31T10:03:55.2102776-04:00" endTime="2026-08-31T10:03:56.7612704-04:00" testType="13cdc9d9-ddb5-4fa4-a97d-d965ccfc6d4b" outcome="Passed" testListId="8c84fa94-04c1-424b-9868-57a2d4851a1d" relativeResultsDirectory="3807582a-0339-44f1-9c6e-1ea1361cb429" />
    <UnitTestResult executionId="d83d0b78-f2ee-4d15-956e-318e1e4ec4fa" testId="4b89fcaa-8c05-f82c-230f-178cdb387bf0" testName="CanDoItAll.Tests.Integration.Runtime.FileSandboxWorkspaceExistingRunUpdateRecoveryIntegrationTests.GetExecutionRunDetailAsync_CorruptPendingUpdateJournal_FailsExplicitlyAndRetainsJournal" computerName="LUCYSPOWER" duration="00:00:01.0150952" startTime="2026-08-31T10:03:49.4077103-04:00" endTime="2026-08-31T10:03:50.4232793-04:00" testType="13cdc9d9-ddb5-4fa4-a97d-d965ccfc6d4b" outcome="Passed" testListId="8c84fa94-04c1-424b-9868-57a2d4851a1d" relativeResultsDirectory="d83d0b78-f2ee-4d15-956e-318e1e4ec4fa" />
    <UnitTestResult executionId="b8fcf052-3c29-4294-80f0-429266cbde34" testId="c03fa9d6-c6ea-2aaa-34bb-9e2fc92edd83" testName="CanDoItAll.Tests.Integration.Runtime.FileSandboxWorkspaceStoreLockIntegrationTests.Competing_catalog_changes_publish_coherent_monotonic_snapshots" computerName="LUCYSPOWER" duration="00:00:01.3673205" startTime="2026-08-31T10:03:22.2247393-04:00" endTime="2026-08-31T10:03:23.5919920-04:00" testType="13cdc9d9-ddb5-4fa4-a97d-d965ccfc6d4b" outcome="Passed" testListId="8c84fa94-04c1-424b-9868-57a2d4851a1d" relativeResultsDirectory="b8fcf052-3c29-4294-80f0-429266cbde34" />
    <UnitTestResult executionId="7276a393-3e87-4c7b-bd89-c88fdf783533" testId="9209e22c-f35e-4a42-acbb-dde7ad72c46b" testName="CanDoItAll.Tests.Integration.Runtime.FileSandboxWorkspaceExistingRunUpdateRecoveryIntegrationTests.UpdateExecutionRunDetailAsync_FailureAfterCommitBoundary_RollsForwardContinuationExactlyOnce(failureStageValue: 1)" computerName="LUCYSPOWER" duration="00:00:01.4729182" startTime="2026-08-31T10:03:53.7367553-04:00" endTime="2026-08-31T10:03:55.2100829-04:00" testType="13cdc9d9-ddb5-4fa4-a97d-d965ccfc6d4b" outcome="Passed" testListId="8c84fa94-04c1-424b-9868-57a2d4851a1d" relativeResultsDirectory="7276a393-3e87-4c7b-bd89-c88fdf783533" />
    <UnitTestResult executionId="9f6da5a8-2d14-4ddb-be46-21ee5abae12b" testId="57b69257-15ba-2379-8c0d-f1511d42ce34" testName="CanDoItAll.Tests.Integration.Runtime.FileSandboxWorkspaceStoreLockIntegrationTests.Catalog_normalization_and_legacy_missing_revision_migrate_monotonically" computerName="LUCYSPOWER" duration="00:00:02.1816884" startTime="2026-08-31T10:03:20.0428182-04:00" endTime="2026-08-31T10:03:22.2241478-04:00" testType="13cdc9d9-ddb5-4fa4-a97d-d965ccfc6d4b" outcome="Passed" testListId="8c84fa94-04c1-424b-9868-57a2d4851a1d" relativeResultsDirectory="9f6da5a8-2d14-4ddb-be46-21ee5abae12b" />
    <UnitTestResult executionId="9f93c5a3-1349-4335-b42f-edf3bb4ef166" testId="2367ba50-4b97-f6d9-cc18-e3826748eb09" testName="CanDoItAll.Tests.Integration.Runtime.FileSandboxWorkspaceStoreLockIntegrationTests.GetExecutionRunDetailAsync_waits_for_workspace_lock_then_reads_initialized_run_detail" computerName="LUCYSPOWER" duration="00:00:04.1948825" startTime="2026-08-31T10:03:28.6139680-04:00" endTime="2026-08-31T10:03:32.8083141-04:00" testType="13cdc9d9-ddb5-4fa4-a97d-d965ccfc6d4b" outcome="Passed" testListId="8c84fa94-04c1-424b-9868-57a2d4851a1d" relativeResultsDirectory="9f93c5a3-1349-4335-b42f-edf3bb4ef166" />
    <UnitTestResult executionId="45652eaf-4e9d-4dea-92a1-bf197413cce6" testId="6f078b2e-56da-4127-fe58-a9e141a9969c" testName="CanDoItAll.Tests.Integration.Runtime.FileSandboxWorkspaceExistingRunUpdateRecoveryIntegrationTests.UpdateExecutionRunDetailAsync_CancellationBeforeJournal_PersistsNothing" computerName="LUCYSPOWER" duration="00:00:00.8671200" startTime="2026-08-31T10:04:58.3207934-04:00" endTime="2026-08-31T10:04:59.1879647-04:00" testType="13cdc9d9-ddb5-4fa4-a97d-d965ccfc6d4b" outcome="Passed" testListId="8c84fa94-04c1-424b-9868-57a2d4851a1d" relativeResultsDirectory="45652eaf-4e9d-4dea-92a1-bf197413cce6" />
    <UnitTestResult executionId="82c4d86a-6437-4be3-ad5c-92266fa1da05" testId="7092ea29-51f0-919e-3769-113e2cda9bf0" testName="CanDoItAll.Tests.Integration.Runtime.FileSandboxWorkspaceExistingRunUpdateRecoveryIntegrationTests.UpdateExecutionRunDetailAsync_FailureAfterCommitBoundary_RollsForwardContinuationExactlyOnce(failureStageValue: 4)" computerName="LUCYSPOWER" duration="00:00:08.4036025" startTime="2026-08-31T10:04:03.3181848-04:00" endTime="2026-08-31T10:04:11.7263631-04:00" testType="13cdc9d9-ddb5-4fa4-a97d-d965ccfc6d4b" outcome="Passed" testListId="8c84fa94-04c1-424b-9868-57a2d4851a1d" relativeResultsDirectory="82c4d86a-6437-4be3-ad5c-92266fa1da05" />
    <UnitTestResult executionId="ab8aa32a-5e9a-42f0-8da2-74ff9d7013bb" testId="1cfc88e5-8aa2-594e-5e03-f7f3607df413" testName="CanDoItAll.Tests.Integration.Runtime.FileSandboxWorkspaceStoreLockIntegrationTests.LoadCatalogAsync_reads_initialized_catalog_when_workspace_lock_is_held" computerName="LUCYSPOWER" duration="00:00:03.3669166" startTime="2026-08-31T10:03:42.2503311-04:00" endTime="2026-08-31T10:03:45.6177224-04:00" testType="13cdc9d9-ddb5-4fa4-a97d-d965ccfc6d4b" outcome="Passed" testListId="8c84fa94-04c1-424b-9868-57a2d4851a1d" relativeResultsDirectory="ab8aa32a-5e9a-42f0-8da2-74ff9d7013bb" />
    <UnitTestResult executionId="6859a969-0063-4ee2-b1cf-3a8172247f57" testId="63a9d45b-8511-8419-4cb9-c8a0209d0e88" testName="CanDoItAll.Tests.Integration.Runtime.FileSandboxWorkspaceStoreLockIntegrationTests.CreateChatSessionAsync_does_not_read_unrelated_run_file_when_chat_index_exists" computerName="LUCYSPOWER" duration="00:00:05.1436212" startTime="2026-08-31T10:03:14.8981798-04:00" endTime="2026-08-31T10:03:20.0419316-04:00" testType="13cdc9d9-ddb5-4fa4-a97d-d965ccfc6d4b" outcome="Passed" testListId="8c84fa94-04c1-424b-9868-57a2d4851a1d" relativeResultsDirectory="6859a969-0063-4ee2-b1cf-3a8172247f57" />
    <UnitTestResult executionId="338aaf57-7726-4914-befe-d6678b929725" testId="b26f1c07-36d7-eca8-e122-0099dbebc15a" testName="CanDoItAll.Tests.Integration.Runtime.FileSandboxWorkspaceStoreLockIntegrationTests.Atomic_chat_run_start_rejects_a_mutation_that_drops_session_history" computerName="LUCYSPOWER" duration="00:00:00.8852436" startTime="2026-08-31T10:03:23.5922067-04:00" endTime="2026-08-31T10:03:24.4780006-04:00" testType="13cdc9d9-ddb5-4fa4-a97d-d965ccfc6d4b" outcome="Passed" testListId="8c84fa94-04c1-424b-9868-57a2d4851a1d" relativeResultsDirectory="338aaf57-7726-4914-befe-d6678b929725" />
    <UnitTestResult executionId="40324f58-eb09-42af-b407-391e2d582d8b" testId="0543d331-5c9f-1371-e3a3-33700530fd12" testName="CanDoItAll.Tests.Integration.Runtime.FileSandboxWorkspaceStoreLockIntegrationTests.Atomic_chat_run_start_returns_blocked_without_invoking_the_factory" computerName="LUCYSPOWER" duration="00:00:01.2543126" startTime="2026-08-31T10:03:38.9798248-04:00" endTime="2026-08-31T10:03:40.2345908-04:00" testType="13cdc9d9-ddb5-4fa4-a97d-d965ccfc6d4b" outcome="Passed" testListId="8c84fa94-04c1-424b-9868-57a2d4851a1d" relativeResultsDirectory="40324f58-eb09-42af-b407-391e2d582d8b" />
    <UnitTestResult executionId="34458d73-dbe7-45de-aa45-90bca73fe961" testId="3f9c8665-b03e-d3d3-09bb-4458ec98f7d3" testName="CanDoItAll.Tests.Integration.Runtime.FileSandboxWorkspaceStoreLockIntegrationTests.SaveCatalogAsync_returns_store_assigned_revision_and_ignores_caller_revision" computerName="LUCYSPOWER" duration="00:00:00.8546309" startTime="2026-08-31T10:03:37.0663708-04:00" endTime="2026-08-31T10:03:37.9203873-04:00" testType="13cdc9d9-ddb5-4fa4-a97d-d965ccfc6d4b" outcome="Passed" testListId="8c84fa94-04c1-424b-9868-57a2d4851a1d" relativeResultsDirectory="34458d73-dbe7-45de-aa45-90bca73fe961" />
    <UnitTestResult executionId="79f4abe6-f458-444c-ae12-8934481863af" testId="1d40a0f5-4676-478d-cfa8-a02dbb5c1cf9" testName="CanDoItAll.Tests.Integration.Runtime.FileSandboxWorkspaceExistingRunUpdateRecoveryIntegrationTests.UpdateCatalogAsync_PendingRunUpdateJournal_RecoversTargetBeforeCatalogMutation" computerName="LUCYSPOWER" duration="00:00:01.5746285" startTime="2026-08-31T10:04:56.7467726-04:00" endTime="2026-08-31T10:04:58.3204034-04:00" testType="13cdc9d9-ddb5-4fa4-a97d-d965ccfc6d4b" outcome="Passed" testListId="8c84fa94-04c1-424b-9868-57a2d4851a1d" relativeResultsDirectory="79f4abe6-f458-444c-ae12-8934481863af" />
    <UnitTestResult executionId="86a3c5ee-d994-4873-93f5-5806ac9b4348" testId="a61bf516-3540-fc3c-ac06-f3f161d82068" testName="CanDoItAll.Tests.Integration.Runtime.FileSandboxWorkspaceExistingRunUpdateRecoveryIntegrationTests.UpdateExecutionRunDetailAsync_LargeHistory_WalRemainsWithinMeasuredBounds" computerName="LUCYSPOWER" duration="00:00:25.2469850" startTime="2026-08-31T10:04:31.4982545-04:00" endTime="2026-08-31T10:04:56.7452494-04:00" testType="13cdc9d9-ddb5-4fa4-a97d-d965ccfc6d4b" outcome="Passed" testListId="8c84fa94-04c1-424b-9868-57a2d4851a1d" relativeResultsDirectory="86a3c5ee-d994-4873-93f5-5806ac9b4348">
      <Output>
        <StdOut>Existing-run WAL measurement: historyEntries=400, payloadCharacters=256, journalBytes=968665, elapsedToJournalMs=1118,5, totalCommitMs=2438,6.</StdOut>
      </Output>
    </UnitTestResult>
    <UnitTestResult executionId="da4a9757-25cc-4e12-a4d5-a3743bbf3d63" testId="68eb5bf1-d73e-5e50-a4f9-a30120fe1d21" testName="CanDoItAll.Tests.Integration.Runtime.FileSandboxWorkspaceExistingRunUpdateRecoveryIntegrationTests.UpdateExecutionRunDetailAsync_FailureAfterCommitBoundary_RollsForwardContinuationExactlyOnce(failureStageValue: 0)" computerName="LUCYSPOWER" duration="00:00:01.3979839" startTime="2026-08-31T10:03:56.7614599-04:00" endTime="2026-08-31T10:03:58.1597655-04:00" testType="13cdc9d9-ddb5-4fa4-a97d-d965ccfc6d4b" outcome="Passed" testListId="8c84fa94-04c1-424b-9868-57a2d4851a1d" relativeResultsDirectory="da4a9757-25cc-4e12-a4d5-a3743bbf3d63" />
    <UnitTestResult executionId="61e57d3a-aeec-45e9-a0ed-03298ea9f792" testId="c6694ffd-2b5c-e090-7f23-30adef047d9e" testName="CanDoItAll.Tests.Integration.Runtime.FileSandboxWorkspaceExistingRunUpdateRecoveryIntegrationTests.UpdateExecutionRunDetailAsync_FailureAfterCommitBoundary_RollsForwardContinuationExactlyOnce(failureStageValue: 8)" computerName="LUCYSPOWER" duration="00:00:01.5703708" startTime="2026-08-31T10:03:50.4234326-04:00" endTime="2026-08-31T10:03:51.9942029-04:00" testType="13cdc9d9-ddb5-4fa4-a97d-d965ccfc6d4b" outcome="Passed" testListId="8c84fa94-04c1-424b-9868-57a2d4851a1d" relativeResultsDirectory="61e57d3a-aeec-45e9-a0ed-03298ea9f792" />
    <UnitTestResult executionId="d8ab65ec-9533-4d94-b52f-68942e15e721" testId="154bc7c4-787e-6b69-4e23-1a75b35b476a" testName="CanDoItAll.Tests.Integration.Runtime.FileSandboxWorkspaceExistingRunUpdateRecoveryIntegrationTests.UpdateExecutionRunDetailAsync_FailureAfterCommitBoundary_RollsForwardContinuationExactlyOnce(failureStageValue: 6)" computerName="LUCYSPOWER" duration="00:00:09.7871516" startTime="2026-08-31T10:04:11.7269300-04:00" endTime="2026-08-31T10:04:21.5256066-04:00" testType="13cdc9d9-ddb5-4fa4-a97d-d965ccfc6d4b" outcome="Passed" testListId="8c84fa94-04c1-424b-9868-57a2d4851a1d" relativeResultsDirectory="d8ab65ec-9533-4d94-b52f-68942e15e721" />
    <UnitTestResult executionId="d2bf762f-d74a-49e1-b90e-a2af092ac3f3" testId="1a3bc356-b0e1-92bb-3db8-7cb5b5de64a7" testName="CanDoItAll.Tests.Integration.Runtime.FileSandboxWorkspaceStoreLockIntegrationTests.Execution_session_and_run_writes_retain_catalog_revision" computerName="LUCYSPOWER" duration="00:00:02.0151266" startTime="2026-08-31T10:03:40.2348252-04:00" endTime="2026-08-31T10:03:42.2502048-04:00" testType="13cdc9d9-ddb5-4fa4-a97d-d965ccfc6d4b" outcome="Passed" testListId="8c84fa94-04c1-424b-9868-57a2d4851a1d" relativeResultsDirectory="d2bf762f-d74a-49e1-b90e-a2af092ac3f3" />
    <UnitTestResult executionId="75a9c2d4-a941-489c-bd3f-2f7f49b8eaa4" testId="9036a8dd-8fa4-9f06-7e87-e871ea828d14" testName="CanDoItAll.Tests.Integration.Runtime.FileSandboxWorkspaceStoreLockIntegrationTests.Atomic_chat_run_starts_preserve_every_concurrent_user_message" computerName="LUCYSPOWER" duration="00:00:02.2581959" startTime="2026-08-31T10:03:11.4054929-04:00" endTime="2026-08-31T10:03:13.6458348-04:00" testType="13cdc9d9-ddb5-4fa4-a97d-d965ccfc6d4b" outcome="Passed" testListId="8c84fa94-04c1-424b-9868-57a2d4851a1d" relativeResultsDirectory="75a9c2d4-a941-489c-bd3f-2f7f49b8eaa4" />
    <UnitTestResult executionId="ef68125b-2448-46e6-aac6-30e6668e08c5" testId="87a15469-ed06-bdc7-9e16-a0bdab1f1704" testName="CanDoItAll.Tests.Integration.Runtime.FileSandboxWorkspaceStoreLockIntegrationTests.SaveExecutionRunDetailAsync_does_not_load_unrelated_run_slices_in_split_storage" computerName="LUCYSPOWER" duration="00:00:03.7817066" startTime="2026-08-31T10:03:45.6183569-04:00" endTime="2026-08-31T10:03:49.4004464-04:00" testType="13cdc9d9-ddb5-4fa4-a97d-d965ccfc6d4b" outcome="Passed" testListId="8c84fa94-04c1-424b-9868-57a2d4851a1d" relativeResultsDirectory="ef68125b-2448-46e6-aac6-30e6668e08c5" />
    <UnitTestResult executionId="14ee1668-a821-4d48-abea-a8a273bcf13c" testId="882327a1-97bd-3eae-3d5e-a1ef6ad65771" testName="CanDoItAll.Tests.Integration.Runtime.FileSandboxWorkspaceExistingRunUpdateRecoveryIntegrationTests.UpdateExecutionRunDetailAsync_PausedAfterRunWrite_BlocksSecondStoreReadersUntilCommit" computerName="LUCYSPOWER" duration="00:00:05.2459634" startTime="2026-08-31T10:04:26.2512009-04:00" endTime="2026-08-31T10:04:31.4976877-04:00" testType="13cdc9d9-ddb5-4fa4-a97d-d965ccfc6d4b" outcome="Passed" testListId="8c84fa94-04c1-424b-9868-57a2d4851a1d" relativeResultsDirectory="14ee1668-a821-4d48-abea-a8a273bcf13c" />
    <UnitTestResult executionId="6e158e41-533e-488b-a1a8-d7b7368bd2c3" testId="dddb4ea5-7b1c-5f1e-2faf-a3503d4c3a85" testName="CanDoItAll.Tests.Integration.Runtime.FileSandboxWorkspaceExistingRunUpdateRecoveryIntegrationTests.UpdateExecutionRunDetailAsync_CancellationAfterJournal_CompletesCommittedContinuation" computerName="LUCYSPOWER" duration="00:00:04.7242267" startTime="2026-08-31T10:04:21.5262447-04:00" endTime="2026-08-31T10:04:26.2506093-04:00" testType="13cdc9d9-ddb5-4fa4-a97d-d965ccfc6d4b" outcome="Passed" testListId="8c84fa94-04c1-424b-9868-57a2d4851a1d" relativeResultsDirectory="6e158e41-533e-488b-a1a8-d7b7368bd2c3" />
    <UnitTestResult executionId="77a18ac9-3b34-4bd5-ae2d-99f7999e9adf" testId="2f5aabf2-a76e-0b17-82ce-8815911c3ada" testName="CanDoItAll.Tests.Integration.Runtime.FileSandboxWorkspaceExistingRunUpdateRecoveryIntegrationTests.UpdateExecutionRunDetailAsync_FailureAfterCommitBoundary_RollsForwardContinuationExactlyOnce(failureStageValue: 3)" computerName="LUCYSPOWER" duration="00:00:01.7418739" startTime="2026-08-31T10:03:51.9943384-04:00" endTime="2026-08-31T10:03:53.7366458-04:00" testType="13cdc9d9-ddb5-4fa4-a97d-d965ccfc6d4b" outcome="Passed" testListId="8c84fa94-04c1-424b-9868-57a2d4851a1d" relativeResultsDirectory="77a18ac9-3b34-4bd5-ae2d-99f7999e9adf" />
    <UnitTestResult executionId="2ab5af4c-3325-4b83-9b79-cda0ed4a4ab6" testId="d84ef7a7-ddb0-cf55-6a69-0123d983eaf1" testName="CanDoItAll.Tests.Integration.Runtime.FileSandboxWorkspaceStoreLockIntegrationTests.ChatSessionStore_creates_and_updates_split_session_projection" computerName="LUCYSPOWER" duration="00:00:12.1524296" startTime="2026-08-31T10:02:59.2222156-04:00" endTime="2026-08-31T10:03:11.3851012-04:00" testType="13cdc9d9-ddb5-4fa4-a97d-d965ccfc6d4b" outcome="Passed" testListId="8c84fa94-04c1-424b-9868-57a2d4851a1d" relativeResultsDirectory="2ab5af4c-3325-4b83-9b79-cda0ed4a4ab6" />
    <UnitTestResult executionId="ec25e685-67a4-43f3-bc14-bf58f2884555" testId="f80a80a4-c2a2-7163-6a6f-69096b574a67" testName="CanDoItAll.Tests.Integration.Runtime.FileSandboxWorkspaceStoreLockIntegrationTests.Atomic_chat_run_start_rejects_stale_catalog_revision_without_persisting" computerName="LUCYSPOWER" duration="00:00:01.2513732" startTime="2026-08-31T10:03:13.6484146-04:00" endTime="2026-08-31T10:03:14.8977638-04:00" testType="13cdc9d9-ddb5-4fa4-a97d-d965ccfc6d4b" outcome="Passed" testListId="8c84fa94-04c1-424b-9868-57a2d4851a1d" relativeResultsDirectory="ec25e685-67a4-43f3-bc14-bf58f2884555" />
    <UnitTestResult executionId="aa25e708-6a48-4644-8bad-a2fad6d61bb4" testId="84c64539-68a3-ba6b-62d8-ff2cfa0652c2" testName="CanDoItAll.Tests.Integration.Runtime.FileSandboxWorkspaceExistingRunUpdateRecoveryIntegrationTests.UpdateExecutionRunDetailAsync_FailureAfterCommitBoundary_RollsForwardContinuationExactlyOnce(failureStageValue: 2)" computerName="LUCYSPOWER" duration="00:00:01.6477771" startTime="2026-08-31T10:03:58.1599377-04:00" endTime="2026-08-31T10:03:59.8081292-04:00" testType="13cdc9d9-ddb5-4fa4-a97d-d965ccfc6d4b" outcome="Passed" testListId="8c84fa94-04c1-424b-9868-57a2d4851a1d" relativeResultsDirectory="aa25e708-6a48-4644-8bad-a2fad6d61bb4" />
    <UnitTestResult executionId="32a0bbb7-b8f1-45dd-bc91-87f721d49bf4" testId="43ade15d-cb16-011f-6356-fc957fcc4f22" testName="CanDoItAll.Tests.Integration.Runtime.FileSandboxWorkspaceStoreLockIntegrationTests.ListExecutionRunsAsync_waits_for_workspace_lock_then_reads_run_summaries" computerName="LUCYSPOWER" duration="00:00:04.1342194" startTime="2026-08-31T10:03:24.4782288-04:00" endTime="2026-08-31T10:03:28.6128932-04:00" testType="13cdc9d9-ddb5-4fa4-a97d-d965ccfc6d4b" outcome="Passed" testListId="8c84fa94-04c1-424b-9868-57a2d4851a1d" relativeResultsDirectory="32a0bbb7-b8f1-45dd-bc91-87f721d49bf4" />
    <UnitTestResult executionId="6270d946-c429-42c3-bf60-850a557a8d71" testId="5233f07f-3a62-dcd8-eece-cdda58ab17ca" testName="CanDoItAll.Tests.Integration.Runtime.FileSandboxWorkspaceStoreLockIntegrationTests.UpdateExecutionRunDetailAsync_serializes_competing_mutations_against_the_latest_run" computerName="LUCYSPOWER" duration="00:00:04.2562083" startTime="2026-08-31T10:03:32.8093382-04:00" endTime="2026-08-31T10:03:37.0651355-04:00" testType="13cdc9d9-ddb5-4fa4-a97d-d965ccfc6d4b" outcome="Passed" testListId="8c84fa94-04c1-424b-9868-57a2d4851a1d" relativeResultsDirectory="6270d946-c429-42c3-bf60-850a557a8d71" />
    <UnitTestResult executionId="68bafad6-ea6d-45a3-951b-7392350db6c9" testId="60b174d4-a710-062d-d425-8722771aa5e8" testName="CanDoItAll.Tests.Integration.Runtime.FileSandboxWorkspaceExistingRunUpdateRecoveryIntegrationTests.UpdateExecutionRunDetailAsync_FailureAfterCommitBoundary_RollsForwardContinuationExactlyOnce(failureStageValue: 5)" computerName="LUCYSPOWER" duration="00:00:03.4957597" startTime="2026-08-31T10:03:59.8083299-04:00" endTime="2026-08-31T10:04:03.3175386-04:00" testType="13cdc9d9-ddb5-4fa4-a97d-d965ccfc6d4b" outcome="Passed" testListId="8c84fa94-04c1-424b-9868-57a2d4851a1d" relativeResultsDirectory="68bafad6-ea6d-45a3-951b-7392350db6c9" />
    <UnitTestResult executionId="68afa45a-092b-4452-8fb3-189d42aa034f" testId="6c88fe7c-351d-9f36-0f8d-7c2a5ed203d7" testName="CanDoItAll.Tests.Integration.Runtime.FileSandboxWorkspaceStoreLockIntegrationTests.Catalog_revision_changes_once_for_a_change_and_retains_for_a_noop" computerName="LUCYSPOWER" duration="00:00:01.0586788" startTime="2026-08-31T10:03:37.9205421-04:00" endTime="2026-08-31T10:03:38.9796338-04:00" testType="13cdc9d9-ddb5-4fa4-a97d-d965ccfc6d4b" outcome="Passed" testListId="8c84fa94-04c1-424b-9868-57a2d4851a1d" relativeResultsDirectory="68afa45a-092b-4452-8fb3-189d42aa034f" />
  </Results>
  <TestDefinitions>
    <UnitTest name="CanDoItAll.Tests.Integration.Runtime.FileSandboxWorkspaceStoreLockIntegrationTests.SaveCatalogAsync_returns_store_assigned_revision_and_ignores_caller_revision" storage="c:\repositories\candoitall\.artifacts\agent-startup-performance\sb01-tests\bin\candoitall.tests.integration\release\candoitall.tests.integration.dll" id="3f9c8665-b03e-d3d3-09bb-4458ec98f7d3">
      <Execution id="34458d73-dbe7-45de-aa45-90bca73fe961" />
      <TestMethod codeBase="C:\repositories\CanDoItAll\.artifacts\agent-startup-performance\sb01-tests\bin\CanDoItAll.Tests.Integration\release\CanDoItAll.Tests.Integration.dll" adapterTypeName="executor://xunit/VsTestRunner3/netcore/" className="CanDoItAll.Tests.Integration.Runtime.FileSandboxWorkspaceStoreLockIntegrationTests" name="SaveCatalogAsync_returns_store_assigned_revision_and_ignores_caller_revision" />
    </UnitTest>
    <UnitTest name="CanDoItAll.Tests.Integration.Runtime.FileSandboxWorkspaceStoreLockIntegrationTests.SaveExecutionRunDetailAsync_does_not_load_unrelated_run_slices_in_split_storage" storage="c:\repositories\candoitall\.artifacts\agent-startup-performance\sb01-tests\bin\candoitall.tests.integration\release\candoitall.tests.integration.dll" id="87a15469-ed06-bdc7-9e16-a0bdab1f1704">
      <Execution id="ef68125b-2448-46e6-aac6-30e6668e08c5" />
      <TestMethod codeBase="C:\repositories\CanDoItAll\.artifacts\agent-startup-performance\sb01-tests\bin\CanDoItAll.Tests.Integration\release\CanDoItAll.Tests.Integration.dll" adapterTypeName="executor://xunit/VsTestRunner3/netcore/" className="CanDoItAll.Tests.Integration.Runtime.FileSandboxWorkspaceStoreLockIntegrationTests" name="SaveExecutionRunDetailAsync_does_not_load_unrelated_run_slices_in_split_storage" />
    </UnitTest>
    <UnitTest name="CanDoItAll.Tests.Integration.Runtime.FileSandboxWorkspaceExistingRunUpdateRecoveryIntegrationTests.UpdateCatalogAsync_PendingRunUpdateJournal_RecoversTargetBeforeCatalogMutation" storage="c:\repositories\candoitall\.artifacts\agent-startup-performance\sb01-tests\bin\candoitall.tests.integration\release\candoitall.tests.integration.dll" id="1d40a0f5-4676-478d-cfa8-a02dbb5c1cf9">
      <Execution id="79f4abe6-f458-444c-ae12-8934481863af" />
      <TestMethod codeBase="C:\repositories\CanDoItAll\.artifacts\agent-startup-performance\sb01-tests\bin\CanDoItAll.Tests.Integration\release\CanDoItAll.Tests.Integration.dll" adapterTypeName="executor://xunit/VsTestRunner3/netcore/" className="CanDoItAll.Tests.Integration.Runtime.FileSandboxWorkspaceExistingRunUpdateRecoveryIntegrationTests" name="UpdateCatalogAsync_PendingRunUpdateJournal_RecoversTargetBeforeCatalogMutation" />
    </UnitTest>
    <UnitTest name="CanDoItAll.Tests.Integration.Runtime.FileSandboxWorkspaceExistingRunUpdateRecoveryIntegrationTests.UpdateExecutionRunDetailAsync_FailureAfterCommitBoundary_RollsForwardContinuationExactlyOnce(failureStageValue: 0)" storage="c:\repositories\candoitall\.artifacts\agent-startup-performance\sb01-tests\bin\candoitall.tests.integration\release\candoitall.tests.integration.dll" id="68eb5bf1-d73e-5e50-a4f9-a30120fe1d21">
      <Execution id="da4a9757-25cc-4e12-a4d5-a3743bbf3d63" />
      <TestMethod codeBase="C:\repositories\CanDoItAll\.artifacts\agent-startup-performance\sb01-tests\bin\CanDoItAll.Tests.Integration\release\CanDoItAll.Tests.Integration.dll" adapterTypeName="executor://xunit/VsTestRunner3/netcore/" className="CanDoItAll.Tests.Integration.Runtime.FileSandboxWorkspaceExistingRunUpdateRecoveryIntegrationTests" name="UpdateExecutionRunDetailAsync_FailureAfterCommitBoundary_RollsForwardContinuationExactlyOnce" />
    </UnitTest>
    <UnitTest name="CanDoItAll.Tests.Integration.Runtime.FileSandboxWorkspaceExistingRunUpdateRecoveryIntegrationTests.UpdateExecutionRunDetailAsync_FailureAfterCommitBoundary_RollsForwardContinuationExactlyOnce(failureStageValue: 8)" storage="c:\repositories\candoitall\.artifacts\agent-startup-performance\sb01-tests\bin\candoitall.tests.integration\release\candoitall.tests.integration.dll" id="c6694ffd-2b5c-e090-7f23-30adef047d9e">
      <Execution id="61e57d3a-aeec-45e9-a0ed-03298ea9f792" />
      <TestMethod codeBase="C:\repositories\CanDoItAll\.artifacts\agent-startup-performance\sb01-tests\bin\CanDoItAll.Tests.Integration\release\CanDoItAll.Tests.Integration.dll" adapterTypeName="executor://xunit/VsTestRunner3/netcore/" className="CanDoItAll.Tests.Integration.Runtime.FileSandboxWorkspaceExistingRunUpdateRecoveryIntegrationTests" name="UpdateExecutionRunDetailAsync_FailureAfterCommitBoundary_RollsForwardContinuationExactlyOnce" />
    </UnitTest>
    <UnitTest name="CanDoItAll.Tests.Integration.Runtime.FileSandboxWorkspaceStoreLockIntegrationTests.ChatSessionStore_creates_and_updates_split_session_projection" storage="c:\repositories\candoitall\.artifacts\agent-startup-performance\sb01-tests\bin\candoitall.tests.integration\release\candoitall.tests.integration.dll" id="d84ef7a7-ddb0-cf55-6a69-0123d983eaf1">
      <Execution id="2ab5af4c-3325-4b83-9b79-cda0ed4a4ab6" />
      <TestMethod codeBase="C:\repositories\CanDoItAll\.artifacts\agent-startup-performance\sb01-tests\bin\CanDoItAll.Tests.Integration\release\CanDoItAll.Tests.Integration.dll" adapterTypeName="executor://xunit/VsTestRunner3/netcore/" className="CanDoItAll.Tests.Integration.Runtime.FileSandboxWorkspaceStoreLockIntegrationTests" name="ChatSessionStore_creates_and_updates_split_session_projection" />
    </UnitTest>
    <UnitTest name="CanDoItAll.Tests.Integration.Runtime.FileSandboxWorkspaceExistingRunUpdateRecoveryIntegrationTests.UpdateExecutionRunDetailAsync_FailureAfterCommitBoundary_RollsForwardContinuationExactlyOnce(failureStageValue: 7)" storage="c:\repositories\candoitall\.artifacts\agent-startup-performance\sb01-tests\bin\candoitall.tests.integration\release\candoitall.tests.integration.dll" id="0aed463d-4c60-4b30-e3ec-4f70d96a83ef">
      <Execution id="3807582a-0339-44f1-9c6e-1ea1361cb429" />
      <TestMethod codeBase="C:\repositories\CanDoItAll\.artifacts\agent-startup-performance\sb01-tests\bin\CanDoItAll.Tests.Integration\release\CanDoItAll.Tests.Integration.dll" adapterTypeName="executor://xunit/VsTestRunner3/netcore/" className="CanDoItAll.Tests.Integration.Runtime.FileSandboxWorkspaceExistingRunUpdateRecoveryIntegrationTests" name="UpdateExecutionRunDetailAsync_FailureAfterCommitBoundary_RollsForwardContinuationExactlyOnce" />
    </UnitTest>
    <UnitTest name="CanDoItAll.Tests.Integration.Runtime.FileSandboxWorkspaceExistingRunUpdateRecoveryIntegrationTests.UpdateExecutionRunDetailAsync_FailureAfterCommitBoundary_RollsForwardContinuationExactlyOnce(failureStageValue: 5)" storage="c:\repositories\candoitall\.artifacts\agent-startup-performance\sb01-tests\bin\candoitall.tests.integration\release\candoitall.tests.integration.dll" id="60b174d4-a710-062d-d425-8722771aa5e8">
      <Execution id="68bafad6-ea6d-45a3-951b-7392350db6c9" />
      <TestMethod codeBase="C:\repositories\CanDoItAll\.artifacts\agent-startup-performance\sb01-tests\bin\CanDoItAll.Tests.Integration\release\CanDoItAll.Tests.Integration.dll" adapterTypeName="executor://xunit/VsTestRunner3/netcore/" className="CanDoItAll.Tests.Integration.Runtime.FileSandboxWorkspaceExistingRunUpdateRecoveryIntegrationTests" name="UpdateExecutionRunDetailAsync_FailureAfterCommitBoundary_RollsForwardContinuationExactlyOnce" />
    </UnitTest>
    <UnitTest name="CanDoItAll.Tests.Integration.Runtime.FileSandboxWorkspaceExistingRunUpdateRecoveryIntegrationTests.UpdateExecutionRunDetailAsync_LargeHistory_WalRemainsWithinMeasuredBounds" storage="c:\repositories\candoitall\.artifacts\agent-startup-performance\sb01-tests\bin\candoitall.tests.integration\release\candoitall.tests.integration.dll" id="a61bf516-3540-fc3c-ac06-f3f161d82068">
      <Execution id="86a3c5ee-d994-4873-93f5-5806ac9b4348" />
      <TestMethod codeBase="C:\repositories\CanDoItAll\.artifacts\agent-startup-performance\sb01-tests\bin\CanDoItAll.Tests.Integration\release\CanDoItAll.Tests.Integration.dll" adapterTypeName="executor://xunit/VsTestRunner3/netcore/" className="CanDoItAll.Tests.Integration.Runtime.FileSandboxWorkspaceExistingRunUpdateRecoveryIntegrationTests" name="UpdateExecutionRunDetailAsync_LargeHistory_WalRemainsWithinMeasuredBounds" />
    </UnitTest>
    <UnitTest name="CanDoItAll.Tests.Integration.Runtime.FileSandboxWorkspaceExistingRunUpdateRecoveryIntegrationTests.UpdateExecutionRunDetailAsync_FailureAfterCommitBoundary_RollsForwardContinuationExactlyOnce(failureStageValue: 4)" storage="c:\repositories\candoitall\.artifacts\agent-startup-performance\sb01-tests\bin\candoitall.tests.integration\release\candoitall.tests.integration.dll" id="7092ea29-51f0-919e-3769-113e2cda9bf0">
      <Execution id="82c4d86a-6437-4be3-ad5c-92266fa1da05" />
      <TestMethod codeBase="C:\repositories\CanDoItAll\.artifacts\agent-startup-performance\sb01-tests\bin\CanDoItAll.Tests.Integration\release\CanDoItAll.Tests.Integration.dll" adapterTypeName="executor://xunit/VsTestRunner3/netcore/" className="CanDoItAll.Tests.Integration.Runtime.FileSandboxWorkspaceExistingRunUpdateRecoveryIntegrationTests" name="UpdateExecutionRunDetailAsync_FailureAfterCommitBoundary_RollsForwardContinuationExactlyOnce" />
    </UnitTest>
    <UnitTest name="CanDoItAll.Tests.Integration.Runtime.FileSandboxWorkspaceStoreLockIntegrationTests.Atomic_chat_run_start_rejects_stale_catalog_revision_without_persisting" storage="c:\repositories\candoitall\.artifacts\agent-startup-performance\sb01-tests\bin\candoitall.tests.integration\release\candoitall.tests.integration.dll" id="f80a80a4-c2a2-7163-6a6f-69096b574a67">
      <Execution id="ec25e685-67a4-43f3-bc14-bf58f2884555" />
      <TestMethod codeBase="C:\repositories\CanDoItAll\.artifacts\agent-startup-performance\sb01-tests\bin\CanDoItAll.Tests.Integration\release\CanDoItAll.Tests.Integration.dll" adapterTypeName="executor://xunit/VsTestRunner3/netcore/" className="CanDoItAll.Tests.Integration.Runtime.FileSandboxWorkspaceStoreLockIntegrationTests" name="Atomic_chat_run_start_rejects_stale_catalog_revision_without_persisting" />
    </UnitTest>
    <UnitTest name="CanDoItAll.Tests.Integration.Runtime.FileSandboxWorkspaceStoreLockIntegrationTests.LoadCatalogAsync_reads_initialized_catalog_when_workspace_lock_is_held" storage="c:\repositories\candoitall\.artifacts\agent-startup-performance\sb01-tests\bin\candoitall.tests.integration\release\candoitall.tests.integration.dll" id="1cfc88e5-8aa2-594e-5e03-f7f3607df413">
      <Execution id="ab8aa32a-5e9a-42f0-8da2-74ff9d7013bb" />
      <TestMethod codeBase="C:\repositories\CanDoItAll\.artifacts\agent-startup-performance\sb01-tests\bin\CanDoItAll.Tests.Integration\release\CanDoItAll.Tests.Integration.dll" adapterTypeName="executor://xunit/VsTestRunner3/netcore/" className="CanDoItAll.Tests.Integration.Runtime.FileSandboxWorkspaceStoreLockIntegrationTests" name="LoadCatalogAsync_reads_initialized_catalog_when_workspace_lock_is_held" />
    </UnitTest>
    <UnitTest name="CanDoItAll.Tests.Integration.Runtime.FileSandboxWorkspaceStoreLockIntegrationTests.UpdateExecutionRunDetailAsync_serializes_competing_mutations_against_the_latest_run" storage="c:\repositories\candoitall\.artifacts\agent-startup-performance\sb01-tests\bin\candoitall.tests.integration\release\candoitall.tests.integration.dll" id="5233f07f-3a62-dcd8-eece-cdda58ab17ca">
      <Execution id="6270d946-c429-42c3-bf60-850a557a8d71" />
      <TestMethod codeBase="C:\repositories\CanDoItAll\.artifacts\agent-startup-performance\sb01-tests\bin\CanDoItAll.Tests.Integration\release\CanDoItAll.Tests.Integration.dll" adapterTypeName="executor://xunit/VsTestRunner3/netcore/" className="CanDoItAll.Tests.Integration.Runtime.FileSandboxWorkspaceStoreLockIntegrationTests" name="UpdateExecutionRunDetailAsync_serializes_competing_mutations_against_the_latest_run" />
    </UnitTest>
    <UnitTest name="CanDoItAll.Tests.Integration.Runtime.FileSandboxWorkspaceExistingRunUpdateRecoveryIntegrationTests.UpdateExecutionRunDetailAsync_FailureAfterCommitBoundary_RollsForwardContinuationExactlyOnce(failureStageValue: 3)" storage="c:\repositories\candoitall\.artifacts\agent-startup-performance\sb01-tests\bin\candoitall.tests.integration\release\candoitall.tests.integration.dll" id="2f5aabf2-a76e-0b17-82ce-8815911c3ada">
      <Execution id="77a18ac9-3b34-4bd5-ae2d-99f7999e9adf" />
      <TestMethod codeBase="C:\repositories\CanDoItAll\.artifacts\agent-startup-performance\sb01-tests\bin\CanDoItAll.Tests.Integration\release\CanDoItAll.Tests.Integration.dll" adapterTypeName="executor://xunit/VsTestRunner3/netcore/" className="CanDoItAll.Tests.Integration.Runtime.FileSandboxWorkspaceExistingRunUpdateRecoveryIntegrationTests" name="UpdateExecutionRunDetailAsync_FailureAfterCommitBoundary_RollsForwardContinuationExactlyOnce" />
    </UnitTest>
    <UnitTest name="CanDoItAll.Tests.Integration.Runtime.FileSandboxWorkspaceStoreLockIntegrationTests.Catalog_revision_changes_once_for_a_change_and_retains_for_a_noop" storage="c:\repositories\candoitall\.artifacts\agent-startup-performance\sb01-tests\bin\candoitall.tests.integration\release\candoitall.tests.integration.dll" id="6c88fe7c-351d-9f36-0f8d-7c2a5ed203d7">
      <Execution id="68afa45a-092b-4452-8fb3-189d42aa034f" />
      <TestMethod codeBase="C:\repositories\CanDoItAll\.artifacts\agent-startup-performance\sb01-tests\bin\CanDoItAll.Tests.Integration\release\CanDoItAll.Tests.Integration.dll" adapterTypeName="executor://xunit/VsTestRunner3/netcore/" className="CanDoItAll.Tests.Integration.Runtime.FileSandboxWorkspaceStoreLockIntegrationTests" name="Catalog_revision_changes_once_for_a_change_and_retains_for_a_noop" />
    </UnitTest>
    <UnitTest name="CanDoItAll.Tests.Integration.Runtime.FileSandboxWorkspaceStoreLockIntegrationTests.Catalog_normalization_and_legacy_missing_revision_migrate_monotonically" storage="c:\repositories\candoitall\.artifacts\agent-startup-performance\sb01-tests\bin\candoitall.tests.integration\release\candoitall.tests.integration.dll" id="57b69257-15ba-2379-8c0d-f1511d42ce34">
      <Execution id="9f6da5a8-2d14-4ddb-be46-21ee5abae12b" />
      <TestMethod codeBase="C:\repositories\CanDoItAll\.artifacts\agent-startup-performance\sb01-tests\bin\CanDoItAll.Tests.Integration\release\CanDoItAll.Tests.Integration.dll" adapterTypeName="executor://xunit/VsTestRunner3/netcore/" className="CanDoItAll.Tests.Integration.Runtime.FileSandboxWorkspaceStoreLockIntegrationTests" name="Catalog_normalization_and_legacy_missing_revision_migrate_monotonically" />
    </UnitTest>
    <UnitTest name="CanDoItAll.Tests.Integration.Runtime.FileSandboxWorkspaceStoreLockIntegrationTests.ListExecutionRunsAsync_waits_for_workspace_lock_then_reads_run_summaries" storage="c:\repositories\candoitall\.artifacts\agent-startup-performance\sb01-tests\bin\candoitall.tests.integration\release\candoitall.tests.integration.dll" id="43ade15d-cb16-011f-6356-fc957fcc4f22">
      <Execution id="32a0bbb7-b8f1-45dd-bc91-87f721d49bf4" />
      <TestMethod codeBase="C:\repositories\CanDoItAll\.artifacts\agent-startup-performance\sb01-tests\bin\CanDoItAll.Tests.Integration\release\CanDoItAll.Tests.Integration.dll" adapterTypeName="executor://xunit/VsTestRunner3/netcore/" className="CanDoItAll.Tests.Integration.Runtime.FileSandboxWorkspaceStoreLockIntegrationTests" name="ListExecutionRunsAsync_waits_for_workspace_lock_then_reads_run_summaries" />
    </UnitTest>
    <UnitTest name="CanDoItAll.Tests.Integration.Runtime.FileSandboxWorkspaceStoreLockIntegrationTests.Atomic_chat_run_start_returns_blocked_without_invoking_the_factory" storage="c:\repositories\candoitall\.artifacts\agent-startup-performance\sb01-tests\bin\candoitall.tests.integration\release\candoitall.tests.integration.dll" id="0543d331-5c9f-1371-e3a3-33700530fd12">
      <Execution id="40324f58-eb09-42af-b407-391e2d582d8b" />
      <TestMethod codeBase="C:\repositories\CanDoItAll\.artifacts\agent-startup-performance\sb01-tests\bin\CanDoItAll.Tests.Integration\release\CanDoItAll.Tests.Integration.dll" adapterTypeName="executor://xunit/VsTestRunner3/netcore/" className="CanDoItAll.Tests.Integration.Runtime.FileSandboxWorkspaceStoreLockIntegrationTests" name="Atomic_chat_run_start_returns_blocked_without_invoking_the_factory" />
    </UnitTest>
    <UnitTest name="CanDoItAll.Tests.Integration.Runtime.FileSandboxWorkspaceStoreLockIntegrationTests.Execution_session_and_run_writes_retain_catalog_revision" storage="c:\repositories\candoitall\.artifacts\agent-startup-performance\sb01-tests\bin\candoitall.tests.integration\release\candoitall.tests.integration.dll" id="1a3bc356-b0e1-92bb-3db8-7cb5b5de64a7">
      <Execution id="d2bf762f-d74a-49e1-b90e-a2af092ac3f3" />
      <TestMethod codeBase="C:\repositories\CanDoItAll\.artifacts\agent-startup-performance\sb01-tests\bin\CanDoItAll.Tests.Integration\release\CanDoItAll.Tests.Integration.dll" adapterTypeName="executor://xunit/VsTestRunner3/netcore/" className="CanDoItAll.Tests.Integration.Runtime.FileSandboxWorkspaceStoreLockIntegrationTests" name="Execution_session_and_run_writes_retain_catalog_revision" />
    </UnitTest>
    <UnitTest name="CanDoItAll.Tests.Integration.Runtime.FileSandboxWorkspaceStoreLockIntegrationTests.Competing_catalog_changes_publish_coherent_monotonic_snapshots" storage="c:\repositories\candoitall\.artifacts\agent-startup-performance\sb01-tests\bin\candoitall.tests.integration\release\candoitall.tests.integration.dll" id="c03fa9d6-c6ea-2aaa-34bb-9e2fc92edd83">
      <Execution id="b8fcf052-3c29-4294-80f0-429266cbde34" />
      <TestMethod codeBase="C:\repositories\CanDoItAll\.artifacts\agent-startup-performance\sb01-tests\bin\CanDoItAll.Tests.Integration\release\CanDoItAll.Tests.Integration.dll" adapterTypeName="executor://xunit/VsTestRunner3/netcore/" className="CanDoItAll.Tests.Integration.Runtime.FileSandboxWorkspaceStoreLockIntegrationTests" name="Competing_catalog_changes_publish_coherent_monotonic_snapshots" />
    </UnitTest>
    <UnitTest name="CanDoItAll.Tests.Integration.Runtime.FileSandboxWorkspaceExistingRunUpdateRecoveryIntegrationTests.UpdateExecutionRunDetailAsync_CancellationBeforeJournal_PersistsNothing" storage="c:\repositories\candoitall\.artifacts\agent-startup-performance\sb01-tests\bin\candoitall.tests.integration\release\candoitall.tests.integration.dll" id="6f078b2e-56da-4127-fe58-a9e141a9969c">
      <Execution id="45652eaf-4e9d-4dea-92a1-bf197413cce6" />
      <TestMethod codeBase="C:\repositories\CanDoItAll\.artifacts\agent-startup-performance\sb01-tests\bin\CanDoItAll.Tests.Integration\release\CanDoItAll.Tests.Integration.dll" adapterTypeName="executor://xunit/VsTestRunner3/netcore/" className="CanDoItAll.Tests.Integration.Runtime.FileSandboxWorkspaceExistingRunUpdateRecoveryIntegrationTests" name="UpdateExecutionRunDetailAsync_CancellationBeforeJournal_PersistsNothing" />
    </UnitTest>
    <UnitTest name="CanDoItAll.Tests.Integration.Runtime.FileSandboxWorkspaceStoreLockIntegrationTests.CreateChatSessionAsync_does_not_read_unrelated_run_file_when_chat_index_exists" storage="c:\repositories\candoitall\.artifacts\agent-startup-performance\sb01-tests\bin\candoitall.tests.integration\release\candoitall.tests.integration.dll" id="63a9d45b-8511-8419-4cb9-c8a0209d0e88">
      <Execution id="6859a969-0063-4ee2-b1cf-3a8172247f57" />
      <TestMethod codeBase="C:\repositories\CanDoItAll\.artifacts\agent-startup-performance\sb01-tests\bin\CanDoItAll.Tests.Integration\release\CanDoItAll.Tests.Integration.dll" adapterTypeName="executor://xunit/VsTestRunner3/netcore/" className="CanDoItAll.Tests.Integration.Runtime.FileSandboxWorkspaceStoreLockIntegrationTests" name="CreateChatSessionAsync_does_not_read_unrelated_run_file_when_chat_index_exists" />
    </UnitTest>
    <UnitTest name="CanDoItAll.Tests.Integration.Runtime.FileSandboxWorkspaceExistingRunUpdateRecoveryIntegrationTests.UpdateExecutionRunDetailAsync_FailureAfterCommitBoundary_RollsForwardContinuationExactlyOnce(failureStageValue: 2)" storage="c:\repositories\candoitall\.artifacts\agent-startup-performance\sb01-tests\bin\candoitall.tests.integration\release\candoitall.tests.integration.dll" id="84c64539-68a3-ba6b-62d8-ff2cfa0652c2">
      <Execution id="aa25e708-6a48-4644-8bad-a2fad6d61bb4" />
      <TestMethod codeBase="C:\repositories\CanDoItAll\.artifacts\agent-startup-performance\sb01-tests\bin\CanDoItAll.Tests.Integration\release\CanDoItAll.Tests.Integration.dll" adapterTypeName="executor://xunit/VsTestRunner3/netcore/" className="CanDoItAll.Tests.Integration.Runtime.FileSandboxWorkspaceExistingRunUpdateRecoveryIntegrationTests" name="UpdateExecutionRunDetailAsync_FailureAfterCommitBoundary_RollsForwardContinuationExactlyOnce" />
    </UnitTest>
    <UnitTest name="CanDoItAll.Tests.Integration.Runtime.FileSandboxWorkspaceExistingRunUpdateRecoveryIntegrationTests.GetExecutionRunDetailAsync_CorruptPendingUpdateJournal_FailsExplicitlyAndRetainsJournal" storage="c:\repositories\candoitall\.artifacts\agent-startup-performance\sb01-tests\bin\candoitall.tests.integration\release\candoitall.tests.integration.dll" id="4b89fcaa-8c05-f82c-230f-178cdb387bf0">
      <Execution id="d83d0b78-f2ee-4d15-956e-318e1e4ec4fa" />
      <TestMethod codeBase="C:\repositories\CanDoItAll\.artifacts\agent-startup-performance\sb01-tests\bin\CanDoItAll.Tests.Integration\release\CanDoItAll.Tests.Integration.dll" adapterTypeName="executor://xunit/VsTestRunner3/netcore/" className="CanDoItAll.Tests.Integration.Runtime.FileSandboxWorkspaceExistingRunUpdateRecoveryIntegrationTests" name="GetExecutionRunDetailAsync_CorruptPendingUpdateJournal_FailsExplicitlyAndRetainsJournal" />
    </UnitTest>
    <UnitTest name="CanDoItAll.Tests.Integration.Runtime.FileSandboxWorkspaceExistingRunUpdateRecoveryIntegrationTests.UpdateExecutionRunDetailAsync_FailureAfterCommitBoundary_RollsForwardContinuationExactlyOnce(failureStageValue: 6)" storage="c:\repositories\candoitall\.artifacts\agent-startup-performance\sb01-tests\bin\candoitall.tests.integration\release\candoitall.tests.integration.dll" id="154bc7c4-787e-6b69-4e23-1a75b35b476a">
      <Execution id="d8ab65ec-9533-4d94-b52f-68942e15e721" />
      <TestMethod codeBase="C:\repositories\CanDoItAll\.artifacts\agent-startup-performance\sb01-tests\bin\CanDoItAll.Tests.Integration\release\CanDoItAll.Tests.Integration.dll" adapterTypeName="executor://xunit/VsTestRunner3/netcore/" className="CanDoItAll.Tests.Integration.Runtime.FileSandboxWorkspaceExistingRunUpdateRecoveryIntegrationTests" name="UpdateExecutionRunDetailAsync_FailureAfterCommitBoundary_RollsForwardContinuationExactlyOnce" />
    </UnitTest>
    <UnitTest name="CanDoItAll.Tests.Integration.Runtime.FileSandboxWorkspaceStoreLockIntegrationTests.GetExecutionRunDetailAsync_waits_for_workspace_lock_then_reads_initialized_run_detail" storage="c:\repositories\candoitall\.artifacts\agent-startup-performance\sb01-tests\bin\candoitall.tests.integration\release\candoitall.tests.integration.dll" id="2367ba50-4b97-f6d9-cc18-e3826748eb09">
      <Execution id="9f93c5a3-1349-4335-b42f-edf3bb4ef166" />
      <TestMethod codeBase="C:\repositories\CanDoItAll\.artifacts\agent-startup-performance\sb01-tests\bin\CanDoItAll.Tests.Integration\release\CanDoItAll.Tests.Integration.dll" adapterTypeName="executor://xunit/VsTestRunner3/netcore/" className="CanDoItAll.Tests.Integration.Runtime.FileSandboxWorkspaceStoreLockIntegrationTests" name="GetExecutionRunDetailAsync_waits_for_workspace_lock_then_reads_initialized_run_detail" />
    </UnitTest>
    <UnitTest name="CanDoItAll.Tests.Integration.Runtime.FileSandboxWorkspaceStoreLockIntegrationTests.Atomic_chat_run_starts_preserve_every_concurrent_user_message" storage="c:\repositories\candoitall\.artifacts\agent-startup-performance\sb01-tests\bin\candoitall.tests.integration\release\candoitall.tests.integration.dll" id="9036a8dd-8fa4-9f06-7e87-e871ea828d14">
      <Execution id="75a9c2d4-a941-489c-bd3f-2f7f49b8eaa4" />
      <TestMethod codeBase="C:\repositories\CanDoItAll\.artifacts\agent-startup-performance\sb01-tests\bin\CanDoItAll.Tests.Integration\release\CanDoItAll.Tests.Integration.dll" adapterTypeName="executor://xunit/VsTestRunner3/netcore/" className="CanDoItAll.Tests.Integration.Runtime.FileSandboxWorkspaceStoreLockIntegrationTests" name="Atomic_chat_run_starts_preserve_every_concurrent_user_message" />
    </UnitTest>
    <UnitTest name="CanDoItAll.Tests.Integration.Runtime.FileSandboxWorkspaceStoreLockIntegrationTests.Atomic_chat_run_start_rejects_a_mutation_that_drops_session_history" storage="c:\repositories\candoitall\.artifacts\agent-startup-performance\sb01-tests\bin\candoitall.tests.integration\release\candoitall.tests.integration.dll" id="b26f1c07-36d7-eca8-e122-0099dbebc15a">
      <Execution id="338aaf57-7726-4914-befe-d6678b929725" />
      <TestMethod codeBase="C:\repositories\CanDoItAll\.artifacts\agent-startup-performance\sb01-tests\bin\CanDoItAll.Tests.Integration\release\CanDoItAll.Tests.Integration.dll" adapterTypeName="executor://xunit/VsTestRunner3/netcore/" className="CanDoItAll.Tests.Integration.Runtime.FileSandboxWorkspaceStoreLockIntegrationTests" name="Atomic_chat_run_start_rejects_a_mutation_that_drops_session_history" />
    </UnitTest>
    <UnitTest name="CanDoItAll.Tests.Integration.Runtime.FileSandboxWorkspaceExistingRunUpdateRecoveryIntegrationTests.UpdateExecutionRunDetailAsync_PausedAfterRunWrite_BlocksSecondStoreReadersUntilCommit" storage="c:\repositories\candoitall\.artifacts\agent-startup-performance\sb01-tests\bin\candoitall.tests.integration\release\candoitall.tests.integration.dll" id="882327a1-97bd-3eae-3d5e-a1ef6ad65771">
      <Execution id="14ee1668-a821-4d48-abea-a8a273bcf13c" />
      <TestMethod codeBase="C:\repositories\CanDoItAll\.artifacts\agent-startup-performance\sb01-tests\bin\CanDoItAll.Tests.Integration\release\CanDoItAll.Tests.Integration.dll" adapterTypeName="executor://xunit/VsTestRunner3/netcore/" className="CanDoItAll.Tests.Integration.Runtime.FileSandboxWorkspaceExistingRunUpdateRecoveryIntegrationTests" name="UpdateExecutionRunDetailAsync_PausedAfterRunWrite_BlocksSecondStoreReadersUntilCommit" />
    </UnitTest>
    <UnitTest name="CanDoItAll.Tests.Integration.Runtime.FileSandboxWorkspaceExistingRunUpdateRecoveryIntegrationTests.UpdateExecutionRunDetailAsync_CancellationAfterJournal_CompletesCommittedContinuation" storage="c:\repositories\candoitall\.artifacts\agent-startup-performance\sb01-tests\bin\candoitall.tests.integration\release\candoitall.tests.integration.dll" id="dddb4ea5-7b1c-5f1e-2faf-a3503d4c3a85">
      <Execution id="6e158e41-533e-488b-a1a8-d7b7368bd2c3" />
      <TestMethod codeBase="C:\repositories\CanDoItAll\.artifacts\agent-startup-performance\sb01-tests\bin\CanDoItAll.Tests.Integration\release\CanDoItAll.Tests.Integration.dll" adapterTypeName="executor://xunit/VsTestRunner3/netcore/" className="CanDoItAll.Tests.Integration.Runtime.FileSandboxWorkspaceExistingRunUpdateRecoveryIntegrationTests" name="UpdateExecutionRunDetailAsync_CancellationAfterJournal_CompletesCommittedContinuation" />
    </UnitTest>
    <UnitTest name="CanDoItAll.Tests.Integration.Runtime.FileSandboxWorkspaceExistingRunUpdateRecoveryIntegrationTests.UpdateExecutionRunDetailAsync_FailureAfterCommitBoundary_RollsForwardContinuationExactlyOnce(failureStageValue: 1)" storage="c:\repositories\candoitall\.artifacts\agent-startup-performance\sb01-tests\bin\candoitall.tests.integration\release\candoitall.tests.integration.dll" id="9209e22c-f35e-4a42-acbb-dde7ad72c46b">
      <Execution id="7276a393-3e87-4c7b-bd89-c88fdf783533" />
      <TestMethod codeBase="C:\repositories\CanDoItAll\.artifacts\agent-startup-performance\sb01-tests\bin\CanDoItAll.Tests.Integration\release\CanDoItAll.Tests.Integration.dll" adapterTypeName="executor://xunit/VsTestRunner3/netcore/" className="CanDoItAll.Tests.Integration.Runtime.FileSandboxWorkspaceExistingRunUpdateRecoveryIntegrationTests" name="UpdateExecutionRunDetailAsync_FailureAfterCommitBoundary_RollsForwardContinuationExactlyOnce" />
    </UnitTest>
  </TestDefinitions>
  <TestEntries>
    <TestEntry testId="0aed463d-4c60-4b30-e3ec-4f70d96a83ef" executionId="3807582a-0339-44f1-9c6e-1ea1361cb429" testListId="8c84fa94-04c1-424b-9868-57a2d4851a1d" />
    <TestEntry testId="4b89fcaa-8c05-f82c-230f-178cdb387bf0" executionId="d83d0b78-f2ee-4d15-956e-318e1e4ec4fa" testListId="8c84fa94-04c1-424b-9868-57a2d4851a1d" />
    <TestEntry testId="c03fa9d6-c6ea-2aaa-34bb-9e2fc92edd83" executionId="b8fcf052-3c29-4294-80f0-429266cbde34" testListId="8c84fa94-04c1-424b-9868-57a2d4851a1d" />
    <TestEntry testId="9209e22c-f35e-4a42-acbb-dde7ad72c46b" executionId="7276a393-3e87-4c7b-bd89-c88fdf783533" testListId="8c84fa94-04c1-424b-9868-57a2d4851a1d" />
    <TestEntry testId="57b69257-15ba-2379-8c0d-f1511d42ce34" executionId="9f6da5a8-2d14-4ddb-be46-21ee5abae12b" testListId="8c84fa94-04c1-424b-9868-57a2d4851a1d" />
    <TestEntry testId="2367ba50-4b97-f6d9-cc18-e3826748eb09" executionId="9f93c5a3-1349-4335-b42f-edf3bb4ef166" testListId="8c84fa94-04c1-424b-9868-57a2d4851a1d" />
    <TestEntry testId="6f078b2e-56da-4127-fe58-a9e141a9969c" executionId="45652eaf-4e9d-4dea-92a1-bf197413cce6" testListId="8c84fa94-04c1-424b-9868-57a2d4851a1d" />
    <TestEntry testId="7092ea29-51f0-919e-3769-113e2cda9bf0" executionId="82c4d86a-6437-4be3-ad5c-92266fa1da05" testListId="8c84fa94-04c1-424b-9868-57a2d4851a1d" />
    <TestEntry testId="1cfc88e5-8aa2-594e-5e03-f7f3607df413" executionId="ab8aa32a-5e9a-42f0-8da2-74ff9d7013bb" testListId="8c84fa94-04c1-424b-9868-57a2d4851a1d" />
    <TestEntry testId="63a9d45b-8511-8419-4cb9-c8a0209d0e88" executionId="6859a969-0063-4ee2-b1cf-3a8172247f57" testListId="8c84fa94-04c1-424b-9868-57a2d4851a1d" />
    <TestEntry testId="b26f1c07-36d7-eca8-e122-0099dbebc15a" executionId="338aaf57-7726-4914-befe-d6678b929725" testListId="8c84fa94-04c1-424b-9868-57a2d4851a1d" />
    <TestEntry testId="0543d331-5c9f-1371-e3a3-33700530fd12" executionId="40324f58-eb09-42af-b407-391e2d582d8b" testListId="8c84fa94-04c1-424b-9868-57a2d4851a1d" />
    <TestEntry testId="3f9c8665-b03e-d3d3-09bb-4458ec98f7d3" executionId="34458d73-dbe7-45de-aa45-90bca73fe961" testListId="8c84fa94-04c1-424b-9868-57a2d4851a1d" />
    <TestEntry testId="1d40a0f5-4676-478d-cfa8-a02dbb5c1cf9" executionId="79f4abe6-f458-444c-ae12-8934481863af" testListId="8c84fa94-04c1-424b-9868-57a2d4851a1d" />
    <TestEntry testId="a61bf516-3540-fc3c-ac06-f3f161d82068" executionId="86a3c5ee-d994-4873-93f5-5806ac9b4348" testListId="8c84fa94-04c1-424b-9868-57a2d4851a1d" />
    <TestEntry testId="68eb5bf1-d73e-5e50-a4f9-a30120fe1d21" executionId="da4a9757-25cc-4e12-a4d5-a3743bbf3d63" testListId="8c84fa94-04c1-424b-9868-57a2d4851a1d" />
    <TestEntry testId="c6694ffd-2b5c-e090-7f23-30adef047d9e" executionId="61e57d3a-aeec-45e9-a0ed-03298ea9f792" testListId="8c84fa94-04c1-424b-9868-57a2d4851a1d" />
    <TestEntry testId="154bc7c4-787e-6b69-4e23-1a75b35b476a" executionId="d8ab65ec-9533-4d94-b52f-68942e15e721" testListId="8c84fa94-04c1-424b-9868-57a2d4851a1d" />
    <TestEntry testId="1a3bc356-b0e1-92bb-3db8-7cb5b5de64a7" executionId="d2bf762f-d74a-49e1-b90e-a2af092ac3f3" testListId="8c84fa94-04c1-424b-9868-57a2d4851a1d" />
    <TestEntry testId="9036a8dd-8fa4-9f06-7e87-e871ea828d14" executionId="75a9c2d4-a941-489c-bd3f-2f7f49b8eaa4" testListId="8c84fa94-04c1-424b-9868-57a2d4851a1d" />
    <TestEntry testId="87a15469-ed06-bdc7-9e16-a0bdab1f1704" executionId="ef68125b-2448-46e6-aac6-30e6668e08c5" testListId="8c84fa94-04c1-424b-9868-57a2d4851a1d" />
    <TestEntry testId="882327a1-97bd-3eae-3d5e-a1ef6ad65771" executionId="14ee1668-a821-4d48-abea-a8a273bcf13c" testListId="8c84fa94-04c1-424b-9868-57a2d4851a1d" />
    <TestEntry testId="dddb4ea5-7b1c-5f1e-2faf-a3503d4c3a85" executionId="6e158e41-533e-488b-a1a8-d7b7368bd2c3" testListId="8c84fa94-04c1-424b-9868-57a2d4851a1d" />
    <TestEntry testId="2f5aabf2-a76e-0b17-82ce-8815911c3ada" executionId="77a18ac9-3b34-4bd5-ae2d-99f7999e9adf" testListId="8c84fa94-04c1-424b-9868-57a2d4851a1d" />
    <TestEntry testId="d84ef7a7-ddb0-cf55-6a69-0123d983eaf1" executionId="2ab5af4c-3325-4b83-9b79-cda0ed4a4ab6" testListId="8c84fa94-04c1-424b-9868-57a2d4851a1d" />
    <TestEntry testId="f80a80a4-c2a2-7163-6a6f-69096b574a67" executionId="ec25e685-67a4-43f3-bc14-bf58f2884555" testListId="8c84fa94-04c1-424b-9868-57a2d4851a1d" />
    <TestEntry testId="84c64539-68a3-ba6b-62d8-ff2cfa0652c2" executionId="aa25e708-6a48-4644-8bad-a2fad6d61bb4" testListId="8c84fa94-04c1-424b-9868-57a2d4851a1d" />
    <TestEntry testId="43ade15d-cb16-011f-6356-fc957fcc4f22" executionId="32a0bbb7-b8f1-45dd-bc91-87f721d49bf4" testListId="8c84fa94-04c1-424b-9868-57a2d4851a1d" />
    <TestEntry testId="5233f07f-3a62-dcd8-eece-cdda58ab17ca" executionId="6270d946-c429-42c3-bf60-850a557a8d71" testListId="8c84fa94-04c1-424b-9868-57a2d4851a1d" />
    <TestEntry testId="60b174d4-a710-062d-d425-8722771aa5e8" executionId="68bafad6-ea6d-45a3-951b-7392350db6c9" testListId="8c84fa94-04c1-424b-9868-57a2d4851a1d" />
    <TestEntry testId="6c88fe7c-351d-9f36-0f8d-7c2a5ed203d7" executionId="68afa45a-092b-4452-8fb3-189d42aa034f" testListId="8c84fa94-04c1-424b-9868-57a2d4851a1d" />
  </TestEntries>
  <TestLists>
    <TestList name="Výsledky neuvedené v seznamu" id="8c84fa94-04c1-424b-9868-57a2d4851a1d" />
    <TestList name="Všechny načtené výsledky" id="19431567-8539-422a-85d7-44ee4e166bda" />
  </TestLists>
  <ResultSummary outcome="Completed">
    <Counters total="31" executed="31" passed="31" failed="0" error="0" timeout="0" aborted="0" inconclusive="0" passedButRunAborted="0" notRunnable="0" notExecuted="0" disconnected="0" warning="0" completed="0" inProgress="0" pending="0" />
    <Output>
      <StdOut>[xUnit.net 00:00:00.00] xUnit.net VSTest Adapter v3.1.4+50e68bbb8b (64-bit .NET 10.0.11)&#xD;
[xUnit.net 00:00:00.28]   Discovering: CanDoItAll.Tests.Integration&#xD;
[xUnit.net 00:00:00.49]   Discovered:  CanDoItAll.Tests.Integration&#xD;
[xUnit.net 00:00:00.53]   Starting:    CanDoItAll.Tests.Integration&#xD;
[xUnit.net 00:02:00.53]   Finished:    CanDoItAll.Tests.Integration&#xD;
</StdOut>
    </Output>
  </ResultSummary>
</TestRun>